MPLINK 5.00, LINKER
Linker Map File - Created Sun Mar 03 21:15:42 2024

                                 Section Info
                  Section       Type    Address   Location Size(Bytes)
                ---------  ---------  ---------  ---------  ---------
               _entry_scn       code   0x000000    program   0x000006
           .code___init.o       code   0x000006    program   0x000002
              high_vector       code   0x000008    program   0x000006
        .idata_stdout.o_i    romdata   0x00000e    program   0x000002
               low_vector       code   0x000018    program   0x000006
                   .cinit    romdata   0x00001e    program   0x00001a
             .code_main.o       code   0x000038    program   0x00a038
         .code_vfprintf.o       code   0x00a070    program   0x000c22
         .code_ECANPoll.o       code   0x00ac92    program   0x00081e
             .stringtable    romdata   0x00b4b0    program   0x0002e7
      .romdata_fxd3232u.o    romdata   0x00b797    program   0x000000
       .idata_fxm3232.o_i    romdata   0x00b797    program   0x000000
       .romdata_fxm3232.o    romdata   0x00b797    program   0x000000
        .idata___init.o_i    romdata   0x00b797    program   0x000000
        .romdata___init.o    romdata   0x00b797    program   0x000000
         .idata_errno.o_i    romdata   0x00b797    program   0x000000
         .romdata_errno.o    romdata   0x00b797    program   0x000000
        .idata_printf.o_i    romdata   0x00b797    program   0x000000
        .romdata_printf.o    romdata   0x00b797    program   0x000000
          .romdata_putc.o    romdata   0x00b797    program   0x000000
          .idata_putc.o_i    romdata   0x00b797    program   0x000000
       .idata_sprintf.o_i    romdata   0x00b797    program   0x000000
       .romdata_sprintf.o    romdata   0x00b797    program   0x000000
        .romdata_stdout.o    romdata   0x00b797    program   0x000000
      .idata_vfprintf.o_i    romdata   0x00b797    program   0x000000
         .idata_c018i.o_i    romdata   0x00b797    program   0x000000
         .romdata_c018i.o    romdata   0x00b797    program   0x000000
      .idata_ECANPoll.o_i    romdata   0x00b797    program   0x000000
      .romdata_ECANPoll.o    romdata   0x00b797    program   0x000000
          .romdata_main.o    romdata   0x00b797    program   0x000000
      .idata_fxd3232u.o_i    romdata   0x00b797    program   0x000000
      .romdata_fxd1616u.o    romdata   0x00b797    program   0x000000
      .idata_fxd1616u.o_i    romdata   0x00b797    program   0x000000
            .code_c018i.o       code   0x00b798    program   0x000000
            .code_errno.o       code   0x00b798    program   0x000000
           .code_stdout.o       code   0x00b798    program   0x000000
                     PROG       code   0x00b798    program   0x00014a
                   STRING       code   0x00b8e2    program   0x0000bc
          .code_sprintf.o       code   0x00b99e    program   0x0000ac
               _cinit_scn       code   0x00ba4a    program   0x00009e
           .code_printf.o       code   0x00bae8    program   0x000098
             .code_putc.o       code   0x00bb80    program   0x000084
          .code_fxm3232.o       code   0x00bc04    program   0x000070
         .code_fxd3232u.o       code   0x00bc74    program   0x000048
         .code_fxd1616u.o       code   0x00bcbc    program   0x00002c
                    CTYPE       code   0x00bce8    program   0x000024
                    .code       code   0x00bd0c    program   0x000020
             _startup_scn       code   0x00bd2c    program   0x00001c
                    STDIO       code   0x00bd48    program   0x00001c
      .romdata_vfprintf.o    romdata   0x00bd64    program   0x000011
          .idata_main.o_i    romdata   0x00bd75    program   0x000014
    .config_300001_main.o    romdata   0x300001    program   0x000001
    .config_300002_main.o    romdata   0x300002    program   0x000001
    .config_300003_main.o    romdata   0x300003    program   0x000001
    .config_300005_main.o    romdata   0x300005    program   0x000001
    .config_300006_main.o    romdata   0x300006    program   0x000001
                MATH_DATA      udata   0x000000       data   0x000014
              low_isr_tmp      udata   0x000014       data   0x00000c
                 .tmpdata      udata   0x000020       data   0x000008
             high_isr_tmp      udata   0x000028       data   0x000003
            .idata_main.o      idata   0x000060       data   0x000014
          .idata_stdout.o      idata   0x000074       data   0x000002
        .udata_ECANPoll.o      udata   0x000076       data   0x000001
          .udata_printf.o      udata   0x000077       data   0x000000
           .idata_errno.o      idata   0x000077       data   0x000000
          .idata___init.o      idata   0x000077       data   0x000000
          .udata___init.o      udata   0x000077       data   0x000000
         .idata_fxm3232.o      idata   0x000077       data   0x000000
         .udata_fxm3232.o      udata   0x000077       data   0x000000
        .idata_fxd3232u.o      idata   0x000077       data   0x000000
        .udata_fxd3232u.o      udata   0x000077       data   0x000000
        .idata_fxd1616u.o      idata   0x000077       data   0x000000
        .udata_fxd1616u.o      udata   0x000077       data   0x000000
          .idata_printf.o      idata   0x000077       data   0x000000
         .udata_sprintf.o      udata   0x000077       data   0x000000
         .idata_sprintf.o      idata   0x000077       data   0x000000
          .udata_stdout.o      udata   0x000077       data   0x000000
        .udata_vfprintf.o      udata   0x000077       data   0x000000
        .idata_vfprintf.o      idata   0x000077       data   0x000000
            .udata_putc.o      udata   0x000077       data   0x000000
            .idata_putc.o      idata   0x000077       data   0x000000
        .idata_ECANPoll.o      idata   0x000077       data   0x000000
           .idata_c018i.o      idata   0x000077       data   0x000000
                   .stack      udata   0x000100       data   0x000100
            .udata_main.o      udata   0x000200       data   0x0000f4
           .udata_c018i.o      udata   0x0002f4       data   0x00000a
           .udata_errno.o      udata   0x0002fe       data   0x000002
                    USART      udata   0x000300       data   0x00007f
                 PROTOCOL      udata   0x000400       data   0x0008dc
              SFR_BANKED0      udata   0x000d60       data   0x00000c
              SFR_BANKED1      udata   0x000d70       data   0x00000c
              SFR_BANKED2      udata   0x000d80       data   0x00000c
              SFR_BANKED3      udata   0x000d90       data   0x000004
              SFR_BANKED4      udata   0x000dd4       data   0x000002
              SFR_BANKED5      udata   0x000dd8       data   0x000001
              SFR_BANKED6      udata   0x000de0       data   0x000008
              SFR_BANKED7      udata   0x000df0       data   0x000004
              SFR_BANKED8      udata   0x000df8       data   0x000001
              SFR_BANKED9      udata   0x000dfa       data   0x000001
             SFR_BANKED10      udata   0x000dfc       data   0x000001
             SFR_BANKED11      udata   0x000e20       data   0x000060
             SFR_BANKED12      udata   0x000f00       data   0x000060
            SFR_UNBANKED0      udata   0x000f60       data   0x000018
            SFR_UNBANKED1      udata   0x000f80       data   0x000080



                              Program Memory Usage 
                               Start         End      
                           ---------   ---------      
                            0x000000    0x00000f      
                            0x000018    0x00b796      
                            0x00b798    0x00bd88      
                            0x300001    0x300003      
                            0x300005    0x300006      
            48517 out of 50200 program addresses used, program memory utilization is 96%



                              Symbols - Sorted by Name
                     Name    Address   Location    Storage File                     
                ---------  ---------  ---------  --------- ---------                
             CANsendDelay   0x00795e    program     extern C:\Users\caven\Documents\TRAIN ELECTRIQUE\RESEAU_BARRAUX\DEVELOPPEMENT_BOARD_CAN\RAIL_DRIVER_V1.2\RAIL_DRIVER_FW_V1.2\main.c
          CalibMinMaxKnob   0x0000a6    program     extern C:\Users\caven\Documents\TRAIN ELECTRIQUE\RESEAU_BARRAUX\DEVELOPPEMENT_BOARD_CAN\RAIL_DRIVER_V1.2\RAIL_DRIVER_FW_V1.2\main.c
                   D1616S   0x00b7ba    program     static E:\3.46\pic18-lt\cxx-framework\src\traditional\math\fxd1616s.asm
                D1616SNEG   0x00b7c8    program     static E:\3.46\pic18-lt\cxx-framework\src\traditional\math\fxd1616s.asm
                 D1616SOK   0x00b7c4    program     static E:\3.46\pic18-lt\cxx-framework\src\traditional\math\fxd1616s.asm
                  D1616SX   0x00b7da    program     static E:\3.46\pic18-lt\cxx-framework\src\traditional\math\fxd1616s.asm
                   D3232S   0x00b814    program     static E:\3.46\pic18-lt\cxx-framework\src\traditional\math\fxd3232s.asm
                D3232SNEG   0x00b822    program     static E:\3.46\pic18-lt\cxx-framework\src\traditional\math\fxd3232s.asm
                 D3232SOK   0x00b81e    program     static E:\3.46\pic18-lt\cxx-framework\src\traditional\math\fxd3232s.asm
                  D3232SX   0x00b842    program     static E:\3.46\pic18-lt\cxx-framework\src\traditional\math\fxd3232s.asm
                  DA1616S   0x00b7aa    program     static E:\3.46\pic18-lt\cxx-framework\src\traditional\math\fxd1616s.asm
                  DA3232S   0x00b7fe    program     static E:\3.46\pic18-lt\cxx-framework\src\traditional\math\fxd3232s.asm
           ECANInitialize   0x00ac92    program     extern C:\Users\caven\Documents\TRAIN ELECTRIQUE\RESEAU_BARRAUX\DEVELOPPEMENT_BOARD_CAN\RAIL_DRIVER_V1.2\RAIL_DRIVER_FW_V1.2\ECANPoll.c
       ECANReceiveMessage   0x00aeea    program     extern C:\Users\caven\Documents\TRAIN ELECTRIQUE\RESEAU_BARRAUX\DEVELOPPEMENT_BOARD_CAN\RAIL_DRIVER_V1.2\RAIL_DRIVER_FW_V1.2\ECANPoll.c
          ECANSendMessage   0x00ace0    program     extern C:\Users\caven\Documents\TRAIN ELECTRIQUE\RESEAU_BARRAUX\DEVELOPPEMENT_BOARD_CAN\RAIL_DRIVER_V1.2\RAIL_DRIVER_FW_V1.2\ECANPoll.c
     ECANSetOperationMode   0x00b0f4    program     extern C:\Users\caven\Documents\TRAIN ELECTRIQUE\RESEAU_BARRAUX\DEVELOPPEMENT_BOARD_CAN\RAIL_DRIVER_V1.2\RAIL_DRIVER_FW_V1.2\ECANPoll.c
                 FXD1616S   0x00b798    program     extern E:\3.46\pic18-lt\cxx-framework\src\traditional\math\fxd1616s.asm
                 FXD1616U   0x00bcbc    program     extern E:\3.46\pic18-lt\cxx-framework\src\traditional\math\fxd1616u.c
                 FXD3232S   0x00b7e4    program     extern E:\3.46\pic18-lt\cxx-framework\src\traditional\math\fxd3232s.asm
                 FXD3232U   0x00bc74    program     extern E:\3.46\pic18-lt\cxx-framework\src\traditional\math\fxd3232u.c
                 FXM1616S   0x00b84c    program     extern E:\3.46\pic18-lt\cxx-framework\src\traditional\math\fxm1616s.asm
                 FXM1616U   0x00b8a6    program     extern E:\3.46\pic18-lt\cxx-framework\src\traditional\math\fxm1616u.asm
                  FXM3232   0x00bc04    program     extern E:\3.46\pic18-lt\cxx-framework\src\traditional\math\fxm3232.c
       PIC18FMainSettings   0x009a10    program     extern C:\Users\caven\Documents\TRAIN ELECTRIQUE\RESEAU_BARRAUX\DEVELOPPEMENT_BOARD_CAN\RAIL_DRIVER_V1.2\RAIL_DRIVER_FW_V1.2\main.c
               ReadEEPROM   0x000038    program     extern C:\Users\caven\Documents\TRAIN ELECTRIQUE\RESEAU_BARRAUX\DEVELOPPEMENT_BOARD_CAN\RAIL_DRIVER_V1.2\RAIL_DRIVER_FW_V1.2\main.c
         ReadEEPROMConfig   0x0003ea    program     extern C:\Users\caven\Documents\TRAIN ELECTRIQUE\RESEAU_BARRAUX\DEVELOPPEMENT_BOARD_CAN\RAIL_DRIVER_V1.2\RAIL_DRIVER_FW_V1.2\main.c
              ResetEEPROM   0x0002d4    program     extern C:\Users\caven\Documents\TRAIN ELECTRIQUE\RESEAU_BARRAUX\DEVELOPPEMENT_BOARD_CAN\RAIL_DRIVER_V1.2\RAIL_DRIVER_FW_V1.2\main.c
           TM1637_display   0x0085cc    program     extern C:\Users\caven\Documents\TRAIN ELECTRIQUE\RESEAU_BARRAUX\DEVELOPPEMENT_BOARD_CAN\RAIL_DRIVER_V1.2\RAIL_DRIVER_FW_V1.2\main.c
              TM1637_init   0x008444    program     extern C:\Users\caven\Documents\TRAIN ELECTRIQUE\RESEAU_BARRAUX\DEVELOPPEMENT_BOARD_CAN\RAIL_DRIVER_V1.2\RAIL_DRIVER_FW_V1.2\main.c
     TM1637_setBrightness   0x00861a    program     extern C:\Users\caven\Documents\TRAIN ELECTRIQUE\RESEAU_BARRAUX\DEVELOPPEMENT_BOARD_CAN\RAIL_DRIVER_V1.2\RAIL_DRIVER_FW_V1.2\main.c
             TM1637_write   0x008448    program     extern C:\Users\caven\Documents\TRAIN ELECTRIQUE\RESEAU_BARRAUX\DEVELOPPEMENT_BOARD_CAN\RAIL_DRIVER_V1.2\RAIL_DRIVER_FW_V1.2\main.c
               TSIGN1616A   0x00b898    program     static E:\3.46\pic18-lt\cxx-framework\src\traditional\math\fxm1616s.asm
     WriteCompletedEEPROM   0x00075e    program     extern C:\Users\caven\Documents\TRAIN ELECTRIQUE\RESEAU_BARRAUX\DEVELOPPEMENT_BOARD_CAN\RAIL_DRIVER_V1.2\RAIL_DRIVER_FW_V1.2\main.c
              WriteEEPROM   0x000770    program     extern C:\Users\caven\Documents\TRAIN ELECTRIQUE\RESEAU_BARRAUX\DEVELOPPEMENT_BOARD_CAN\RAIL_DRIVER_V1.2\RAIL_DRIVER_FW_V1.2\main.c
           WriteRdyEEPROM   0x00076a    program     extern C:\Users\caven\Documents\TRAIN ELECTRIQUE\RESEAU_BARRAUX\DEVELOPPEMENT_BOARD_CAN\RAIL_DRIVER_V1.2\RAIL_DRIVER_FW_V1.2\main.c
                   _2jEnd   0x00b988    program     static E:\3.46\pic18-lt\cxx-framework\src\traditional\stdclib\slenpgm.asm
              _4jContinue   0x00b92a    program     static E:\3.46\pic18-lt\cxx-framework\src\traditional\stdclib\strncmp.asm
                   _5jEnd   0x00b934    program     static E:\3.46\pic18-lt\cxx-framework\src\traditional\stdclib\strncmp.asm
             _CANIDToRegs   0x00b11e    program     extern C:\Users\caven\Documents\TRAIN ELECTRIQUE\RESEAU_BARRAUX\DEVELOPPEMENT_BOARD_CAN\RAIL_DRIVER_V1.2\RAIL_DRIVER_FW_V1.2\ECANPoll.c
             _RegsToCANID   0x00b2de    program     extern C:\Users\caven\Documents\TRAIN ELECTRIQUE\RESEAU_BARRAUX\DEVELOPPEMENT_BOARD_CAN\RAIL_DRIVER_V1.2\RAIL_DRIVER_FW_V1.2\ECANPoll.c
       ___return_lbl00000   0x00bc72    program     static                          
       ___return_lbl00000   0x00bcba    program     static                          
       ___return_lbl00000   0x00bce6    program     static                          
       ___return_lbl00000   0x000004    program     static                          
       ___return_lbl00001   0x00bd46    program     static                          
       ___return_lbl00002   0x00bae6    program     static                          
       ___return_lbl00797   0x00000c    program     static                          
       ___return_lbl00807   0x00001c    program     static                          
               __config_0   0x300001    program     static C:\Users\caven\Documents\TRAIN ELECTRIQUE\RESEAU_BARRAUX\DEVELOPPEMENT_BOARD_CAN\RAIL_DRIVER_V1.2\RAIL_DRIVER_FW_V1.2\main.c
               __config_1   0x300002    program     static C:\Users\caven\Documents\TRAIN ELECTRIQUE\RESEAU_BARRAUX\DEVELOPPEMENT_BOARD_CAN\RAIL_DRIVER_V1.2\RAIL_DRIVER_FW_V1.2\main.c
               __config_2   0x300003    program     static C:\Users\caven\Documents\TRAIN ELECTRIQUE\RESEAU_BARRAUX\DEVELOPPEMENT_BOARD_CAN\RAIL_DRIVER_V1.2\RAIL_DRIVER_FW_V1.2\main.c
               __config_3   0x300005    program     static C:\Users\caven\Documents\TRAIN ELECTRIQUE\RESEAU_BARRAUX\DEVELOPPEMENT_BOARD_CAN\RAIL_DRIVER_V1.2\RAIL_DRIVER_FW_V1.2\main.c
               __config_4   0x300006    program     static C:\Users\caven\Documents\TRAIN ELECTRIQUE\RESEAU_BARRAUX\DEVELOPPEMENT_BOARD_CAN\RAIL_DRIVER_V1.2\RAIL_DRIVER_FW_V1.2\main.c
                   __init   0x000006    program     extern E:\3.46\pic18-lt\cxx-framework\src\traditional\stdclib\__init.c
                   __pa_0   0x00a9b0    program     static E:\3.46\pic18-lt\cxx-framework\src\traditional\stdclib\vfprintf.c
                   __pa_1   0x00a9b8    program     static E:\3.46\pic18-lt\cxx-framework\src\traditional\stdclib\vfprintf.c
                  __pa_10   0x00aa6c    program     static E:\3.46\pic18-lt\cxx-framework\src\traditional\stdclib\vfprintf.c
                  __pa_11   0x00aa7a    program     static E:\3.46\pic18-lt\cxx-framework\src\traditional\stdclib\vfprintf.c
                  __pa_12   0x00aa90    program     static E:\3.46\pic18-lt\cxx-framework\src\traditional\stdclib\vfprintf.c
                  __pa_13   0x00aaaa    program     static E:\3.46\pic18-lt\cxx-framework\src\traditional\stdclib\vfprintf.c
                  __pa_14   0x00aac2    program     static E:\3.46\pic18-lt\cxx-framework\src\traditional\stdclib\vfprintf.c
                  __pa_15   0x00aad2    program     static E:\3.46\pic18-lt\cxx-framework\src\traditional\stdclib\vfprintf.c
                  __pa_16   0x00aae8    program     static E:\3.46\pic18-lt\cxx-framework\src\traditional\stdclib\vfprintf.c
                  __pa_17   0x00aafa    program     static E:\3.46\pic18-lt\cxx-framework\src\traditional\stdclib\vfprintf.c
                  __pa_18   0x00ab0c    program     static E:\3.46\pic18-lt\cxx-framework\src\traditional\stdclib\vfprintf.c
                  __pa_19   0x00ab16    program     static E:\3.46\pic18-lt\cxx-framework\src\traditional\stdclib\vfprintf.c
                   __pa_2   0x00a9c2    program     static E:\3.46\pic18-lt\cxx-framework\src\traditional\stdclib\vfprintf.c
                  __pa_20   0x00ab26    program     static E:\3.46\pic18-lt\cxx-framework\src\traditional\stdclib\vfprintf.c
                  __pa_21   0x00ab36    program     static E:\3.46\pic18-lt\cxx-framework\src\traditional\stdclib\vfprintf.c
                  __pa_22   0x00ab46    program     static E:\3.46\pic18-lt\cxx-framework\src\traditional\stdclib\vfprintf.c
                  __pa_23   0x00ab52    program     static E:\3.46\pic18-lt\cxx-framework\src\traditional\stdclib\vfprintf.c
                  __pa_24   0x00ab60    program     static E:\3.46\pic18-lt\cxx-framework\src\traditional\stdclib\vfprintf.c
                  __pa_25   0x00ab68    program     static E:\3.46\pic18-lt\cxx-framework\src\traditional\stdclib\vfprintf.c
                  __pa_26   0x00ab72    program     static E:\3.46\pic18-lt\cxx-framework\src\traditional\stdclib\vfprintf.c
                  __pa_27   0x00ab7c    program     static E:\3.46\pic18-lt\cxx-framework\src\traditional\stdclib\vfprintf.c
                  __pa_28   0x00ab84    program     static E:\3.46\pic18-lt\cxx-framework\src\traditional\stdclib\vfprintf.c
                  __pa_29   0x00ab92    program     static E:\3.46\pic18-lt\cxx-framework\src\traditional\stdclib\vfprintf.c
                   __pa_3   0x00a9cc    program     static E:\3.46\pic18-lt\cxx-framework\src\traditional\stdclib\vfprintf.c
                  __pa_30   0x00abae    program     static E:\3.46\pic18-lt\cxx-framework\src\traditional\stdclib\vfprintf.c
                  __pa_31   0x00abc8    program     static E:\3.46\pic18-lt\cxx-framework\src\traditional\stdclib\vfprintf.c
                  __pa_32   0x00abe2    program     static E:\3.46\pic18-lt\cxx-framework\src\traditional\stdclib\vfprintf.c
                  __pa_33   0x00abfa    program     static E:\3.46\pic18-lt\cxx-framework\src\traditional\stdclib\vfprintf.c
                  __pa_34   0x00ac04    program     static E:\3.46\pic18-lt\cxx-framework\src\traditional\stdclib\vfprintf.c
                  __pa_35   0x00ac12    program     static E:\3.46\pic18-lt\cxx-framework\src\traditional\stdclib\vfprintf.c
                  __pa_36   0x00ac1a    program     static E:\3.46\pic18-lt\cxx-framework\src\traditional\stdclib\vfprintf.c
                  __pa_37   0x00ac24    program     static E:\3.46\pic18-lt\cxx-framework\src\traditional\stdclib\vfprintf.c
                  __pa_38   0x00ac34    program     static E:\3.46\pic18-lt\cxx-framework\src\traditional\stdclib\vfprintf.c
                  __pa_39   0x00ac42    program     static E:\3.46\pic18-lt\cxx-framework\src\traditional\stdclib\vfprintf.c
                   __pa_4   0x00a9e4    program     static E:\3.46\pic18-lt\cxx-framework\src\traditional\stdclib\vfprintf.c
                  __pa_40   0x00ac4e    program     static E:\3.46\pic18-lt\cxx-framework\src\traditional\stdclib\vfprintf.c
                  __pa_41   0x00ac5a    program     static E:\3.46\pic18-lt\cxx-framework\src\traditional\stdclib\vfprintf.c
                  __pa_42   0x00ac62    program     static E:\3.46\pic18-lt\cxx-framework\src\traditional\stdclib\vfprintf.c
                  __pa_43   0x00ac6c    program     static E:\3.46\pic18-lt\cxx-framework\src\traditional\stdclib\vfprintf.c
                  __pa_44   0x00ac72    program     static E:\3.46\pic18-lt\cxx-framework\src\traditional\stdclib\vfprintf.c
                  __pa_45   0x00ac7c    program     static E:\3.46\pic18-lt\cxx-framework\src\traditional\stdclib\vfprintf.c
                  __pa_46   0x00ac88    program     static E:\3.46\pic18-lt\cxx-framework\src\traditional\stdclib\vfprintf.c
                   __pa_5   0x00a9f8    program     static E:\3.46\pic18-lt\cxx-framework\src\traditional\stdclib\vfprintf.c
                   __pa_6   0x00aa14    program     static E:\3.46\pic18-lt\cxx-framework\src\traditional\stdclib\vfprintf.c
                   __pa_7   0x00aa1e    program     static E:\3.46\pic18-lt\cxx-framework\src\traditional\stdclib\vfprintf.c
                   __pa_8   0x00aa2a    program     static E:\3.46\pic18-lt\cxx-framework\src\traditional\stdclib\vfprintf.c
                   __pa_9   0x00aa4c    program     static E:\3.46\pic18-lt\cxx-framework\src\traditional\stdclib\vfprintf.c
               __string_0   0x00b784    program     static C:\Users\caven\Documents\TRAIN ELECTRIQUE\RESEAU_BARRAUX\DEVELOPPEMENT_BOARD_CAN\RAIL_DRIVER_V1.2\RAIL_DRIVER_FW_V1.2\main.c
               __string_1   0x00b76c    program     static C:\Users\caven\Documents\TRAIN ELECTRIQUE\RESEAU_BARRAUX\DEVELOPPEMENT_BOARD_CAN\RAIL_DRIVER_V1.2\RAIL_DRIVER_FW_V1.2\main.c
              __string_10   0x00b714    program     static C:\Users\caven\Documents\TRAIN ELECTRIQUE\RESEAU_BARRAUX\DEVELOPPEMENT_BOARD_CAN\RAIL_DRIVER_V1.2\RAIL_DRIVER_FW_V1.2\main.c
              __string_11   0x00b709    program     static C:\Users\caven\Documents\TRAIN ELECTRIQUE\RESEAU_BARRAUX\DEVELOPPEMENT_BOARD_CAN\RAIL_DRIVER_V1.2\RAIL_DRIVER_FW_V1.2\main.c
              __string_12   0x00b704    program     static C:\Users\caven\Documents\TRAIN ELECTRIQUE\RESEAU_BARRAUX\DEVELOPPEMENT_BOARD_CAN\RAIL_DRIVER_V1.2\RAIL_DRIVER_FW_V1.2\main.c
              __string_13   0x00b6fd    program     static C:\Users\caven\Documents\TRAIN ELECTRIQUE\RESEAU_BARRAUX\DEVELOPPEMENT_BOARD_CAN\RAIL_DRIVER_V1.2\RAIL_DRIVER_FW_V1.2\main.c
              __string_14   0x00b6f9    program     static C:\Users\caven\Documents\TRAIN ELECTRIQUE\RESEAU_BARRAUX\DEVELOPPEMENT_BOARD_CAN\RAIL_DRIVER_V1.2\RAIL_DRIVER_FW_V1.2\main.c
              __string_15   0x00b6f3    program     static C:\Users\caven\Documents\TRAIN ELECTRIQUE\RESEAU_BARRAUX\DEVELOPPEMENT_BOARD_CAN\RAIL_DRIVER_V1.2\RAIL_DRIVER_FW_V1.2\main.c
              __string_16   0x00b6ed    program     static C:\Users\caven\Documents\TRAIN ELECTRIQUE\RESEAU_BARRAUX\DEVELOPPEMENT_BOARD_CAN\RAIL_DRIVER_V1.2\RAIL_DRIVER_FW_V1.2\main.c
              __string_17   0x00b6e8    program     static C:\Users\caven\Documents\TRAIN ELECTRIQUE\RESEAU_BARRAUX\DEVELOPPEMENT_BOARD_CAN\RAIL_DRIVER_V1.2\RAIL_DRIVER_FW_V1.2\main.c
              __string_18   0x00b6e4    program     static C:\Users\caven\Documents\TRAIN ELECTRIQUE\RESEAU_BARRAUX\DEVELOPPEMENT_BOARD_CAN\RAIL_DRIVER_V1.2\RAIL_DRIVER_FW_V1.2\main.c
              __string_19   0x00b6e0    program     static C:\Users\caven\Documents\TRAIN ELECTRIQUE\RESEAU_BARRAUX\DEVELOPPEMENT_BOARD_CAN\RAIL_DRIVER_V1.2\RAIL_DRIVER_FW_V1.2\main.c
               __string_2   0x00b75e    program     static C:\Users\caven\Documents\TRAIN ELECTRIQUE\RESEAU_BARRAUX\DEVELOPPEMENT_BOARD_CAN\RAIL_DRIVER_V1.2\RAIL_DRIVER_FW_V1.2\main.c
              __string_20   0x00b6db    program     static C:\Users\caven\Documents\TRAIN ELECTRIQUE\RESEAU_BARRAUX\DEVELOPPEMENT_BOARD_CAN\RAIL_DRIVER_V1.2\RAIL_DRIVER_FW_V1.2\main.c
              __string_21   0x00b6d8    program     static C:\Users\caven\Documents\TRAIN ELECTRIQUE\RESEAU_BARRAUX\DEVELOPPEMENT_BOARD_CAN\RAIL_DRIVER_V1.2\RAIL_DRIVER_FW_V1.2\main.c
              __string_22   0x00b6d4    program     static C:\Users\caven\Documents\TRAIN ELECTRIQUE\RESEAU_BARRAUX\DEVELOPPEMENT_BOARD_CAN\RAIL_DRIVER_V1.2\RAIL_DRIVER_FW_V1.2\main.c
              __string_23   0x00b6d0    program     static C:\Users\caven\Documents\TRAIN ELECTRIQUE\RESEAU_BARRAUX\DEVELOPPEMENT_BOARD_CAN\RAIL_DRIVER_V1.2\RAIL_DRIVER_FW_V1.2\main.c
              __string_24   0x00b6ca    program     static C:\Users\caven\Documents\TRAIN ELECTRIQUE\RESEAU_BARRAUX\DEVELOPPEMENT_BOARD_CAN\RAIL_DRIVER_V1.2\RAIL_DRIVER_FW_V1.2\main.c
              __string_25   0x00b6c3    program     static C:\Users\caven\Documents\TRAIN ELECTRIQUE\RESEAU_BARRAUX\DEVELOPPEMENT_BOARD_CAN\RAIL_DRIVER_V1.2\RAIL_DRIVER_FW_V1.2\main.c
              __string_26   0x00b6bd    program     static C:\Users\caven\Documents\TRAIN ELECTRIQUE\RESEAU_BARRAUX\DEVELOPPEMENT_BOARD_CAN\RAIL_DRIVER_V1.2\RAIL_DRIVER_FW_V1.2\main.c
              __string_27   0x00b6b7    program     static C:\Users\caven\Documents\TRAIN ELECTRIQUE\RESEAU_BARRAUX\DEVELOPPEMENT_BOARD_CAN\RAIL_DRIVER_V1.2\RAIL_DRIVER_FW_V1.2\main.c
              __string_28   0x00b6b1    program     static C:\Users\caven\Documents\TRAIN ELECTRIQUE\RESEAU_BARRAUX\DEVELOPPEMENT_BOARD_CAN\RAIL_DRIVER_V1.2\RAIL_DRIVER_FW_V1.2\main.c
              __string_29   0x00b6ad    program     static C:\Users\caven\Documents\TRAIN ELECTRIQUE\RESEAU_BARRAUX\DEVELOPPEMENT_BOARD_CAN\RAIL_DRIVER_V1.2\RAIL_DRIVER_FW_V1.2\main.c
               __string_3   0x00b759    program     static C:\Users\caven\Documents\TRAIN ELECTRIQUE\RESEAU_BARRAUX\DEVELOPPEMENT_BOARD_CAN\RAIL_DRIVER_V1.2\RAIL_DRIVER_FW_V1.2\main.c
              __string_30   0x00b6a5    program     static C:\Users\caven\Documents\TRAIN ELECTRIQUE\RESEAU_BARRAUX\DEVELOPPEMENT_BOARD_CAN\RAIL_DRIVER_V1.2\RAIL_DRIVER_FW_V1.2\main.c
              __string_31   0x00b69c    program     static C:\Users\caven\Documents\TRAIN ELECTRIQUE\RESEAU_BARRAUX\DEVELOPPEMENT_BOARD_CAN\RAIL_DRIVER_V1.2\RAIL_DRIVER_FW_V1.2\main.c
              __string_32   0x00b698    program     static C:\Users\caven\Documents\TRAIN ELECTRIQUE\RESEAU_BARRAUX\DEVELOPPEMENT_BOARD_CAN\RAIL_DRIVER_V1.2\RAIL_DRIVER_FW_V1.2\main.c
              __string_33   0x00b694    program     static C:\Users\caven\Documents\TRAIN ELECTRIQUE\RESEAU_BARRAUX\DEVELOPPEMENT_BOARD_CAN\RAIL_DRIVER_V1.2\RAIL_DRIVER_FW_V1.2\main.c
              __string_34   0x00b68e    program     static C:\Users\caven\Documents\TRAIN ELECTRIQUE\RESEAU_BARRAUX\DEVELOPPEMENT_BOARD_CAN\RAIL_DRIVER_V1.2\RAIL_DRIVER_FW_V1.2\main.c
              __string_35   0x00b688    program     static C:\Users\caven\Documents\TRAIN ELECTRIQUE\RESEAU_BARRAUX\DEVELOPPEMENT_BOARD_CAN\RAIL_DRIVER_V1.2\RAIL_DRIVER_FW_V1.2\main.c
              __string_36   0x00b682    program     static C:\Users\caven\Documents\TRAIN ELECTRIQUE\RESEAU_BARRAUX\DEVELOPPEMENT_BOARD_CAN\RAIL_DRIVER_V1.2\RAIL_DRIVER_FW_V1.2\main.c
              __string_37   0x00b67d    program     static C:\Users\caven\Documents\TRAIN ELECTRIQUE\RESEAU_BARRAUX\DEVELOPPEMENT_BOARD_CAN\RAIL_DRIVER_V1.2\RAIL_DRIVER_FW_V1.2\main.c
              __string_38   0x00b678    program     static C:\Users\caven\Documents\TRAIN ELECTRIQUE\RESEAU_BARRAUX\DEVELOPPEMENT_BOARD_CAN\RAIL_DRIVER_V1.2\RAIL_DRIVER_FW_V1.2\main.c
              __string_39   0x00b670    program     static C:\Users\caven\Documents\TRAIN ELECTRIQUE\RESEAU_BARRAUX\DEVELOPPEMENT_BOARD_CAN\RAIL_DRIVER_V1.2\RAIL_DRIVER_FW_V1.2\main.c
               __string_4   0x00b74b    program     static C:\Users\caven\Documents\TRAIN ELECTRIQUE\RESEAU_BARRAUX\DEVELOPPEMENT_BOARD_CAN\RAIL_DRIVER_V1.2\RAIL_DRIVER_FW_V1.2\main.c
              __string_40   0x00b668    program     static C:\Users\caven\Documents\TRAIN ELECTRIQUE\RESEAU_BARRAUX\DEVELOPPEMENT_BOARD_CAN\RAIL_DRIVER_V1.2\RAIL_DRIVER_FW_V1.2\main.c
              __string_41   0x00b661    program     static C:\Users\caven\Documents\TRAIN ELECTRIQUE\RESEAU_BARRAUX\DEVELOPPEMENT_BOARD_CAN\RAIL_DRIVER_V1.2\RAIL_DRIVER_FW_V1.2\main.c
              __string_42   0x00b657    program     static C:\Users\caven\Documents\TRAIN ELECTRIQUE\RESEAU_BARRAUX\DEVELOPPEMENT_BOARD_CAN\RAIL_DRIVER_V1.2\RAIL_DRIVER_FW_V1.2\main.c
              __string_43   0x00b653    program     static C:\Users\caven\Documents\TRAIN ELECTRIQUE\RESEAU_BARRAUX\DEVELOPPEMENT_BOARD_CAN\RAIL_DRIVER_V1.2\RAIL_DRIVER_FW_V1.2\main.c
              __string_44   0x00b64f    program     static C:\Users\caven\Documents\TRAIN ELECTRIQUE\RESEAU_BARRAUX\DEVELOPPEMENT_BOARD_CAN\RAIL_DRIVER_V1.2\RAIL_DRIVER_FW_V1.2\main.c
              __string_45   0x00b649    program     static C:\Users\caven\Documents\TRAIN ELECTRIQUE\RESEAU_BARRAUX\DEVELOPPEMENT_BOARD_CAN\RAIL_DRIVER_V1.2\RAIL_DRIVER_FW_V1.2\main.c
              __string_46   0x00b643    program     static C:\Users\caven\Documents\TRAIN ELECTRIQUE\RESEAU_BARRAUX\DEVELOPPEMENT_BOARD_CAN\RAIL_DRIVER_V1.2\RAIL_DRIVER_FW_V1.2\main.c
              __string_47   0x00b63d    program     static C:\Users\caven\Documents\TRAIN ELECTRIQUE\RESEAU_BARRAUX\DEVELOPPEMENT_BOARD_CAN\RAIL_DRIVER_V1.2\RAIL_DRIVER_FW_V1.2\main.c
              __string_48   0x00b637    program     static C:\Users\caven\Documents\TRAIN ELECTRIQUE\RESEAU_BARRAUX\DEVELOPPEMENT_BOARD_CAN\RAIL_DRIVER_V1.2\RAIL_DRIVER_FW_V1.2\main.c
              __string_49   0x00b62f    program     static C:\Users\caven\Documents\TRAIN ELECTRIQUE\RESEAU_BARRAUX\DEVELOPPEMENT_BOARD_CAN\RAIL_DRIVER_V1.2\RAIL_DRIVER_FW_V1.2\main.c
               __string_5   0x00b744    program     static C:\Users\caven\Documents\TRAIN ELECTRIQUE\RESEAU_BARRAUX\DEVELOPPEMENT_BOARD_CAN\RAIL_DRIVER_V1.2\RAIL_DRIVER_FW_V1.2\main.c
              __string_50   0x00b62a    program     static C:\Users\caven\Documents\TRAIN ELECTRIQUE\RESEAU_BARRAUX\DEVELOPPEMENT_BOARD_CAN\RAIL_DRIVER_V1.2\RAIL_DRIVER_FW_V1.2\main.c
              __string_51   0x00b621    program     static C:\Users\caven\Documents\TRAIN ELECTRIQUE\RESEAU_BARRAUX\DEVELOPPEMENT_BOARD_CAN\RAIL_DRIVER_V1.2\RAIL_DRIVER_FW_V1.2\main.c
              __string_52   0x00b617    program     static C:\Users\caven\Documents\TRAIN ELECTRIQUE\RESEAU_BARRAUX\DEVELOPPEMENT_BOARD_CAN\RAIL_DRIVER_V1.2\RAIL_DRIVER_FW_V1.2\main.c
              __string_53   0x00b603    program     static C:\Users\caven\Documents\TRAIN ELECTRIQUE\RESEAU_BARRAUX\DEVELOPPEMENT_BOARD_CAN\RAIL_DRIVER_V1.2\RAIL_DRIVER_FW_V1.2\main.c
              __string_54   0x00b5f6    program     static C:\Users\caven\Documents\TRAIN ELECTRIQUE\RESEAU_BARRAUX\DEVELOPPEMENT_BOARD_CAN\RAIL_DRIVER_V1.2\RAIL_DRIVER_FW_V1.2\main.c
              __string_55   0x00b5ef    program     static C:\Users\caven\Documents\TRAIN ELECTRIQUE\RESEAU_BARRAUX\DEVELOPPEMENT_BOARD_CAN\RAIL_DRIVER_V1.2\RAIL_DRIVER_FW_V1.2\main.c
              __string_56   0x00b5dd    program     static C:\Users\caven\Documents\TRAIN ELECTRIQUE\RESEAU_BARRAUX\DEVELOPPEMENT_BOARD_CAN\RAIL_DRIVER_V1.2\RAIL_DRIVER_FW_V1.2\main.c
              __string_57   0x00b5c3    program     static C:\Users\caven\Documents\TRAIN ELECTRIQUE\RESEAU_BARRAUX\DEVELOPPEMENT_BOARD_CAN\RAIL_DRIVER_V1.2\RAIL_DRIVER_FW_V1.2\main.c
              __string_58   0x00b5b1    program     static C:\Users\caven\Documents\TRAIN ELECTRIQUE\RESEAU_BARRAUX\DEVELOPPEMENT_BOARD_CAN\RAIL_DRIVER_V1.2\RAIL_DRIVER_FW_V1.2\main.c
              __string_59   0x00b597    program     static C:\Users\caven\Documents\TRAIN ELECTRIQUE\RESEAU_BARRAUX\DEVELOPPEMENT_BOARD_CAN\RAIL_DRIVER_V1.2\RAIL_DRIVER_FW_V1.2\main.c
               __string_6   0x00b736    program     static C:\Users\caven\Documents\TRAIN ELECTRIQUE\RESEAU_BARRAUX\DEVELOPPEMENT_BOARD_CAN\RAIL_DRIVER_V1.2\RAIL_DRIVER_FW_V1.2\main.c
              __string_60   0x00b585    program     static C:\Users\caven\Documents\TRAIN ELECTRIQUE\RESEAU_BARRAUX\DEVELOPPEMENT_BOARD_CAN\RAIL_DRIVER_V1.2\RAIL_DRIVER_FW_V1.2\main.c
              __string_61   0x00b56b    program     static C:\Users\caven\Documents\TRAIN ELECTRIQUE\RESEAU_BARRAUX\DEVELOPPEMENT_BOARD_CAN\RAIL_DRIVER_V1.2\RAIL_DRIVER_FW_V1.2\main.c
              __string_62   0x00b559    program     static C:\Users\caven\Documents\TRAIN ELECTRIQUE\RESEAU_BARRAUX\DEVELOPPEMENT_BOARD_CAN\RAIL_DRIVER_V1.2\RAIL_DRIVER_FW_V1.2\main.c
              __string_63   0x00b53f    program     static C:\Users\caven\Documents\TRAIN ELECTRIQUE\RESEAU_BARRAUX\DEVELOPPEMENT_BOARD_CAN\RAIL_DRIVER_V1.2\RAIL_DRIVER_FW_V1.2\main.c
              __string_64   0x00b531    program     static C:\Users\caven\Documents\TRAIN ELECTRIQUE\RESEAU_BARRAUX\DEVELOPPEMENT_BOARD_CAN\RAIL_DRIVER_V1.2\RAIL_DRIVER_FW_V1.2\main.c
              __string_65   0x00b523    program     static C:\Users\caven\Documents\TRAIN ELECTRIQUE\RESEAU_BARRAUX\DEVELOPPEMENT_BOARD_CAN\RAIL_DRIVER_V1.2\RAIL_DRIVER_FW_V1.2\main.c
              __string_66   0x00b51a    program     static C:\Users\caven\Documents\TRAIN ELECTRIQUE\RESEAU_BARRAUX\DEVELOPPEMENT_BOARD_CAN\RAIL_DRIVER_V1.2\RAIL_DRIVER_FW_V1.2\main.c
              __string_67   0x00b511    program     static C:\Users\caven\Documents\TRAIN ELECTRIQUE\RESEAU_BARRAUX\DEVELOPPEMENT_BOARD_CAN\RAIL_DRIVER_V1.2\RAIL_DRIVER_FW_V1.2\main.c
              __string_68   0x00b4f7    program     static C:\Users\caven\Documents\TRAIN ELECTRIQUE\RESEAU_BARRAUX\DEVELOPPEMENT_BOARD_CAN\RAIL_DRIVER_V1.2\RAIL_DRIVER_FW_V1.2\main.c
              __string_69   0x00b4dd    program     static C:\Users\caven\Documents\TRAIN ELECTRIQUE\RESEAU_BARRAUX\DEVELOPPEMENT_BOARD_CAN\RAIL_DRIVER_V1.2\RAIL_DRIVER_FW_V1.2\main.c
               __string_7   0x00b728    program     static C:\Users\caven\Documents\TRAIN ELECTRIQUE\RESEAU_BARRAUX\DEVELOPPEMENT_BOARD_CAN\RAIL_DRIVER_V1.2\RAIL_DRIVER_FW_V1.2\main.c
              __string_70   0x00b4ca    program     static C:\Users\caven\Documents\TRAIN ELECTRIQUE\RESEAU_BARRAUX\DEVELOPPEMENT_BOARD_CAN\RAIL_DRIVER_V1.2\RAIL_DRIVER_FW_V1.2\main.c
              __string_71   0x00b4bc    program     static C:\Users\caven\Documents\TRAIN ELECTRIQUE\RESEAU_BARRAUX\DEVELOPPEMENT_BOARD_CAN\RAIL_DRIVER_V1.2\RAIL_DRIVER_FW_V1.2\main.c
              __string_72   0x00b4b9    program     static C:\Users\caven\Documents\TRAIN ELECTRIQUE\RESEAU_BARRAUX\DEVELOPPEMENT_BOARD_CAN\RAIL_DRIVER_V1.2\RAIL_DRIVER_FW_V1.2\main.c
              __string_73   0x00b4b5    program     static C:\Users\caven\Documents\TRAIN ELECTRIQUE\RESEAU_BARRAUX\DEVELOPPEMENT_BOARD_CAN\RAIL_DRIVER_V1.2\RAIL_DRIVER_FW_V1.2\main.c
              __string_74   0x00b4b0    program     static C:\Users\caven\Documents\TRAIN ELECTRIQUE\RESEAU_BARRAUX\DEVELOPPEMENT_BOARD_CAN\RAIL_DRIVER_V1.2\RAIL_DRIVER_FW_V1.2\main.c
               __string_8   0x00b71b    program     static C:\Users\caven\Documents\TRAIN ELECTRIQUE\RESEAU_BARRAUX\DEVELOPPEMENT_BOARD_CAN\RAIL_DRIVER_V1.2\RAIL_DRIVER_FW_V1.2\main.c
               __string_9   0x00b715    program     static C:\Users\caven\Documents\TRAIN ELECTRIQUE\RESEAU_BARRAUX\DEVELOPPEMENT_BOARD_CAN\RAIL_DRIVER_V1.2\RAIL_DRIVER_FW_V1.2\main.c
             __tmplbl_149   0x004ad4    program     static                          
             __tmplbl_150   0x004ad0    program     static                          
             __tmplbl_151   0x004ad4    program     static                          
             __tmplbl_152   0x004ad4    program     static                          
             __tmplbl_153   0x004ad0    program     static                          
             __tmplbl_154   0x004ad4    program     static                          
             __tmplbl_155   0x004ad0    program     static                          
             __tmplbl_156   0x003ac0    program     static                          
             __tmplbl_157   0x004ad0    program     static                          
             __tmplbl_158   0x00498a    program     static                          
             __tmplbl_159   0x00498a    program     static                          
             __tmplbl_161   0x004ad0    program     static                          
             __tmplbl_162   0x00498a    program     static                          
             __tmplbl_163   0x004ad0    program     static                          
             __tmplbl_164   0x00498a    program     static                          
             __tmplbl_165   0x0039ce    program     static                          
             __tmplbl_166   0x004ad0    program     static                          
             __tmplbl_168   0x004ad0    program     static                          
             __tmplbl_169   0x004ad0    program     static                          
             __tmplbl_170   0x004ad0    program     static                          
             __tmplbl_172   0x004ad0    program     static                          
             __tmplbl_174   0x004ad0    program     static                          
             __tmplbl_176   0x004ad0    program     static                          
             __tmplbl_177   0x004ad0    program     static                          
             __tmplbl_178   0x004ad0    program     static                          
             __tmplbl_179   0x004ad0    program     static                          
             __tmplbl_180   0x004ad0    program     static                          
             __tmplbl_181   0x004ad0    program     static                          
             __tmplbl_182   0x004ad0    program     static                          
             __tmplbl_183   0x004ad4    program     static                          
             __tmplbl_184   0x004ad0    program     static                          
             __tmplbl_185   0x004ad0    program     static                          
             __tmplbl_186   0x004ad4    program     static                          
             __tmplbl_187   0x004ad0    program     static                          
             __tmplbl_188   0x004ad0    program     static                          
             __tmplbl_189   0x004ad4    program     static                          
             __tmplbl_190   0x004ad0    program     static                          
             __tmplbl_191   0x004ad0    program     static                          
             __tmplbl_192   0x004068    program     static                          
             __tmplbl_193   0x004ad0    program     static                          
             __tmplbl_194   0x004160    program     static                          
             __tmplbl_196   0x004ad0    program     static                          
             __tmplbl_197   0x004ad0    program     static                          
             __tmplbl_198   0x004ad0    program     static                          
             __tmplbl_199   0x004ad0    program     static                          
             __tmplbl_200   0x004ad0    program     static                          
             __tmplbl_201   0x004674    program     static                          
             __tmplbl_202   0x004706    program     static                          
             __tmplbl_203   0x004ad4    program     static                          
             __tmplbl_204   0x004ad0    program     static                          
             __tmplbl_205   0x004816    program     static                          
             __tmplbl_206   0x0048c4    program     static                          
             __tmplbl_207   0x004972    program     static                          
             __tmplbl_208   0x004ad0    program     static                          
             __tmplbl_209   0x004ad0    program     static                          
             __tmplbl_210   0x004ad4    program     static                          
             __tmplbl_211   0x004ad0    program     static                          
             __tmplbl_212   0x004ad4    program     static                          
             __tmplbl_213   0x004ad0    program     static                          
             __tmplbl_214   0x004dd6    program     static                          
             __tmplbl_215   0x004ad0    program     static                          
             __tmplbl_216   0x004ad0    program     static                          
             __tmplbl_217   0x004ad4    program     static                          
             __tmplbl_218   0x004ad0    program     static                          
             __tmplbl_219   0x004ad0    program     static                          
             __tmplbl_220   0x004ad4    program     static                          
             __tmplbl_221   0x004ad0    program     static                          
             __tmplbl_222   0x004ad0    program     static                          
             __tmplbl_223   0x004ad4    program     static                          
             __tmplbl_224   0x004ad0    program     static                          
             __tmplbl_225   0x004ad0    program     static                          
             __tmplbl_226   0x00498a    program     static                          
             __tmplbl_227   0x004ad0    program     static                          
             __tmplbl_228   0x00498a    program     static                          
             __tmplbl_230   0x004ad0    program     static                          
             __tmplbl_237   0x0076c4    program     static                          
             __tmplbl_238   0x006cdc    program     static                          
             __tmplbl_240   0x0076c4    program     static                          
             __tmplbl_241   0x006cdc    program     static                          
             __tmplbl_243   0x0076c4    program     static                          
             __tmplbl_244   0x006cdc    program     static                          
             __tmplbl_248   0x0076c4    program     static                          
             __tmplbl_249   0x0076c4    program     static                          
             __tmplbl_250   0x0076b6    program     static                          
             __tmplbl_251   0x0076c4    program     static                          
             __tmplbl_252   0x0076b6    program     static                          
             __tmplbl_253   0x0076c4    program     static                          
             __tmplbl_254   0x0076b6    program     static                          
             __tmplbl_255   0x0076c4    program     static                          
             __tmplbl_256   0x0076b6    program     static                          
             __tmplbl_257   0x0076c4    program     static                          
             __tmplbl_258   0x0076b6    program     static                          
             __tmplbl_259   0x0076c4    program     static                          
             __tmplbl_260   0x0076b6    program     static                          
             __tmplbl_262   0x0076c8    program     static                          
             __tmplbl_264   0x0076c4    program     static                          
             __tmplbl_265   0x0076b6    program     static                          
             __tmplbl_266   0x0076c4    program     static                          
             __tmplbl_267   0x0076b6    program     static                          
             __tmplbl_279   0x0076c4    program     static                          
             __tmplbl_280   0x0076b6    program     static                          
             __tmplbl_282   0x006cdc    program     static                          
             __tmplbl_283   0x006cdc    program     static                          
             __tmplbl_284   0x0076c4    program     static                          
             __tmplbl_285   0x0076b6    program     static                          
             __tmplbl_286   0x0076de    program     static                          
             __tmplbl_288   0x0076c4    program     static                          
             __tmplbl_289   0x0076b6    program     static                          
             __tmplbl_290   0x006cdc    program     static                          
             __tmplbl_291   0x0076c4    program     static                          
             __tmplbl_292   0x0076b6    program     static                          
             __tmplbl_293   0x0076c4    program     static                          
             __tmplbl_294   0x0076b6    program     static                          
             __tmplbl_295   0x006cda    program     static                          
             __tmplbl_297   0x0076de    program     static                          
             __tmplbl_298   0x0076de    program     static                          
             __tmplbl_299   0x0076de    program     static                          
             __tmplbl_300   0x0076de    program     static                          
             __tmplbl_301   0x0076c4    program     static                          
             __tmplbl_302   0x0076b6    program     static                          
             __tmplbl_303   0x006cda    program     static                          
             __tmplbl_304   0x006cda    program     static                          
             __tmplbl_306   0x0076c4    program     static                          
             __tmplbl_307   0x0076b6    program     static                          
             __tmplbl_308   0x006cda    program     static                          
             __tmplbl_309   0x006cda    program     static                          
             __tmplbl_310   0x0076c4    program     static                          
             __tmplbl_311   0x0076b6    program     static                          
             __tmplbl_315   0x0076c4    program     static                          
             __tmplbl_316   0x0076b6    program     static                          
             __tmplbl_324   0x0076c4    program     static                          
             __tmplbl_325   0x0076b6    program     static                          
             __tmplbl_326   0x0076de    program     static                          
             __tmplbl_328   0x0076c4    program     static                          
             __tmplbl_329   0x0076b6    program     static                          
             __tmplbl_330   0x0076de    program     static                          
             __tmplbl_331   0x0076c4    program     static                          
             __tmplbl_332   0x0076b6    program     static                          
             __tmplbl_364   0x0096fa    program     static                          
             __tmplbl_372   0x0096f6    program     static                          
              __tmplbl_42   0x00ab46    program     static                          
              __tmplbl_43   0x00a98e    program     static                          
              __tmplbl_44   0x00a974    program     static                          
              __tmplbl_85   0x00a0c6    program     static                          
            __zero_memory   0x00bd0c    program     extern E:\3.46\pic18-lt\cxx-framework\src\traditional\proc\p18f4585.asm
                _do_cinit   0x00ba4a    program     extern E:\3.46\pic18-lt\cxx-framework\src\traditional\startup\c018i.c
                   _entry   0x000000    program     extern E:\3.46\pic18-lt\cxx-framework\src\traditional\startup\c018i.c
                   _false   0x00bcb6    program     static                          
                 _startup   0x00bd2c    program     extern E:\3.46\pic18-lt\cxx-framework\src\traditional\startup\c018i.c
              _usart_putc   0x00bd48    program     extern E:\3.46\pic18-lt\cxx-framework\src\pmc_common\USART\_usartpc.asm
               _user_putc   0x00799e    program     extern C:\Users\caven\Documents\TRAIN ELECTRIQUE\RESEAU_BARRAUX\DEVELOPPEMENT_BOARD_CAN\RAIL_DRIVER_V1.2\RAIL_DRIVER_FW_V1.2\main.c
         assignAutomation   0x0051ae    program     extern C:\Users\caven\Documents\TRAIN ELECTRIQUE\RESEAU_BARRAUX\DEVELOPPEMENT_BOARD_CAN\RAIL_DRIVER_V1.2\RAIL_DRIVER_FW_V1.2\main.c
              boardStatus   0x0007f8    program     extern C:\Users\caven\Documents\TRAIN ELECTRIQUE\RESEAU_BARRAUX\DEVELOPPEMENT_BOARD_CAN\RAIL_DRIVER_V1.2\RAIL_DRIVER_FW_V1.2\main.c
              calibration   0x009a6a    program     extern C:\Users\caven\Documents\TRAIN ELECTRIQUE\RESEAU_BARRAUX\DEVELOPPEMENT_BOARD_CAN\RAIL_DRIVER_V1.2\RAIL_DRIVER_FW_V1.2\main.c
                compare_l   0x00bd22    program     static E:\3.46\pic18-lt\cxx-framework\src\traditional\proc\p18f4585.asm
       compressAutomation   0x000d0e    program     extern C:\Users\caven\Documents\TRAIN ELECTRIQUE\RESEAU_BARRAUX\DEVELOPPEMENT_BOARD_CAN\RAIL_DRIVER_V1.2\RAIL_DRIVER_FW_V1.2\main.c
             compressData   0x004f26    program     extern C:\Users\caven\Documents\TRAIN ELECTRIQUE\RESEAU_BARRAUX\DEVELOPPEMENT_BOARD_CAN\RAIL_DRIVER_V1.2\RAIL_DRIVER_FW_V1.2\main.c
                copy_loop   0x00babc    program     static                          
            copy_one_byte   0x00bac2    program     static                          
                     done   0x00bae6    program     static                          
             done_copying   0x00bad0    program     static                          
                  endloop   0x00bce2    program     static                          
                 flushOut   0x007956    program     extern C:\Users\caven\Documents\TRAIN ELECTRIQUE\RESEAU_BARRAUX\DEVELOPPEMENT_BOARD_CAN\RAIL_DRIVER_V1.2\RAIL_DRIVER_FW_V1.2\main.c
         getEventFromKNOB   0x009e10    program     extern C:\Users\caven\Documents\TRAIN ELECTRIQUE\RESEAU_BARRAUX\DEVELOPPEMENT_BOARD_CAN\RAIL_DRIVER_V1.2\RAIL_DRIVER_FW_V1.2\main.c
  getEventRequestFromGPIO   0x009c12    program     extern C:\Users\caven\Documents\TRAIN ELECTRIQUE\RESEAU_BARRAUX\DEVELOPPEMENT_BOARD_CAN\RAIL_DRIVER_V1.2\RAIL_DRIVER_FW_V1.2\main.c
 getEventRequestFromTIMER   0x009d40    program     extern C:\Users\caven\Documents\TRAIN ELECTRIQUE\RESEAU_BARRAUX\DEVELOPPEMENT_BOARD_CAN\RAIL_DRIVER_V1.2\RAIL_DRIVER_FW_V1.2\main.c
 getEventRequestFromTrack   0x009b0c    program     extern C:\Users\caven\Documents\TRAIN ELECTRIQUE\RESEAU_BARRAUX\DEVELOPPEMENT_BOARD_CAN\RAIL_DRIVER_V1.2\RAIL_DRIVER_FW_V1.2\main.c
                 getIdent   0x0018bc    program     extern C:\Users\caven\Documents\TRAIN ELECTRIQUE\RESEAU_BARRAUX\DEVELOPPEMENT_BOARD_CAN\RAIL_DRIVER_V1.2\RAIL_DRIVER_FW_V1.2\main.c
   getInputRequestFromCAN   0x007eba    program     extern C:\Users\caven\Documents\TRAIN ELECTRIQUE\RESEAU_BARRAUX\DEVELOPPEMENT_BOARD_CAN\RAIL_DRIVER_V1.2\RAIL_DRIVER_FW_V1.2\main.c
 getInputRequestFromUSART   0x007768    program     extern C:\Users\caven\Documents\TRAIN ELECTRIQUE\RESEAU_BARRAUX\DEVELOPPEMENT_BOARD_CAN\RAIL_DRIVER_V1.2\RAIL_DRIVER_FW_V1.2\main.c
                 getToken   0x001512    program     extern C:\Users\caven\Documents\TRAIN ELECTRIQUE\RESEAU_BARRAUX\DEVELOPPEMENT_BOARD_CAN\RAIL_DRIVER_V1.2\RAIL_DRIVER_FW_V1.2\main.c
                 getValue   0x0016f0    program     extern C:\Users\caven\Documents\TRAIN ELECTRIQUE\RESEAU_BARRAUX\DEVELOPPEMENT_BOARD_CAN\RAIL_DRIVER_V1.2\RAIL_DRIVER_FW_V1.2\main.c
                 high_isr   0x008778    program     extern C:\Users\caven\Documents\TRAIN ELECTRIQUE\RESEAU_BARRAUX\DEVELOPPEMENT_BOARD_CAN\RAIL_DRIVER_V1.2\RAIL_DRIVER_FW_V1.2\main.c
                     init   0x009a34    program     extern C:\Users\caven\Documents\TRAIN ELECTRIQUE\RESEAU_BARRAUX\DEVELOPPEMENT_BOARD_CAN\RAIL_DRIVER_V1.2\RAIL_DRIVER_FW_V1.2\main.c
              initRequest   0x0050c4    program     extern C:\Users\caven\Documents\TRAIN ELECTRIQUE\RESEAU_BARRAUX\DEVELOPPEMENT_BOARD_CAN\RAIL_DRIVER_V1.2\RAIL_DRIVER_FW_V1.2\main.c
               initSignal   0x00976c    program     extern C:\Users\caven\Documents\TRAIN ELECTRIQUE\RESEAU_BARRAUX\DEVELOPPEMENT_BOARD_CAN\RAIL_DRIVER_V1.2\RAIL_DRIVER_FW_V1.2\main.c
                initUSART   0x0076f6    program     extern C:\Users\caven\Documents\TRAIN ELECTRIQUE\RESEAU_BARRAUX\DEVELOPPEMENT_BOARD_CAN\RAIL_DRIVER_V1.2\RAIL_DRIVER_FW_V1.2\main.c
 interrupt_at_high_vector   0x000008    program     extern C:\Users\caven\Documents\TRAIN ELECTRIQUE\RESEAU_BARRAUX\DEVELOPPEMENT_BOARD_CAN\RAIL_DRIVER_V1.2\RAIL_DRIVER_FW_V1.2\main.c
                 isAdigit   0x00119a    program     extern C:\Users\caven\Documents\TRAIN ELECTRIQUE\RESEAU_BARRAUX\DEVELOPPEMENT_BOARD_CAN\RAIL_DRIVER_V1.2\RAIL_DRIVER_FW_V1.2\main.c
             isAhexaDigit   0x0011c8    program     extern C:\Users\caven\Documents\TRAIN ELECTRIQUE\RESEAU_BARRAUX\DEVELOPPEMENT_BOARD_CAN\RAIL_DRIVER_V1.2\RAIL_DRIVER_FW_V1.2\main.c
                  isdigit   0x00bce8    program     extern E:\3.46\pic18-lt\cxx-framework\src\traditional\stdclib\isdigit.asm
                     jEnd   0x00b8fc    program     static E:\3.46\pic18-lt\cxx-framework\src\traditional\stdclib\strlen.asm
                     jEnd   0x00b98a    program     static E:\3.46\pic18-lt\cxx-framework\src\traditional\stdclib\slenpgm.asm
                     jEnd   0x00b93e    program     static E:\3.46\pic18-lt\cxx-framework\src\traditional\stdclib\strncmp.asm
                    jLoop   0x00b8f2    program     static E:\3.46\pic18-lt\cxx-framework\src\traditional\stdclib\strlen.asm
                    jLoop   0x00b972    program     static E:\3.46\pic18-lt\cxx-framework\src\traditional\stdclib\slenpgm.asm
                    jLoop   0x00b91e    program     static E:\3.46\pic18-lt\cxx-framework\src\traditional\stdclib\strncmp.asm
                   jMatch   0x00bd08    program     static E:\3.46\pic18-lt\cxx-framework\src\traditional\stdclib\isdigit.asm
                 jNoMatch   0x00bd0a    program     static E:\3.46\pic18-lt\cxx-framework\src\traditional\stdclib\isdigit.asm
                     loop   0x00bcc6    program     static                          
                     loop   0x00bd58    program     static E:\3.46\pic18-lt\cxx-framework\src\pmc_common\USART\_usartpc.asm
                     loop   0x00bc82    program     static                          
                     loop   0x00bd3c    program     static                          
                   loop_h   0x00bd1a    program     static E:\3.46\pic18-lt\cxx-framework\src\traditional\proc\p18f4585.asm
                   loop_l   0x00bd24    program     static E:\3.46\pic18-lt\cxx-framework\src\traditional\proc\p18f4585.asm
            low_interrupt   0x000018    program     extern C:\Users\caven\Documents\TRAIN ELECTRIQUE\RESEAU_BARRAUX\DEVELOPPEMENT_BOARD_CAN\RAIL_DRIVER_V1.2\RAIL_DRIVER_FW_V1.2\main.c
                  low_isr   0x0088bc    program     extern C:\Users\caven\Documents\TRAIN ELECTRIQUE\RESEAU_BARRAUX\DEVELOPPEMENT_BOARD_CAN\RAIL_DRIVER_V1.2\RAIL_DRIVER_FW_V1.2\main.c
                     main   0x009eae    program     extern C:\Users\caven\Documents\TRAIN ELECTRIQUE\RESEAU_BARRAUX\DEVELOPPEMENT_BOARD_CAN\RAIL_DRIVER_V1.2\RAIL_DRIVER_FW_V1.2\main.c
            manageRequest   0x0052e6    program     extern C:\Users\caven\Documents\TRAIN ELECTRIQUE\RESEAU_BARRAUX\DEVELOPPEMENT_BOARD_CAN\RAIL_DRIVER_V1.2\RAIL_DRIVER_FW_V1.2\main.c
             memAvailable   0x0007f4    program     extern C:\Users\caven\Documents\TRAIN ELECTRIQUE\RESEAU_BARRAUX\DEVELOPPEMENT_BOARD_CAN\RAIL_DRIVER_V1.2\RAIL_DRIVER_FW_V1.2\main.c
                   parser   0x001a2c    program     extern C:\Users\caven\Documents\TRAIN ELECTRIQUE\RESEAU_BARRAUX\DEVELOPPEMENT_BOARD_CAN\RAIL_DRIVER_V1.2\RAIL_DRIVER_FW_V1.2\main.c
                   printf   0x00bae8    program     extern E:\3.46\pic18-lt\cxx-framework\src\traditional\stdclib\printf.c
                   prompt   0x007898    program     extern C:\Users\caven\Documents\TRAIN ELECTRIQUE\RESEAU_BARRAUX\DEVELOPPEMENT_BOARD_CAN\RAIL_DRIVER_V1.2\RAIL_DRIVER_FW_V1.2\main.c
                     putc   0x00bb80    program     extern E:\3.46\pic18-lt\cxx-framework\src\traditional\stdclib\putc.c
                 s_digits   0x00bd64    program     static E:\3.46\pic18-lt\cxx-framework\src\traditional\stdclib\vfprintf.c
            s_put_n_chars   0x00a070    program     static E:\3.46\pic18-lt\cxx-framework\src\traditional\stdclib\vfprintf.c
           saveAutomation   0x0050fe    program     extern C:\Users\caven\Documents\TRAIN ELECTRIQUE\RESEAU_BARRAUX\DEVELOPPEMENT_BOARD_CAN\RAIL_DRIVER_V1.2\RAIL_DRIVER_FW_V1.2\main.c
         sendRequestToCAN   0x007c54    program     extern C:\Users\caven\Documents\TRAIN ELECTRIQUE\RESEAU_BARRAUX\DEVELOPPEMENT_BOARD_CAN\RAIL_DRIVER_V1.2\RAIL_DRIVER_FW_V1.2\main.c
                sendUSART   0x007744    program     extern C:\Users\caven\Documents\TRAIN ELECTRIQUE\RESEAU_BARRAUX\DEVELOPPEMENT_BOARD_CAN\RAIL_DRIVER_V1.2\RAIL_DRIVER_FW_V1.2\main.c
          set7segmentPort   0x008330    program     extern C:\Users\caven\Documents\TRAIN ELECTRIQUE\RESEAU_BARRAUX\DEVELOPPEMENT_BOARD_CAN\RAIL_DRIVER_V1.2\RAIL_DRIVER_FW_V1.2\main.c
                   setDcc   0x008190    program     extern C:\Users\caven\Documents\TRAIN ELECTRIQUE\RESEAU_BARRAUX\DEVELOPPEMENT_BOARD_CAN\RAIL_DRIVER_V1.2\RAIL_DRIVER_FW_V1.2\main.c
                  setPort   0x008646    program     extern C:\Users\caven\Documents\TRAIN ELECTRIQUE\RESEAU_BARRAUX\DEVELOPPEMENT_BOARD_CAN\RAIL_DRIVER_V1.2\RAIL_DRIVER_FW_V1.2\main.c
                 setSpeed   0x00526e    program     extern C:\Users\caven\Documents\TRAIN ELECTRIQUE\RESEAU_BARRAUX\DEVELOPPEMENT_BOARD_CAN\RAIL_DRIVER_V1.2\RAIL_DRIVER_FW_V1.2\main.c
                  sprintf   0x00b99e    program     extern E:\3.46\pic18-lt\cxx-framework\src\traditional\stdclib\sprintf.c
                   strlen   0x00b8e2    program     extern E:\3.46\pic18-lt\cxx-framework\src\traditional\stdclib\strlen.asm
                strlenpgm   0x00b954    program     extern E:\3.46\pic18-lt\cxx-framework\src\traditional\stdclib\slenpgm.asm
                  strncmp   0x00b8fe    program     extern E:\3.46\pic18-lt\cxx-framework\src\traditional\stdclib\strncmp.asm
                   strtol   0x001232    program     extern C:\Users\caven\Documents\TRAIN ELECTRIQUE\RESEAU_BARRAUX\DEVELOPPEMENT_BOARD_CAN\RAIL_DRIVER_V1.2\RAIL_DRIVER_FW_V1.2\main.c
                     test   0x00ba64    program     static                          
              toUpperCase   0x0011f6    program     extern C:\Users\caven\Documents\TRAIN ELECTRIQUE\RESEAU_BARRAUX\DEVELOPPEMENT_BOARD_CAN\RAIL_DRIVER_V1.2\RAIL_DRIVER_FW_V1.2\main.c
               traceError   0x001494    program     extern C:\Users\caven\Documents\TRAIN ELECTRIQUE\RESEAU_BARRAUX\DEVELOPPEMENT_BOARD_CAN\RAIL_DRIVER_V1.2\RAIL_DRIVER_FW_V1.2\main.c
              twoWire_ack   0x0083ae    program     extern C:\Users\caven\Documents\TRAIN ELECTRIQUE\RESEAU_BARRAUX\DEVELOPPEMENT_BOARD_CAN\RAIL_DRIVER_V1.2\RAIL_DRIVER_FW_V1.2\main.c
             twoWire_init   0x008364    program     extern C:\Users\caven\Documents\TRAIN ELECTRIQUE\RESEAU_BARRAUX\DEVELOPPEMENT_BOARD_CAN\RAIL_DRIVER_V1.2\RAIL_DRIVER_FW_V1.2\main.c
            twoWire_start   0x008370    program     extern C:\Users\caven\Documents\TRAIN ELECTRIQUE\RESEAU_BARRAUX\DEVELOPPEMENT_BOARD_CAN\RAIL_DRIVER_V1.2\RAIL_DRIVER_FW_V1.2\main.c
             twoWire_stop   0x00838a    program     extern C:\Users\caven\Documents\TRAIN ELECTRIQUE\RESEAU_BARRAUX\DEVELOPPEMENT_BOARD_CAN\RAIL_DRIVER_V1.2\RAIL_DRIVER_FW_V1.2\main.c
            twoWire_write   0x0083c6    program     extern C:\Users\caven\Documents\TRAIN ELECTRIQUE\RESEAU_BARRAUX\DEVELOPPEMENT_BOARD_CAN\RAIL_DRIVER_V1.2\RAIL_DRIVER_FW_V1.2\main.c
     uncompressAutomation   0x000a94    program     extern C:\Users\caven\Documents\TRAIN ELECTRIQUE\RESEAU_BARRAUX\DEVELOPPEMENT_BOARD_CAN\RAIL_DRIVER_V1.2\RAIL_DRIVER_FW_V1.2\main.c
           uncompressData   0x004df0    program     extern C:\Users\caven\Documents\TRAIN ELECTRIQUE\RESEAU_BARRAUX\DEVELOPPEMENT_BOARD_CAN\RAIL_DRIVER_V1.2\RAIL_DRIVER_FW_V1.2\main.c
                 vfprintf   0x00a09c    program     extern E:\3.46\pic18-lt\cxx-framework\src\traditional\stdclib\vfprintf.c
               zero_block   0x00bd1a    program     static E:\3.46\pic18-lt\cxx-framework\src\traditional\proc\p18f4585.asm
                   ADCON0   0x000fc2       data     extern E:\3.46\pic18-lt\cxx-framework\src\traditional\proc\p18f4585.asm
               ADCON0bits   0x000fc2       data     extern E:\3.46\pic18-lt\cxx-framework\src\traditional\proc\p18f4585.asm
                   ADCON1   0x000fc1       data     extern E:\3.46\pic18-lt\cxx-framework\src\traditional\proc\p18f4585.asm
               ADCON1bits   0x000fc1       data     extern E:\3.46\pic18-lt\cxx-framework\src\traditional\proc\p18f4585.asm
                   ADCON2   0x000fc0       data     extern E:\3.46\pic18-lt\cxx-framework\src\traditional\proc\p18f4585.asm
               ADCON2bits   0x000fc0       data     extern E:\3.46\pic18-lt\cxx-framework\src\traditional\proc\p18f4585.asm
                    ADRES   0x000fc3       data     extern E:\3.46\pic18-lt\cxx-framework\src\traditional\proc\p18f4585.asm
                   ADRESH   0x000fc4       data     extern E:\3.46\pic18-lt\cxx-framework\src\traditional\proc\p18f4585.asm
                   ADRESL   0x000fc3       data     extern E:\3.46\pic18-lt\cxx-framework\src\traditional\proc\p18f4585.asm
                    B0CON   0x000e20       data     extern E:\3.46\pic18-lt\cxx-framework\src\traditional\proc\p18f4585.asm
                B0CONbits   0x000e20       data     extern E:\3.46\pic18-lt\cxx-framework\src\traditional\proc\p18f4585.asm
                     B0D0   0x000e26       data     extern E:\3.46\pic18-lt\cxx-framework\src\traditional\proc\p18f4585.asm
                 B0D0bits   0x000e26       data     extern E:\3.46\pic18-lt\cxx-framework\src\traditional\proc\p18f4585.asm
                     B0D1   0x000e27       data     extern E:\3.46\pic18-lt\cxx-framework\src\traditional\proc\p18f4585.asm
                 B0D1bits   0x000e27       data     extern E:\3.46\pic18-lt\cxx-framework\src\traditional\proc\p18f4585.asm
                     B0D2   0x000e28       data     extern E:\3.46\pic18-lt\cxx-framework\src\traditional\proc\p18f4585.asm
                 B0D2bits   0x000e28       data     extern E:\3.46\pic18-lt\cxx-framework\src\traditional\proc\p18f4585.asm
                     B0D3   0x000e29       data     extern E:\3.46\pic18-lt\cxx-framework\src\traditional\proc\p18f4585.asm
                 B0D3bits   0x000e29       data     extern E:\3.46\pic18-lt\cxx-framework\src\traditional\proc\p18f4585.asm
                     B0D4   0x000e2a       data     extern E:\3.46\pic18-lt\cxx-framework\src\traditional\proc\p18f4585.asm
                 B0D4bits   0x000e2a       data     extern E:\3.46\pic18-lt\cxx-framework\src\traditional\proc\p18f4585.asm
                     B0D5   0x000e2b       data     extern E:\3.46\pic18-lt\cxx-framework\src\traditional\proc\p18f4585.asm
                 B0D5bits   0x000e2b       data     extern E:\3.46\pic18-lt\cxx-framework\src\traditional\proc\p18f4585.asm
                     B0D6   0x000e2c       data     extern E:\3.46\pic18-lt\cxx-framework\src\traditional\proc\p18f4585.asm
                 B0D6bits   0x000e2c       data     extern E:\3.46\pic18-lt\cxx-framework\src\traditional\proc\p18f4585.asm
                     B0D7   0x000e2d       data     extern E:\3.46\pic18-lt\cxx-framework\src\traditional\proc\p18f4585.asm
                 B0D7bits   0x000e2d       data     extern E:\3.46\pic18-lt\cxx-framework\src\traditional\proc\p18f4585.asm
                    B0DLC   0x000e25       data     extern E:\3.46\pic18-lt\cxx-framework\src\traditional\proc\p18f4585.asm
                B0DLCbits   0x000e25       data     extern E:\3.46\pic18-lt\cxx-framework\src\traditional\proc\p18f4585.asm
                   B0EIDH   0x000e23       data     extern E:\3.46\pic18-lt\cxx-framework\src\traditional\proc\p18f4585.asm
               B0EIDHbits   0x000e23       data     extern E:\3.46\pic18-lt\cxx-framework\src\traditional\proc\p18f4585.asm
                   B0EIDL   0x000e24       data     extern E:\3.46\pic18-lt\cxx-framework\src\traditional\proc\p18f4585.asm
               B0EIDLbits   0x000e24       data     extern E:\3.46\pic18-lt\cxx-framework\src\traditional\proc\p18f4585.asm
                   B0SIDH   0x000e21       data     extern E:\3.46\pic18-lt\cxx-framework\src\traditional\proc\p18f4585.asm
               B0SIDHbits   0x000e21       data     extern E:\3.46\pic18-lt\cxx-framework\src\traditional\proc\p18f4585.asm
                   B0SIDL   0x000e22       data     extern E:\3.46\pic18-lt\cxx-framework\src\traditional\proc\p18f4585.asm
               B0SIDLbits   0x000e22       data     extern E:\3.46\pic18-lt\cxx-framework\src\traditional\proc\p18f4585.asm
                    B1CON   0x000e30       data     extern E:\3.46\pic18-lt\cxx-framework\src\traditional\proc\p18f4585.asm
                B1CONbits   0x000e30       data     extern E:\3.46\pic18-lt\cxx-framework\src\traditional\proc\p18f4585.asm
                     B1D0   0x000e36       data     extern E:\3.46\pic18-lt\cxx-framework\src\traditional\proc\p18f4585.asm
                 B1D0bits   0x000e36       data     extern E:\3.46\pic18-lt\cxx-framework\src\traditional\proc\p18f4585.asm
                     B1D1   0x000e37       data     extern E:\3.46\pic18-lt\cxx-framework\src\traditional\proc\p18f4585.asm
                 B1D1bits   0x000e37       data     extern E:\3.46\pic18-lt\cxx-framework\src\traditional\proc\p18f4585.asm
                     B1D2   0x000e38       data     extern E:\3.46\pic18-lt\cxx-framework\src\traditional\proc\p18f4585.asm
                 B1D2bits   0x000e38       data     extern E:\3.46\pic18-lt\cxx-framework\src\traditional\proc\p18f4585.asm
                     B1D3   0x000e39       data     extern E:\3.46\pic18-lt\cxx-framework\src\traditional\proc\p18f4585.asm
                 B1D3bits   0x000e39       data     extern E:\3.46\pic18-lt\cxx-framework\src\traditional\proc\p18f4585.asm
                     B1D4   0x000e3a       data     extern E:\3.46\pic18-lt\cxx-framework\src\traditional\proc\p18f4585.asm
                 B1D4bits   0x000e3a       data     extern E:\3.46\pic18-lt\cxx-framework\src\traditional\proc\p18f4585.asm
                     B1D5   0x000e3b       data     extern E:\3.46\pic18-lt\cxx-framework\src\traditional\proc\p18f4585.asm
                 B1D5bits   0x000e3b       data     extern E:\3.46\pic18-lt\cxx-framework\src\traditional\proc\p18f4585.asm
                     B1D6   0x000e3c       data     extern E:\3.46\pic18-lt\cxx-framework\src\traditional\proc\p18f4585.asm
                 B1D6bits   0x000e3c       data     extern E:\3.46\pic18-lt\cxx-framework\src\traditional\proc\p18f4585.asm
                     B1D7   0x000e3d       data     extern E:\3.46\pic18-lt\cxx-framework\src\traditional\proc\p18f4585.asm
                 B1D7bits   0x000e3d       data     extern E:\3.46\pic18-lt\cxx-framework\src\traditional\proc\p18f4585.asm
                    B1DLC   0x000e35       data     extern E:\3.46\pic18-lt\cxx-framework\src\traditional\proc\p18f4585.asm
                B1DLCbits   0x000e35       data     extern E:\3.46\pic18-lt\cxx-framework\src\traditional\proc\p18f4585.asm
                   B1EIDH   0x000e33       data     extern E:\3.46\pic18-lt\cxx-framework\src\traditional\proc\p18f4585.asm
               B1EIDHbits   0x000e33       data     extern E:\3.46\pic18-lt\cxx-framework\src\traditional\proc\p18f4585.asm
                   B1EIDL   0x000e34       data     extern E:\3.46\pic18-lt\cxx-framework\src\traditional\proc\p18f4585.asm
               B1EIDLbits   0x000e34       data     extern E:\3.46\pic18-lt\cxx-framework\src\traditional\proc\p18f4585.asm
                   B1SIDH   0x000e31       data     extern E:\3.46\pic18-lt\cxx-framework\src\traditional\proc\p18f4585.asm
               B1SIDHbits   0x000e31       data     extern E:\3.46\pic18-lt\cxx-framework\src\traditional\proc\p18f4585.asm
                   B1SIDL   0x000e32       data     extern E:\3.46\pic18-lt\cxx-framework\src\traditional\proc\p18f4585.asm
               B1SIDLbits   0x000e32       data     extern E:\3.46\pic18-lt\cxx-framework\src\traditional\proc\p18f4585.asm
                    B2CON   0x000e40       data     extern E:\3.46\pic18-lt\cxx-framework\src\traditional\proc\p18f4585.asm
                B2CONbits   0x000e40       data     extern E:\3.46\pic18-lt\cxx-framework\src\traditional\proc\p18f4585.asm
                     B2D0   0x000e46       data     extern E:\3.46\pic18-lt\cxx-framework\src\traditional\proc\p18f4585.asm
                 B2D0bits   0x000e46       data     extern E:\3.46\pic18-lt\cxx-framework\src\traditional\proc\p18f4585.asm
                     B2D1   0x000e47       data     extern E:\3.46\pic18-lt\cxx-framework\src\traditional\proc\p18f4585.asm
                 B2D1bits   0x000e47       data     extern E:\3.46\pic18-lt\cxx-framework\src\traditional\proc\p18f4585.asm
                     B2D2   0x000e48       data     extern E:\3.46\pic18-lt\cxx-framework\src\traditional\proc\p18f4585.asm
                 B2D2bits   0x000e48       data     extern E:\3.46\pic18-lt\cxx-framework\src\traditional\proc\p18f4585.asm
                     B2D3   0x000e49       data     extern E:\3.46\pic18-lt\cxx-framework\src\traditional\proc\p18f4585.asm
                 B2D3bits   0x000e49       data     extern E:\3.46\pic18-lt\cxx-framework\src\traditional\proc\p18f4585.asm
                     B2D4   0x000e4a       data     extern E:\3.46\pic18-lt\cxx-framework\src\traditional\proc\p18f4585.asm
                 B2D4bits   0x000e4a       data     extern E:\3.46\pic18-lt\cxx-framework\src\traditional\proc\p18f4585.asm
                     B2D5   0x000e4b       data     extern E:\3.46\pic18-lt\cxx-framework\src\traditional\proc\p18f4585.asm
                 B2D5bits   0x000e4b       data     extern E:\3.46\pic18-lt\cxx-framework\src\traditional\proc\p18f4585.asm
                     B2D6   0x000e4c       data     extern E:\3.46\pic18-lt\cxx-framework\src\traditional\proc\p18f4585.asm
                 B2D6bits   0x000e4c       data     extern E:\3.46\pic18-lt\cxx-framework\src\traditional\proc\p18f4585.asm
                     B2D7   0x000e4d       data     extern E:\3.46\pic18-lt\cxx-framework\src\traditional\proc\p18f4585.asm
                 B2D7bits   0x000e4d       data     extern E:\3.46\pic18-lt\cxx-framework\src\traditional\proc\p18f4585.asm
                    B2DLC   0x000e45       data     extern E:\3.46\pic18-lt\cxx-framework\src\traditional\proc\p18f4585.asm
                B2DLCbits   0x000e45       data     extern E:\3.46\pic18-lt\cxx-framework\src\traditional\proc\p18f4585.asm
                   B2EIDH   0x000e43       data     extern E:\3.46\pic18-lt\cxx-framework\src\traditional\proc\p18f4585.asm
               B2EIDHbits   0x000e43       data     extern E:\3.46\pic18-lt\cxx-framework\src\traditional\proc\p18f4585.asm
                   B2EIDL   0x000e44       data     extern E:\3.46\pic18-lt\cxx-framework\src\traditional\proc\p18f4585.asm
               B2EIDLbits   0x000e44       data     extern E:\3.46\pic18-lt\cxx-framework\src\traditional\proc\p18f4585.asm
                   B2SIDH   0x000e41       data     extern E:\3.46\pic18-lt\cxx-framework\src\traditional\proc\p18f4585.asm
               B2SIDHbits   0x000e41       data     extern E:\3.46\pic18-lt\cxx-framework\src\traditional\proc\p18f4585.asm
                   B2SIDL   0x000e42       data     extern E:\3.46\pic18-lt\cxx-framework\src\traditional\proc\p18f4585.asm
               B2SIDLbits   0x000e42       data     extern E:\3.46\pic18-lt\cxx-framework\src\traditional\proc\p18f4585.asm
                    B3CON   0x000e50       data     extern E:\3.46\pic18-lt\cxx-framework\src\traditional\proc\p18f4585.asm
                B3CONbits   0x000e50       data     extern E:\3.46\pic18-lt\cxx-framework\src\traditional\proc\p18f4585.asm
                     B3D0   0x000e56       data     extern E:\3.46\pic18-lt\cxx-framework\src\traditional\proc\p18f4585.asm
                 B3D0bits   0x000e56       data     extern E:\3.46\pic18-lt\cxx-framework\src\traditional\proc\p18f4585.asm
                     B3D1   0x000e57       data     extern E:\3.46\pic18-lt\cxx-framework\src\traditional\proc\p18f4585.asm
                 B3D1bits   0x000e57       data     extern E:\3.46\pic18-lt\cxx-framework\src\traditional\proc\p18f4585.asm
                     B3D2   0x000e58       data     extern E:\3.46\pic18-lt\cxx-framework\src\traditional\proc\p18f4585.asm
                 B3D2bits   0x000e58       data     extern E:\3.46\pic18-lt\cxx-framework\src\traditional\proc\p18f4585.asm
                     B3D3   0x000e59       data     extern E:\3.46\pic18-lt\cxx-framework\src\traditional\proc\p18f4585.asm
                 B3D3bits   0x000e59       data     extern E:\3.46\pic18-lt\cxx-framework\src\traditional\proc\p18f4585.asm
                     B3D4   0x000e5a       data     extern E:\3.46\pic18-lt\cxx-framework\src\traditional\proc\p18f4585.asm
                 B3D4bits   0x000e5a       data     extern E:\3.46\pic18-lt\cxx-framework\src\traditional\proc\p18f4585.asm
                     B3D5   0x000e5b       data     extern E:\3.46\pic18-lt\cxx-framework\src\traditional\proc\p18f4585.asm
                 B3D5bits   0x000e5b       data     extern E:\3.46\pic18-lt\cxx-framework\src\traditional\proc\p18f4585.asm
                     B3D6   0x000e5c       data     extern E:\3.46\pic18-lt\cxx-framework\src\traditional\proc\p18f4585.asm
                 B3D6bits   0x000e5c       data     extern E:\3.46\pic18-lt\cxx-framework\src\traditional\proc\p18f4585.asm
                     B3D7   0x000e5d       data     extern E:\3.46\pic18-lt\cxx-framework\src\traditional\proc\p18f4585.asm
                 B3D7bits   0x000e5d       data     extern E:\3.46\pic18-lt\cxx-framework\src\traditional\proc\p18f4585.asm
                    B3DLC   0x000e55       data     extern E:\3.46\pic18-lt\cxx-framework\src\traditional\proc\p18f4585.asm
                B3DLCbits   0x000e55       data     extern E:\3.46\pic18-lt\cxx-framework\src\traditional\proc\p18f4585.asm
                   B3EIDH   0x000e53       data     extern E:\3.46\pic18-lt\cxx-framework\src\traditional\proc\p18f4585.asm
               B3EIDHbits   0x000e53       data     extern E:\3.46\pic18-lt\cxx-framework\src\traditional\proc\p18f4585.asm
                   B3EIDL   0x000e54       data     extern E:\3.46\pic18-lt\cxx-framework\src\traditional\proc\p18f4585.asm
               B3EIDLbits   0x000e54       data     extern E:\3.46\pic18-lt\cxx-framework\src\traditional\proc\p18f4585.asm
                   B3SIDH   0x000e51       data     extern E:\3.46\pic18-lt\cxx-framework\src\traditional\proc\p18f4585.asm
               B3SIDHbits   0x000e51       data     extern E:\3.46\pic18-lt\cxx-framework\src\traditional\proc\p18f4585.asm
                   B3SIDL   0x000e52       data     extern E:\3.46\pic18-lt\cxx-framework\src\traditional\proc\p18f4585.asm
               B3SIDLbits   0x000e52       data     extern E:\3.46\pic18-lt\cxx-framework\src\traditional\proc\p18f4585.asm
                    B4CON   0x000e60       data     extern E:\3.46\pic18-lt\cxx-framework\src\traditional\proc\p18f4585.asm
                B4CONbits   0x000e60       data     extern E:\3.46\pic18-lt\cxx-framework\src\traditional\proc\p18f4585.asm
                     B4D0   0x000e66       data     extern E:\3.46\pic18-lt\cxx-framework\src\traditional\proc\p18f4585.asm
                 B4D0bits   0x000e66       data     extern E:\3.46\pic18-lt\cxx-framework\src\traditional\proc\p18f4585.asm
                     B4D1   0x000e67       data     extern E:\3.46\pic18-lt\cxx-framework\src\traditional\proc\p18f4585.asm
                 B4D1bits   0x000e67       data     extern E:\3.46\pic18-lt\cxx-framework\src\traditional\proc\p18f4585.asm
                     B4D2   0x000e68       data     extern E:\3.46\pic18-lt\cxx-framework\src\traditional\proc\p18f4585.asm
                 B4D2bits   0x000e68       data     extern E:\3.46\pic18-lt\cxx-framework\src\traditional\proc\p18f4585.asm
                     B4D3   0x000e69       data     extern E:\3.46\pic18-lt\cxx-framework\src\traditional\proc\p18f4585.asm
                 B4D3bits   0x000e69       data     extern E:\3.46\pic18-lt\cxx-framework\src\traditional\proc\p18f4585.asm
                     B4D4   0x000e6a       data     extern E:\3.46\pic18-lt\cxx-framework\src\traditional\proc\p18f4585.asm
                 B4D4bits   0x000e6a       data     extern E:\3.46\pic18-lt\cxx-framework\src\traditional\proc\p18f4585.asm
                     B4D5   0x000e6b       data     extern E:\3.46\pic18-lt\cxx-framework\src\traditional\proc\p18f4585.asm
                 B4D5bits   0x000e6b       data     extern E:\3.46\pic18-lt\cxx-framework\src\traditional\proc\p18f4585.asm
                     B4D6   0x000e6c       data     extern E:\3.46\pic18-lt\cxx-framework\src\traditional\proc\p18f4585.asm
                 B4D6bits   0x000e6c       data     extern E:\3.46\pic18-lt\cxx-framework\src\traditional\proc\p18f4585.asm
                     B4D7   0x000e6d       data     extern E:\3.46\pic18-lt\cxx-framework\src\traditional\proc\p18f4585.asm
                 B4D7bits   0x000e6d       data     extern E:\3.46\pic18-lt\cxx-framework\src\traditional\proc\p18f4585.asm
                    B4DLC   0x000e65       data     extern E:\3.46\pic18-lt\cxx-framework\src\traditional\proc\p18f4585.asm
                B4DLCbits   0x000e65       data     extern E:\3.46\pic18-lt\cxx-framework\src\traditional\proc\p18f4585.asm
                   B4EIDH   0x000e63       data     extern E:\3.46\pic18-lt\cxx-framework\src\traditional\proc\p18f4585.asm
               B4EIDHbits   0x000e63       data     extern E:\3.46\pic18-lt\cxx-framework\src\traditional\proc\p18f4585.asm
                   B4EIDL   0x000e64       data     extern E:\3.46\pic18-lt\cxx-framework\src\traditional\proc\p18f4585.asm
               B4EIDLbits   0x000e64       data     extern E:\3.46\pic18-lt\cxx-framework\src\traditional\proc\p18f4585.asm
[...]
                    TRISD   0x000f95       data     extern E:\3.46\pic18-lt\cxx-framework\src\traditional\proc\p18f4585.asm
                TRISDbits   0x000f95       data     extern E:\3.46\pic18-lt\cxx-framework\src\traditional\proc\p18f4585.asm
                     DDRD   0x000f95       data     extern E:\3.46\pic18-lt\cxx-framework\src\traditional\proc\p18f4585.asm
                 DDRDbits   0x000f95       data     extern E:\3.46\pic18-lt\cxx-framework\src\traditional\proc\p18f4585.asm
                TRISEbits   0x000f96       data     extern E:\3.46\pic18-lt\cxx-framework\src\traditional\proc\p18f4585.asm
                    TRISE   0x000f96       data     extern E:\3.46\pic18-lt\cxx-framework\src\traditional\proc\p18f4585.asm
                     DDRE   0x000f96       data     extern E:\3.46\pic18-lt\cxx-framework\src\traditional\proc\p18f4585.asm
                 DDREbits   0x000f96       data     extern E:\3.46\pic18-lt\cxx-framework\src\traditional\proc\p18f4585.asm
              OSCTUNEbits   0x000f9b       data     extern E:\3.46\pic18-lt\cxx-framework\src\traditional\proc\p18f4585.asm
                  OSCTUNE   0x000f9b       data     extern E:\3.46\pic18-lt\cxx-framework\src\traditional\proc\p18f4585.asm
                 PIE1bits   0x000f9d       data     extern E:\3.46\pic18-lt\cxx-framework\src\traditional\proc\p18f4585.asm
                     PIE1   0x000f9d       data     extern E:\3.46\pic18-lt\cxx-framework\src\traditional\proc\p18f4585.asm
                     PIR1   0x000f9e       data     extern E:\3.46\pic18-lt\cxx-framework\src\traditional\proc\p18f4585.asm
                 PIR1bits   0x000f9e       data     extern E:\3.46\pic18-lt\cxx-framework\src\traditional\proc\p18f4585.asm
                 IPR1bits   0x000f9f       data     extern E:\3.46\pic18-lt\cxx-framework\src\traditional\proc\p18f4585.asm
                     IPR1   0x000f9f       data     extern E:\3.46\pic18-lt\cxx-framework\src\traditional\proc\p18f4585.asm
                 PIE2bits   0x000fa0       data     extern E:\3.46\pic18-lt\cxx-framework\src\traditional\proc\p18f4585.asm
                     PIE2   0x000fa0       data     extern E:\3.46\pic18-lt\cxx-framework\src\traditional\proc\p18f4585.asm
                     PIR2   0x000fa1       data     extern E:\3.46\pic18-lt\cxx-framework\src\traditional\proc\p18f4585.asm
                 PIR2bits   0x000fa1       data     extern E:\3.46\pic18-lt\cxx-framework\src\traditional\proc\p18f4585.asm
                     IPR2   0x000fa2       data     extern E:\3.46\pic18-lt\cxx-framework\src\traditional\proc\p18f4585.asm
                 IPR2bits   0x000fa2       data     extern E:\3.46\pic18-lt\cxx-framework\src\traditional\proc\p18f4585.asm
                 PIE3bits   0x000fa3       data     extern E:\3.46\pic18-lt\cxx-framework\src\traditional\proc\p18f4585.asm
                     PIE3   0x000fa3       data     extern E:\3.46\pic18-lt\cxx-framework\src\traditional\proc\p18f4585.asm
                     PIR3   0x000fa4       data     extern E:\3.46\pic18-lt\cxx-framework\src\traditional\proc\p18f4585.asm
                 PIR3bits   0x000fa4       data     extern E:\3.46\pic18-lt\cxx-framework\src\traditional\proc\p18f4585.asm
                     IPR3   0x000fa5       data     extern E:\3.46\pic18-lt\cxx-framework\src\traditional\proc\p18f4585.asm
                 IPR3bits   0x000fa5       data     extern E:\3.46\pic18-lt\cxx-framework\src\traditional\proc\p18f4585.asm
                   EECON1   0x000fa6       data     extern E:\3.46\pic18-lt\cxx-framework\src\traditional\proc\p18f4585.asm
               EECON1bits   0x000fa6       data     extern E:\3.46\pic18-lt\cxx-framework\src\traditional\proc\p18f4585.asm
                   EECON2   0x000fa7       data     extern E:\3.46\pic18-lt\cxx-framework\src\traditional\proc\p18f4585.asm
                   EEDATA   0x000fa8       data     extern E:\3.46\pic18-lt\cxx-framework\src\traditional\proc\p18f4585.asm
                    EEADR   0x000fa9       data     extern E:\3.46\pic18-lt\cxx-framework\src\traditional\proc\p18f4585.asm
                   EEADRH   0x000faa       data     extern E:\3.46\pic18-lt\cxx-framework\src\traditional\proc\p18f4585.asm
                    RCSTA   0x000fab       data     extern E:\3.46\pic18-lt\cxx-framework\src\traditional\proc\p18f4585.asm
                RCSTAbits   0x000fab       data     extern E:\3.46\pic18-lt\cxx-framework\src\traditional\proc\p18f4585.asm
                    TXSTA   0x000fac       data     extern E:\3.46\pic18-lt\cxx-framework\src\traditional\proc\p18f4585.asm
                TXSTAbits   0x000fac       data     extern E:\3.46\pic18-lt\cxx-framework\src\traditional\proc\p18f4585.asm
                    TXREG   0x000fad       data     extern E:\3.46\pic18-lt\cxx-framework\src\traditional\proc\p18f4585.asm
                    RCREG   0x000fae       data     extern E:\3.46\pic18-lt\cxx-framework\src\traditional\proc\p18f4585.asm
                    SPBRG   0x000faf       data     extern E:\3.46\pic18-lt\cxx-framework\src\traditional\proc\p18f4585.asm
                   SPBRGH   0x000fb0       data     extern E:\3.46\pic18-lt\cxx-framework\src\traditional\proc\p18f4585.asm
                T3CONbits   0x000fb1       data     extern E:\3.46\pic18-lt\cxx-framework\src\traditional\proc\p18f4585.asm
                    T3CON   0x000fb1       data     extern E:\3.46\pic18-lt\cxx-framework\src\traditional\proc\p18f4585.asm
                    TMR3L   0x000fb2       data     extern E:\3.46\pic18-lt\cxx-framework\src\traditional\proc\p18f4585.asm
                    TMR3H   0x000fb3       data     extern E:\3.46\pic18-lt\cxx-framework\src\traditional\proc\p18f4585.asm
                CMCONbits   0x000fb4       data     extern E:\3.46\pic18-lt\cxx-framework\src\traditional\proc\p18f4585.asm
                    CMCON   0x000fb4       data     extern E:\3.46\pic18-lt\cxx-framework\src\traditional\proc\p18f4585.asm
                   CVRCON   0x000fb5       data     extern E:\3.46\pic18-lt\cxx-framework\src\traditional\proc\p18f4585.asm
               CVRCONbits   0x000fb5       data     extern E:\3.46\pic18-lt\cxx-framework\src\traditional\proc\p18f4585.asm
              ECCP1ASbits   0x000fb6       data     extern E:\3.46\pic18-lt\cxx-framework\src\traditional\proc\p18f4585.asm
                  ECCP1AS   0x000fb6       data     extern E:\3.46\pic18-lt\cxx-framework\src\traditional\proc\p18f4585.asm
                 ECCP1DEL   0x000fb7       data     extern E:\3.46\pic18-lt\cxx-framework\src\traditional\proc\p18f4585.asm
             ECCP1DELbits   0x000fb7       data     extern E:\3.46\pic18-lt\cxx-framework\src\traditional\proc\p18f4585.asm
                  BAUDCON   0x000fb8       data     extern E:\3.46\pic18-lt\cxx-framework\src\traditional\proc\p18f4585.asm
              BAUDCONbits   0x000fb8       data     extern E:\3.46\pic18-lt\cxx-framework\src\traditional\proc\p18f4585.asm
                  BAUDCTL   0x000fb8       data     extern E:\3.46\pic18-lt\cxx-framework\src\traditional\proc\p18f4585.asm
              BAUDCTLbits   0x000fb8       data     extern E:\3.46\pic18-lt\cxx-framework\src\traditional\proc\p18f4585.asm
                 ECCP1CON   0x000fba       data     extern E:\3.46\pic18-lt\cxx-framework\src\traditional\proc\p18f4585.asm
             ECCP1CONbits   0x000fba       data     extern E:\3.46\pic18-lt\cxx-framework\src\traditional\proc\p18f4585.asm
                   ECCPR1   0x000fbb       data     extern E:\3.46\pic18-lt\cxx-framework\src\traditional\proc\p18f4585.asm
                  ECCPR1L   0x000fbb       data     extern E:\3.46\pic18-lt\cxx-framework\src\traditional\proc\p18f4585.asm
                  ECCPR1H   0x000fbc       data     extern E:\3.46\pic18-lt\cxx-framework\src\traditional\proc\p18f4585.asm
                  CCP1CON   0x000fbd       data     extern E:\3.46\pic18-lt\cxx-framework\src\traditional\proc\p18f4585.asm
              CCP1CONbits   0x000fbd       data     extern E:\3.46\pic18-lt\cxx-framework\src\traditional\proc\p18f4585.asm
                   CCPR1L   0x000fbe       data     extern E:\3.46\pic18-lt\cxx-framework\src\traditional\proc\p18f4585.asm
                    CCPR1   0x000fbe       data     extern E:\3.46\pic18-lt\cxx-framework\src\traditional\proc\p18f4585.asm
                   CCPR1H   0x000fbf       data     extern E:\3.46\pic18-lt\cxx-framework\src\traditional\proc\p18f4585.asm
               ADCON2bits   0x000fc0       data     extern E:\3.46\pic18-lt\cxx-framework\src\traditional\proc\p18f4585.asm
                   ADCON2   0x000fc0       data     extern E:\3.46\pic18-lt\cxx-framework\src\traditional\proc\p18f4585.asm
               ADCON1bits   0x000fc1       data     extern E:\3.46\pic18-lt\cxx-framework\src\traditional\proc\p18f4585.asm
                   ADCON1   0x000fc1       data     extern E:\3.46\pic18-lt\cxx-framework\src\traditional\proc\p18f4585.asm
               ADCON0bits   0x000fc2       data     extern E:\3.46\pic18-lt\cxx-framework\src\traditional\proc\p18f4585.asm
                   ADCON0   0x000fc2       data     extern E:\3.46\pic18-lt\cxx-framework\src\traditional\proc\p18f4585.asm
                    ADRES   0x000fc3       data     extern E:\3.46\pic18-lt\cxx-framework\src\traditional\proc\p18f4585.asm
                   ADRESL   0x000fc3       data     extern E:\3.46\pic18-lt\cxx-framework\src\traditional\proc\p18f4585.asm
                   ADRESH   0x000fc4       data     extern E:\3.46\pic18-lt\cxx-framework\src\traditional\proc\p18f4585.asm
              SSPCON2bits   0x000fc5       data     extern E:\3.46\pic18-lt\cxx-framework\src\traditional\proc\p18f4585.asm
                  SSPCON2   0x000fc5       data     extern E:\3.46\pic18-lt\cxx-framework\src\traditional\proc\p18f4585.asm
              SSPCON1bits   0x000fc6       data     extern E:\3.46\pic18-lt\cxx-framework\src\traditional\proc\p18f4585.asm
                  SSPCON1   0x000fc6       data     extern E:\3.46\pic18-lt\cxx-framework\src\traditional\proc\p18f4585.asm
                  SSPSTAT   0x000fc7       data     extern E:\3.46\pic18-lt\cxx-framework\src\traditional\proc\p18f4585.asm
              SSPSTATbits   0x000fc7       data     extern E:\3.46\pic18-lt\cxx-framework\src\traditional\proc\p18f4585.asm
                   SSPADD   0x000fc8       data     extern E:\3.46\pic18-lt\cxx-framework\src\traditional\proc\p18f4585.asm
                   SSPBUF   0x000fc9       data     extern E:\3.46\pic18-lt\cxx-framework\src\traditional\proc\p18f4585.asm
                T2CONbits   0x000fca       data     extern E:\3.46\pic18-lt\cxx-framework\src\traditional\proc\p18f4585.asm
                    T2CON   0x000fca       data     extern E:\3.46\pic18-lt\cxx-framework\src\traditional\proc\p18f4585.asm
                      PR2   0x000fcb       data     extern E:\3.46\pic18-lt\cxx-framework\src\traditional\proc\p18f4585.asm
                     TMR2   0x000fcc       data     extern E:\3.46\pic18-lt\cxx-framework\src\traditional\proc\p18f4585.asm
                    T1CON   0x000fcd       data     extern E:\3.46\pic18-lt\cxx-framework\src\traditional\proc\p18f4585.asm
                T1CONbits   0x000fcd       data     extern E:\3.46\pic18-lt\cxx-framework\src\traditional\proc\p18f4585.asm
                    TMR1L   0x000fce       data     extern E:\3.46\pic18-lt\cxx-framework\src\traditional\proc\p18f4585.asm
                    TMR1H   0x000fcf       data     extern E:\3.46\pic18-lt\cxx-framework\src\traditional\proc\p18f4585.asm
                 RCONbits   0x000fd0       data     extern E:\3.46\pic18-lt\cxx-framework\src\traditional\proc\p18f4585.asm
                     RCON   0x000fd0       data     extern E:\3.46\pic18-lt\cxx-framework\src\traditional\proc\p18f4585.asm
                   WDTCON   0x000fd1       data     extern E:\3.46\pic18-lt\cxx-framework\src\traditional\proc\p18f4585.asm
               WDTCONbits   0x000fd1       data     extern E:\3.46\pic18-lt\cxx-framework\src\traditional\proc\p18f4585.asm
                   LVDCON   0x000fd2       data     extern E:\3.46\pic18-lt\cxx-framework\src\traditional\proc\p18f4585.asm
               LVDCONbits   0x000fd2       data     extern E:\3.46\pic18-lt\cxx-framework\src\traditional\proc\p18f4585.asm
                  HLVDCON   0x000fd2       data     extern E:\3.46\pic18-lt\cxx-framework\src\traditional\proc\p18f4585.asm
              HLVDCONbits   0x000fd2       data     extern E:\3.46\pic18-lt\cxx-framework\src\traditional\proc\p18f4585.asm
               OSCCONbits   0x000fd3       data     extern E:\3.46\pic18-lt\cxx-framework\src\traditional\proc\p18f4585.asm
                   OSCCON   0x000fd3       data     extern E:\3.46\pic18-lt\cxx-framework\src\traditional\proc\p18f4585.asm
                    T0CON   0x000fd5       data     extern E:\3.46\pic18-lt\cxx-framework\src\traditional\proc\p18f4585.asm
                T0CONbits   0x000fd5       data     extern E:\3.46\pic18-lt\cxx-framework\src\traditional\proc\p18f4585.asm
                    TMR0L   0x000fd6       data     extern E:\3.46\pic18-lt\cxx-framework\src\traditional\proc\p18f4585.asm
                    TMR0H   0x000fd7       data     extern E:\3.46\pic18-lt\cxx-framework\src\traditional\proc\p18f4585.asm
               STATUSbits   0x000fd8       data     extern E:\3.46\pic18-lt\cxx-framework\src\traditional\proc\p18f4585.asm
                   STATUS   0x000fd8       data     extern E:\3.46\pic18-lt\cxx-framework\src\traditional\proc\p18f4585.asm
                     FSR2   0x000fd9       data     extern E:\3.46\pic18-lt\cxx-framework\src\traditional\proc\p18f4585.asm
                    FSR2L   0x000fd9       data     extern E:\3.46\pic18-lt\cxx-framework\src\traditional\proc\p18f4585.asm
                    FSR2H   0x000fda       data     extern E:\3.46\pic18-lt\cxx-framework\src\traditional\proc\p18f4585.asm
                   PLUSW2   0x000fdb       data     extern E:\3.46\pic18-lt\cxx-framework\src\traditional\proc\p18f4585.asm
                  PREINC2   0x000fdc       data     extern E:\3.46\pic18-lt\cxx-framework\src\traditional\proc\p18f4585.asm
                 POSTDEC2   0x000fdd       data     extern E:\3.46\pic18-lt\cxx-framework\src\traditional\proc\p18f4585.asm
                 POSTINC2   0x000fde       data     extern E:\3.46\pic18-lt\cxx-framework\src\traditional\proc\p18f4585.asm
                    INDF2   0x000fdf       data     extern E:\3.46\pic18-lt\cxx-framework\src\traditional\proc\p18f4585.asm
                      BSR   0x000fe0       data     extern E:\3.46\pic18-lt\cxx-framework\src\traditional\proc\p18f4585.asm
                    FSR1L   0x000fe1       data     extern E:\3.46\pic18-lt\cxx-framework\src\traditional\proc\p18f4585.asm
                     FSR1   0x000fe1       data     extern E:\3.46\pic18-lt\cxx-framework\src\traditional\proc\p18f4585.asm
                    FSR1H   0x000fe2       data     extern E:\3.46\pic18-lt\cxx-framework\src\traditional\proc\p18f4585.asm
                   PLUSW1   0x000fe3       data     extern E:\3.46\pic18-lt\cxx-framework\src\traditional\proc\p18f4585.asm
                  PREINC1   0x000fe4       data     extern E:\3.46\pic18-lt\cxx-framework\src\traditional\proc\p18f4585.asm
                 POSTDEC1   0x000fe5       data     extern E:\3.46\pic18-lt\cxx-framework\src\traditional\proc\p18f4585.asm
                 POSTINC1   0x000fe6       data     extern E:\3.46\pic18-lt\cxx-framework\src\traditional\proc\p18f4585.asm
                    INDF1   0x000fe7       data     extern E:\3.46\pic18-lt\cxx-framework\src\traditional\proc\p18f4585.asm
                     WREG   0x000fe8       data     extern E:\3.46\pic18-lt\cxx-framework\src\traditional\proc\p18f4585.asm
                     FSR0   0x000fe9       data     extern E:\3.46\pic18-lt\cxx-framework\src\traditional\proc\p18f4585.asm
                    FSR0L   0x000fe9       data     extern E:\3.46\pic18-lt\cxx-framework\src\traditional\proc\p18f4585.asm
                    FSR0H   0x000fea       data     extern E:\3.46\pic18-lt\cxx-framework\src\traditional\proc\p18f4585.asm
                   PLUSW0   0x000feb       data     extern E:\3.46\pic18-lt\cxx-framework\src\traditional\proc\p18f4585.asm
                  PREINC0   0x000fec       data     extern E:\3.46\pic18-lt\cxx-framework\src\traditional\proc\p18f4585.asm
                 POSTDEC0   0x000fed       data     extern E:\3.46\pic18-lt\cxx-framework\src\traditional\proc\p18f4585.asm
                 POSTINC0   0x000fee       data     extern E:\3.46\pic18-lt\cxx-framework\src\traditional\proc\p18f4585.asm
                    INDF0   0x000fef       data     extern E:\3.46\pic18-lt\cxx-framework\src\traditional\proc\p18f4585.asm
                  INTCON3   0x000ff0       data     extern E:\3.46\pic18-lt\cxx-framework\src\traditional\proc\p18f4585.asm
              INTCON3bits   0x000ff0       data     extern E:\3.46\pic18-lt\cxx-framework\src\traditional\proc\p18f4585.asm
                  INTCON2   0x000ff1       data     extern E:\3.46\pic18-lt\cxx-framework\src\traditional\proc\p18f4585.asm
              INTCON2bits   0x000ff1       data     extern E:\3.46\pic18-lt\cxx-framework\src\traditional\proc\p18f4585.asm
               INTCONbits   0x000ff2       data     extern E:\3.46\pic18-lt\cxx-framework\src\traditional\proc\p18f4585.asm
                   INTCON   0x000ff2       data     extern E:\3.46\pic18-lt\cxx-framework\src\traditional\proc\p18f4585.asm
                    PRODL   0x000ff3       data     extern E:\3.46\pic18-lt\cxx-framework\src\traditional\proc\p18f4585.asm
                     PROD   0x000ff3       data     extern E:\3.46\pic18-lt\cxx-framework\src\traditional\proc\p18f4585.asm
                    PRODH   0x000ff4       data     extern E:\3.46\pic18-lt\cxx-framework\src\traditional\proc\p18f4585.asm
                   TABLAT   0x000ff5       data     extern E:\3.46\pic18-lt\cxx-framework\src\traditional\proc\p18f4585.asm
                  TBLPTRL   0x000ff6       data     extern E:\3.46\pic18-lt\cxx-framework\src\traditional\proc\p18f4585.asm
                   TBLPTR   0x000ff6       data     extern E:\3.46\pic18-lt\cxx-framework\src\traditional\proc\p18f4585.asm
                  TBLPTRH   0x000ff7       data     extern E:\3.46\pic18-lt\cxx-framework\src\traditional\proc\p18f4585.asm
                  TBLPTRU   0x000ff8       data     extern E:\3.46\pic18-lt\cxx-framework\src\traditional\proc\p18f4585.asm
                      PCL   0x000ff9       data     extern E:\3.46\pic18-lt\cxx-framework\src\traditional\proc\p18f4585.asm
                       PC   0x000ff9       data     extern E:\3.46\pic18-lt\cxx-framework\src\traditional\proc\p18f4585.asm
                   PCLATH   0x000ffa       data     extern E:\3.46\pic18-lt\cxx-framework\src\traditional\proc\p18f4585.asm
                   PCLATU   0x000ffb       data     extern E:\3.46\pic18-lt\cxx-framework\src\traditional\proc\p18f4585.asm
               STKPTRbits   0x000ffc       data     extern E:\3.46\pic18-lt\cxx-framework\src\traditional\proc\p18f4585.asm
                   STKPTR   0x000ffc       data     extern E:\3.46\pic18-lt\cxx-framework\src\traditional\proc\p18f4585.asm
                      TOS   0x000ffd       data     extern E:\3.46\pic18-lt\cxx-framework\src\traditional\proc\p18f4585.asm
                     TOSL   0x000ffd       data     extern E:\3.46\pic18-lt\cxx-framework\src\traditional\proc\p18f4585.asm
                     TOSH   0x000ffe       data     extern E:\3.46\pic18-lt\cxx-framework\src\traditional\proc\p18f4585.asm
                     TOSU   0x000fff       data     extern E:\3.46\pic18-lt\cxx-framework\src\traditional\proc\p18f4585.asm


