MPLINK 5.00, LINKER
Linker Map File - Created Fri Aug 29 08:32:08 2025

                                 Section Info
                  Section       Type    Address   Location Size(Bytes)
                ---------  ---------  ---------  ---------  ---------
               _entry_scn       code   0x000000    program   0x000006
           .code___init.o       code   0x000006    program   0x000002
              high_vector       code   0x000008    program   0x000006
      .romdata_fxd1616u.o    romdata   0x00000e    program   0x000000
      .romdata_fxd3232u.o    romdata   0x00000e    program   0x000000
       .romdata_fxm3232.o    romdata   0x00000e    program   0x000000
        .romdata___init.o    romdata   0x00000e    program   0x000000
         .romdata_errno.o    romdata   0x00000e    program   0x000000
        .idata_stdout.o_i    romdata   0x00000e    program   0x000002
        .romdata_stdout.o    romdata   0x00000e    program   0x000000
      .romdata_ECANPoll.o    romdata   0x00000e    program   0x000000
      .idata_vsprintf.o_i    romdata   0x00000e    program   0x000000
      .romdata_vsprintf.o    romdata   0x00000e    program   0x000000
      .idata_vfprintf.o_i    romdata   0x00000e    program   0x000000
         .romdata_c018i.o    romdata   0x00000e    program   0x000000
          .romdata_putc.o    romdata   0x00000e    program   0x000000
           .code_stdout.o       code   0x000010    program   0x000000
            .code_errno.o       code   0x000010    program   0x000000
         .idata_errno.o_i    romdata   0x000010    program   0x000000
        .idata___init.o_i    romdata   0x000010    program   0x000000
          .idata_putc.o_i    romdata   0x000010    program   0x000000
       .idata_fxm3232.o_i    romdata   0x000010    program   0x000000
      .idata_fxd3232u.o_i    romdata   0x000010    program   0x000000
      .idata_fxd1616u.o_i    romdata   0x000010    program   0x000000
         .idata_c018i.o_i    romdata   0x000010    program   0x000000
            .code_c018i.o       code   0x000010    program   0x000000
      .idata_ECANPoll.o_i    romdata   0x000010    program   0x000000
               low_vector       code   0x000018    program   0x000006
                   .cinit    romdata   0x00001e    program   0x00001a
             .code_main.o       code   0x000038    program   0x00b6a0
         .code_vfprintf.o       code   0x00b6d8    program   0x000c22
         .code_ECANPoll.o       code   0x00c2fa    program   0x0007ee
             .stringtable    romdata   0x00cae8    program   0x00033c
          .romdata_main.o    romdata   0x00ce24    program   0x0002b8
                     PROG       code   0x00d0dc    program   0x00010e
                   STRING       code   0x00d1ea    program   0x0000bc
               _cinit_scn       code   0x00d2a6    program   0x00009e
         .code_vsprintf.o       code   0x00d344    program   0x000088
             .code_putc.o       code   0x00d3cc    program   0x000084
          .code_fxm3232.o       code   0x00d450    program   0x000070
         .code_fxd3232u.o       code   0x00d4c0    program   0x000048
         .code_fxd1616u.o       code   0x00d508    program   0x00002c
                    CTYPE       code   0x00d534    program   0x000024
                    .code       code   0x00d558    program   0x000020
             _startup_scn       code   0x00d578    program   0x00001c
                    STDIO       code   0x00d594    program   0x00001c
      .romdata_vfprintf.o    romdata   0x00d5b0    program   0x000011
          .idata_main.o_i    romdata   0x00d5c1    program   0x00002e
    .config_300001_main.o    romdata   0x300001    program   0x000001
    .config_300002_main.o    romdata   0x300002    program   0x000001
    .config_300003_main.o    romdata   0x300003    program   0x000001
    .config_300005_main.o    romdata   0x300005    program   0x000001
    .config_300006_main.o    romdata   0x300006    program   0x000001
                MATH_DATA      udata   0x000000       data   0x000014
                 .tmpdata      udata   0x000014       data   0x00000c
             high_isr_tmp      udata   0x000020       data   0x000004
            .udata_main.o      udata   0x000060       data   0x00004a
            .idata_main.o      idata   0x0000aa       data   0x00002e
           .udata_c018i.o      udata   0x0000d8       data   0x00000a
           .udata_errno.o      udata   0x0000e2       data   0x000002
          .idata_stdout.o      idata   0x0000e4       data   0x000002
        .udata_ECANPoll.o      udata   0x0000e6       data   0x000001
        .udata_fxd3232u.o      udata   0x0000e7       data   0x000000
        .idata_fxd1616u.o      idata   0x0000e7       data   0x000000
        .udata_fxd1616u.o      udata   0x0000e7       data   0x000000
        .idata_fxd3232u.o      idata   0x0000e7       data   0x000000
         .udata_fxm3232.o      udata   0x0000e7       data   0x000000
         .idata_fxm3232.o      idata   0x0000e7       data   0x000000
          .udata___init.o      udata   0x0000e7       data   0x000000
          .idata___init.o      idata   0x0000e7       data   0x000000
           .idata_errno.o      idata   0x0000e7       data   0x000000
          .udata_stdout.o      udata   0x0000e7       data   0x000000
        .udata_vsprintf.o      udata   0x0000e7       data   0x000000
        .idata_vsprintf.o      idata   0x0000e7       data   0x000000
        .udata_vfprintf.o      udata   0x0000e7       data   0x000000
        .idata_vfprintf.o      idata   0x0000e7       data   0x000000
            .udata_putc.o      udata   0x0000e7       data   0x000000
            .idata_putc.o      idata   0x0000e7       data   0x000000
        .idata_ECANPoll.o      idata   0x0000e7       data   0x000000
           .idata_c018i.o      idata   0x0000e7       data   0x000000
                   .stack      udata   0x000100       data   0x000100
              GLOBAL_DATA      udata   0x0003a0       data   0x000926
              SFR_BANKED0      udata   0x000d60       data   0x00000c
              SFR_BANKED1      udata   0x000d70       data   0x00000c
              SFR_BANKED2      udata   0x000d80       data   0x00000c
              SFR_BANKED3      udata   0x000d90       data   0x000004
              SFR_BANKED4      udata   0x000dd4       data   0x000002
              SFR_BANKED5      udata   0x000dd8       data   0x000001
              SFR_BANKED6      udata   0x000de0       data   0x000008
              SFR_BANKED7      udata   0x000df0       data   0x000004
              SFR_BANKED8      udata   0x000df8       data   0x000001
              SFR_BANKED9      udata   0x000dfa       data   0x000001
             SFR_BANKED10      udata   0x000dfc       data   0x000001
             SFR_BANKED11      udata   0x000e20       data   0x000060
             SFR_BANKED12      udata   0x000f00       data   0x000060
            SFR_UNBANKED0      udata   0x000f60       data   0x000018
            SFR_UNBANKED1      udata   0x000f80       data   0x000080



                              Program Memory Usage 
                               Start         End      
                           ---------   ---------      
                            0x000000    0x00000f      
                            0x000018    0x00d5ee      
                            0x300001    0x300003      
                            0x300005    0x300006      
            54764 out of 66584 program addresses used, program memory utilization is 82%



                              Symbols - Sorted by Name
                     Name    Address   Location    Storage File                     
                ---------  ---------  ---------  --------- ---------                
AUTOMATIONLREADYEXISTS_STRING   0x00d075    program     extern C:\Users\caven\Desktop\RAIL_DRIVER_FW_V1.3.1\main.h
AUTOMATIONSIZELIMIT_STRING   0x00d03a    program     extern C:\Users\caven\Desktop\RAIL_DRIVER_FW_V1.3.1\main.h
 AUTOMATION_NUMBER_STRING   0x00ce77    program     extern C:\Users\caven\Desktop\RAIL_DRIVER_FW_V1.3.1\main.h
        AUTOMATION_STRING   0x00ce65    program     extern C:\Users\caven\Desktop\RAIL_DRIVER_FW_V1.3.1\main.h
BADAUTOMATIONNUMBER_STRING   0x00d090    program     extern C:\Users\caven\Desktop\RAIL_DRIVER_FW_V1.3.1\main.h
     BAD_AUT_IDENT_STRING   0x00cf87    program     extern C:\Users\caven\Desktop\RAIL_DRIVER_FW_V1.3.1\main.h
    BAD_AUT_STATUS_STRING   0x00cf71    program     extern C:\Users\caven\Desktop\RAIL_DRIVER_FW_V1.3.1\main.h
    BAD_BOARD_MODE_STRING   0x00d018    program     extern C:\Users\caven\Desktop\RAIL_DRIVER_FW_V1.3.1\main.h
      BAD_GPIO_DIR_STRING   0x00cfb3    program     extern C:\Users\caven\Desktop\RAIL_DRIVER_FW_V1.3.1\main.h
    BAD_GPIO_LEVEL_STRING   0x00cfc6    program     extern C:\Users\caven\Desktop\RAIL_DRIVER_FW_V1.3.1\main.h
   BAD_GPIO_NUMBER_STRING   0x00cf31    program     extern C:\Users\caven\Desktop\RAIL_DRIVER_FW_V1.3.1\main.h
     BAD_LPO_LEVEL_STRING   0x00cfd5    program     extern C:\Users\caven\Desktop\RAIL_DRIVER_FW_V1.3.1\main.h
    BAD_LPO_NUMBER_STRING   0x00cf62    program     extern C:\Users\caven\Desktop\RAIL_DRIVER_FW_V1.3.1\main.h
        BAD_NUMBER_STRING   0x00cf19    program     extern C:\Users\caven\Desktop\RAIL_DRIVER_FW_V1.3.1\main.h
  BAD_TIMER_NUMBER_STRING   0x00cf41    program     extern C:\Users\caven\Desktop\RAIL_DRIVER_FW_V1.3.1\main.h
   BAD_TIMER_VALUE_STRING   0x00cf52    program     extern C:\Users\caven\Desktop\RAIL_DRIVER_FW_V1.3.1\main.h
     BAD_TRACK_DIR_STRING   0x00cff3    program     extern C:\Users\caven\Desktop\RAIL_DRIVER_FW_V1.3.1\main.h
 BAD_TRACK_INERTIA_STRING   0x00d0a8    program     extern C:\Users\caven\Desktop\RAIL_DRIVER_FW_V1.3.1\main.h
  BAD_TRACK_NUMBER_STRING   0x00d007    program     extern C:\Users\caven\Desktop\RAIL_DRIVER_FW_V1.3.1\main.h
   BAD_TRACK_SPEED_STRING   0x00cfe3    program     extern C:\Users\caven\Desktop\RAIL_DRIVER_FW_V1.3.1\main.h
     BAD_USER_MODE_STRING   0x00d0ba    program     extern C:\Users\caven\Desktop\RAIL_DRIVER_FW_V1.3.1\main.h
      BOARD_NUMBER_STRING   0x00ce4d    program     extern C:\Users\caven\Desktop\RAIL_DRIVER_FW_V1.3.1\main.h
      BOARD_PROMPT_STRING   0x00ced5    program     extern C:\Users\caven\Desktop\RAIL_DRIVER_FW_V1.3.1\main.h
             CAN_SendSync   0x008554    program     extern C:\Users\caven\Desktop\RAIL_DRIVER_FW_V1.3.1\main.c
             CANsendDelay   0x007f20    program     extern C:\Users\caven\Desktop\RAIL_DRIVER_FW_V1.3.1\main.c
          CalibMinMaxKnob   0x00013a    program     extern C:\Users\caven\Desktop\RAIL_DRIVER_FW_V1.3.1\main.c
                   D1616S   0x00d0fe    program     static E:\3.46\pic18-lt\cxx-framework\src\traditional\math\fxd1616s.asm
                D1616SNEG   0x00d10c    program     static E:\3.46\pic18-lt\cxx-framework\src\traditional\math\fxd1616s.asm
                 D1616SOK   0x00d108    program     static E:\3.46\pic18-lt\cxx-framework\src\traditional\math\fxd1616s.asm
                  D1616SX   0x00d11e    program     static E:\3.46\pic18-lt\cxx-framework\src\traditional\math\fxd1616s.asm
                   D3232S   0x00d158    program     static E:\3.46\pic18-lt\cxx-framework\src\traditional\math\fxd3232s.asm
                D3232SNEG   0x00d166    program     static E:\3.46\pic18-lt\cxx-framework\src\traditional\math\fxd3232s.asm
                 D3232SOK   0x00d162    program     static E:\3.46\pic18-lt\cxx-framework\src\traditional\math\fxd3232s.asm
                  D3232SX   0x00d186    program     static E:\3.46\pic18-lt\cxx-framework\src\traditional\math\fxd3232s.asm
                  DA1616S   0x00d0ee    program     static E:\3.46\pic18-lt\cxx-framework\src\traditional\math\fxd1616s.asm
                  DA3232S   0x00d142    program     static E:\3.46\pic18-lt\cxx-framework\src\traditional\math\fxd3232s.asm
              DONE_STRING   0x00ceb3    program     extern C:\Users\caven\Desktop\RAIL_DRIVER_FW_V1.3.1\main.h
           ECANInitialize   0x00c2fa    program     extern C:\Users\caven\Desktop\RAIL_DRIVER_FW_V1.3.1\ECANPoll.c
       ECANReceiveMessage   0x00c544    program     extern C:\Users\caven\Desktop\RAIL_DRIVER_FW_V1.3.1\ECANPoll.c
          ECANSendMessage   0x00c348    program     extern C:\Users\caven\Desktop\RAIL_DRIVER_FW_V1.3.1\ECANPoll.c
     ECANSetOperationMode   0x00c748    program     extern C:\Users\caven\Desktop\RAIL_DRIVER_FW_V1.3.1\ECANPoll.c
                 FXD1616S   0x00d0dc    program     extern E:\3.46\pic18-lt\cxx-framework\src\traditional\math\fxd1616s.asm
                 FXD1616U   0x00d508    program     extern E:\3.46\pic18-lt\cxx-framework\src\traditional\math\fxd1616u.c
                 FXD3232S   0x00d128    program     extern E:\3.46\pic18-lt\cxx-framework\src\traditional\math\fxd3232s.asm
                 FXD3232U   0x00d4c0    program     extern E:\3.46\pic18-lt\cxx-framework\src\traditional\math\fxd3232u.c
                 FXM1616S   0x00d190    program     extern E:\3.46\pic18-lt\cxx-framework\src\traditional\math\fxm1616s.asm
                  FXM3232   0x00d450    program     extern E:\3.46\pic18-lt\cxx-framework\src\traditional\math\fxm3232.c
    IDENT_TOO_LONG_STRING   0x00d061    program     extern C:\Users\caven\Desktop\RAIL_DRIVER_FW_V1.3.1\main.h
INCOMPLETE_REQUEST_STRING   0x00cf06    program     extern C:\Users\caven\Desktop\RAIL_DRIVER_FW_V1.3.1\main.h
           INERTIA_STRING   0x00cee4    program     extern C:\Users\caven\Desktop\RAIL_DRIVER_FW_V1.3.1\main.h
            MEMORY_STRING   0x00ce5c    program     extern C:\Users\caven\Desktop\RAIL_DRIVER_FW_V1.3.1\main.h
     MISSING_IDENT_STRING   0x00cf9b    program     extern C:\Users\caven\Desktop\RAIL_DRIVER_FW_V1.3.1\main.h
     MISSING_SPACE_STRING   0x00d053    program     extern C:\Users\caven\Desktop\RAIL_DRIVER_FW_V1.3.1\main.h
      MODE_MISSING_STRING   0x00cf24    program     extern C:\Users\caven\Desktop\RAIL_DRIVER_FW_V1.3.1\main.h
              MODE_STRING   0x00ce55    program     extern C:\Users\caven\Desktop\RAIL_DRIVER_FW_V1.3.1\main.h
    NUMBER_MISSING_STRING   0x00cef7    program     extern C:\Users\caven\Desktop\RAIL_DRIVER_FW_V1.3.1\main.h
          OFFTRACK_STRING   0x00cecb    program     extern C:\Users\caven\Desktop\RAIL_DRIVER_FW_V1.3.1\main.h
           ONTRACK_STRING   0x00cec2    program     extern C:\Users\caven\Desktop\RAIL_DRIVER_FW_V1.3.1\main.h
       PIC18FMainSettings   0x00aec6    program     extern C:\Users\caven\Desktop\RAIL_DRIVER_FW_V1.3.1\main.c
RAIL_DRIVER_HEADER_STRING   0x00ce24    program     extern C:\Users\caven\Desktop\RAIL_DRIVER_FW_V1.3.1\main.h
             RESET_STRING   0x00ce95    program     extern C:\Users\caven\Desktop\RAIL_DRIVER_FW_V1.3.1\main.h
               RUN_STRING   0x00cea4    program     extern C:\Users\caven\Desktop\RAIL_DRIVER_FW_V1.3.1\main.h
               ReadEEPROM   0x0000c6    program     extern C:\Users\caven\Desktop\RAIL_DRIVER_FW_V1.3.1\main.c
         ReadEEPROMConfig   0x000508    program     extern C:\Users\caven\Desktop\RAIL_DRIVER_FW_V1.3.1\main.c
              ResetEEPROM   0x0003ec    program     extern C:\Users\caven\Desktop\RAIL_DRIVER_FW_V1.3.1\main.c
             SPEED_STRING   0x00cedf    program     extern C:\Users\caven\Desktop\RAIL_DRIVER_FW_V1.3.1\main.h
             START_STRING   0x00ce8e    program     extern C:\Users\caven\Desktop\RAIL_DRIVER_FW_V1.3.1\main.h
              STOP_STRING   0x00ce9c    program     extern C:\Users\caven\Desktop\RAIL_DRIVER_FW_V1.3.1\main.h
              SYNC_STRING   0x00ceab    program     extern C:\Users\caven\Desktop\RAIL_DRIVER_FW_V1.3.1\main.h
           TM1637_display   0x008ebe    program     extern C:\Users\caven\Desktop\RAIL_DRIVER_FW_V1.3.1\main.c
     TM1637_displayString   0x0090fc    program     extern C:\Users\caven\Desktop\RAIL_DRIVER_FW_V1.3.1\main.c
              TM1637_init   0x008d54    program     extern C:\Users\caven\Desktop\RAIL_DRIVER_FW_V1.3.1\main.c
     TM1637_setBrightness   0x009200    program     extern C:\Users\caven\Desktop\RAIL_DRIVER_FW_V1.3.1\main.c
             TM1637_write   0x008d58    program     extern C:\Users\caven\Desktop\RAIL_DRIVER_FW_V1.3.1\main.c
 TM1637_writeStringWindow   0x00900a    program     extern C:\Users\caven\Desktop\RAIL_DRIVER_FW_V1.3.1\main.c
 TRACK_CALIBRATION_STRING   0x00d0d6    program     extern C:\Users\caven\Desktop\RAIL_DRIVER_FW_V1.3.1\main.h
               TSIGN1616A   0x00d1dc    program     static E:\3.46\pic18-lt\cxx-framework\src\traditional\math\fxm1616s.asm
     UNKNOWN_ERROR_STRING   0x00d0c8    program     extern C:\Users\caven\Desktop\RAIL_DRIVER_FW_V1.3.1\main.h
     UNKNOWN_TOKEN_STRING   0x00cee9    program     extern C:\Users\caven\Desktop\RAIL_DRIVER_FW_V1.3.1\main.h
           VERSION_STRING   0x00ce39    program     extern C:\Users\caven\Desktop\RAIL_DRIVER_FW_V1.3.1\main.h
          WATCHDOG_STRING   0x00cebb    program     extern C:\Users\caven\Desktop\RAIL_DRIVER_FW_V1.3.1\main.h
WRONG_BOARD_NUMBER_STRING   0x00d027    program     extern C:\Users\caven\Desktop\RAIL_DRIVER_FW_V1.3.1\main.h
     WriteCompletedEEPROM   0x000900    program     extern C:\Users\caven\Desktop\RAIL_DRIVER_FW_V1.3.1\main.c
              WriteEEPROM   0x000912    program     extern C:\Users\caven\Desktop\RAIL_DRIVER_FW_V1.3.1\main.c
           WriteRdyEEPROM   0x00090c    program     extern C:\Users\caven\Desktop\RAIL_DRIVER_FW_V1.3.1\main.c
                   _2jEnd   0x00d290    program     static E:\3.46\pic18-lt\cxx-framework\src\traditional\stdclib\slenpgm.asm
              _4jContinue   0x00d232    program     static E:\3.46\pic18-lt\cxx-framework\src\traditional\stdclib\strncmp.asm
                   _5jEnd   0x00d23c    program     static E:\3.46\pic18-lt\cxx-framework\src\traditional\stdclib\strncmp.asm
             _CANIDToRegs   0x00c770    program     extern C:\Users\caven\Desktop\RAIL_DRIVER_FW_V1.3.1\ECANPoll.c
             _RegsToCANID   0x00c918    program     extern C:\Users\caven\Desktop\RAIL_DRIVER_FW_V1.3.1\ECANPoll.c
         ___else_lbl01132   0x00b470    program     static                          
         ___else_lbl01147   0x00b516    program     static                          
         ___else_lbl01154   0x00b65a    program     static                          
         ___else_lbl01156   0x00b67c    program     static                          
         ___else_lbl01160   0x00b6b6    program     static                          
          ___for_lbl01137   0x00b50a    program     static                          
          ___for_lbl01138   0x00b50e    program     static                          
          ___for_lbl01140   0x00b4ba    program     static                          
          ___for_lbl01141   0x00b584    program     static                          
          ___for_lbl01142   0x00b588    program     static                          
          ___for_lbl01144   0x00b534    program     static                          
           ___if_lbl01131   0x00b49c    program     static                          
           ___if_lbl01139   0x00b50a    program     static                          
           ___if_lbl01143   0x00b584    program     static                          
           ___if_lbl01145   0x00b58e    program     static                          
           ___if_lbl01146   0x00b58e    program     static                          
           ___if_lbl01148   0x00b5c4    program     static                          
           ___if_lbl01149   0x00b5ce    program     static                          
           ___if_lbl01150   0x00b5d6    program     static                          
           ___if_lbl01151   0x00b5de    program     static                          
           ___if_lbl01152   0x00b5e8    program     static                          
           ___if_lbl01153   0x00b67a    program     static                          
           ___if_lbl01155   0x00b6a8    program     static                          
           ___if_lbl01157   0x00b6a8    program     static                          
           ___if_lbl01158   0x00b6c8    program     static                          
           ___if_lbl01159   0x00b6cc    program     static                          
       ___return_lbl00000   0x00d4be    program     static                          
       ___return_lbl00000   0x00d506    program     static                          
       ___return_lbl00000   0x00d532    program     static                          
       ___return_lbl00000   0x000004    program     static                          
       ___return_lbl00001   0x00d592    program     static                          
       ___return_lbl00002   0x00d342    program     static                          
       ___return_lbl00887   0x00000c    program     static                          
       ___return_lbl00916   0x00001c    program     static                          
       ___return_lbl01130   0x00b6ce    program     static                          
        ___while_lbl01133   0x00b4a0    program     static                          
        ___while_lbl01134   0x00b6ce    program     static                          
        ___while_lbl01135   0x00b4a0    program     static                          
        ___while_lbl01136   0x00b6aa    program     static                          
               __config_0   0x300001    program     static C:\Users\caven\Desktop\RAIL_DRIVER_FW_V1.3.1\main.c
               __config_1   0x300002    program     static C:\Users\caven\Desktop\RAIL_DRIVER_FW_V1.3.1\main.c
               __config_2   0x300003    program     static C:\Users\caven\Desktop\RAIL_DRIVER_FW_V1.3.1\main.c
               __config_3   0x300005    program     static C:\Users\caven\Desktop\RAIL_DRIVER_FW_V1.3.1\main.c
               __config_4   0x300006    program     static C:\Users\caven\Desktop\RAIL_DRIVER_FW_V1.3.1\main.c
                   __init   0x000006    program     extern E:\3.46\pic18-lt\cxx-framework\src\traditional\stdclib\__init.c
                   __pa_0   0x00c018    program     static E:\3.46\pic18-lt\cxx-framework\src\traditional\stdclib\vfprintf.c
                   __pa_1   0x00c020    program     static E:\3.46\pic18-lt\cxx-framework\src\traditional\stdclib\vfprintf.c
                  __pa_10   0x00c0d4    program     static E:\3.46\pic18-lt\cxx-framework\src\traditional\stdclib\vfprintf.c
                  __pa_11   0x00c0e2    program     static E:\3.46\pic18-lt\cxx-framework\src\traditional\stdclib\vfprintf.c
                  __pa_12   0x00c0f8    program     static E:\3.46\pic18-lt\cxx-framework\src\traditional\stdclib\vfprintf.c
                  __pa_13   0x00c112    program     static E:\3.46\pic18-lt\cxx-framework\src\traditional\stdclib\vfprintf.c
                  __pa_14   0x00c12a    program     static E:\3.46\pic18-lt\cxx-framework\src\traditional\stdclib\vfprintf.c
                  __pa_15   0x00c13a    program     static E:\3.46\pic18-lt\cxx-framework\src\traditional\stdclib\vfprintf.c
                  __pa_16   0x00c150    program     static E:\3.46\pic18-lt\cxx-framework\src\traditional\stdclib\vfprintf.c
                  __pa_17   0x00c162    program     static E:\3.46\pic18-lt\cxx-framework\src\traditional\stdclib\vfprintf.c
                  __pa_18   0x00c174    program     static E:\3.46\pic18-lt\cxx-framework\src\traditional\stdclib\vfprintf.c
                  __pa_19   0x00c17e    program     static E:\3.46\pic18-lt\cxx-framework\src\traditional\stdclib\vfprintf.c
                   __pa_2   0x00c02a    program     static E:\3.46\pic18-lt\cxx-framework\src\traditional\stdclib\vfprintf.c
                  __pa_20   0x00c18e    program     static E:\3.46\pic18-lt\cxx-framework\src\traditional\stdclib\vfprintf.c
                  __pa_21   0x00c19e    program     static E:\3.46\pic18-lt\cxx-framework\src\traditional\stdclib\vfprintf.c
                  __pa_22   0x00c1ae    program     static E:\3.46\pic18-lt\cxx-framework\src\traditional\stdclib\vfprintf.c
                  __pa_23   0x00c1ba    program     static E:\3.46\pic18-lt\cxx-framework\src\traditional\stdclib\vfprintf.c
                  __pa_24   0x00c1c8    program     static E:\3.46\pic18-lt\cxx-framework\src\traditional\stdclib\vfprintf.c
                  __pa_25   0x00c1d0    program     static E:\3.46\pic18-lt\cxx-framework\src\traditional\stdclib\vfprintf.c
                  __pa_26   0x00c1da    program     static E:\3.46\pic18-lt\cxx-framework\src\traditional\stdclib\vfprintf.c
                  __pa_27   0x00c1e4    program     static E:\3.46\pic18-lt\cxx-framework\src\traditional\stdclib\vfprintf.c
                  __pa_28   0x00c1ec    program     static E:\3.46\pic18-lt\cxx-framework\src\traditional\stdclib\vfprintf.c
                  __pa_29   0x00c1fa    program     static E:\3.46\pic18-lt\cxx-framework\src\traditional\stdclib\vfprintf.c
                   __pa_3   0x00c034    program     static E:\3.46\pic18-lt\cxx-framework\src\traditional\stdclib\vfprintf.c
                  __pa_30   0x00c216    program     static E:\3.46\pic18-lt\cxx-framework\src\traditional\stdclib\vfprintf.c
                  __pa_31   0x00c230    program     static E:\3.46\pic18-lt\cxx-framework\src\traditional\stdclib\vfprintf.c
                  __pa_32   0x00c24a    program     static E:\3.46\pic18-lt\cxx-framework\src\traditional\stdclib\vfprintf.c
                  __pa_33   0x00c262    program     static E:\3.46\pic18-lt\cxx-framework\src\traditional\stdclib\vfprintf.c
                  __pa_34   0x00c26c    program     static E:\3.46\pic18-lt\cxx-framework\src\traditional\stdclib\vfprintf.c
                  __pa_35   0x00c27a    program     static E:\3.46\pic18-lt\cxx-framework\src\traditional\stdclib\vfprintf.c
                  __pa_36   0x00c282    program     static E:\3.46\pic18-lt\cxx-framework\src\traditional\stdclib\vfprintf.c
                  __pa_37   0x00c28c    program     static E:\3.46\pic18-lt\cxx-framework\src\traditional\stdclib\vfprintf.c
                  __pa_38   0x00c29c    program     static E:\3.46\pic18-lt\cxx-framework\src\traditional\stdclib\vfprintf.c
                  __pa_39   0x00c2aa    program     static E:\3.46\pic18-lt\cxx-framework\src\traditional\stdclib\vfprintf.c
                   __pa_4   0x00c04c    program     static E:\3.46\pic18-lt\cxx-framework\src\traditional\stdclib\vfprintf.c
                  __pa_40   0x00c2b6    program     static E:\3.46\pic18-lt\cxx-framework\src\traditional\stdclib\vfprintf.c
                  __pa_41   0x00c2c2    program     static E:\3.46\pic18-lt\cxx-framework\src\traditional\stdclib\vfprintf.c
                  __pa_42   0x00c2ca    program     static E:\3.46\pic18-lt\cxx-framework\src\traditional\stdclib\vfprintf.c
                  __pa_43   0x00c2d4    program     static E:\3.46\pic18-lt\cxx-framework\src\traditional\stdclib\vfprintf.c
                  __pa_44   0x00c2da    program     static E:\3.46\pic18-lt\cxx-framework\src\traditional\stdclib\vfprintf.c
                  __pa_45   0x00c2e4    program     static E:\3.46\pic18-lt\cxx-framework\src\traditional\stdclib\vfprintf.c
                  __pa_46   0x00c2f0    program     static E:\3.46\pic18-lt\cxx-framework\src\traditional\stdclib\vfprintf.c
                   __pa_5   0x00c060    program     static E:\3.46\pic18-lt\cxx-framework\src\traditional\stdclib\vfprintf.c
                   __pa_6   0x00c07c    program     static E:\3.46\pic18-lt\cxx-framework\src\traditional\stdclib\vfprintf.c
                   __pa_7   0x00c086    program     static E:\3.46\pic18-lt\cxx-framework\src\traditional\stdclib\vfprintf.c
                   __pa_8   0x00c092    program     static E:\3.46\pic18-lt\cxx-framework\src\traditional\stdclib\vfprintf.c
                   __pa_9   0x00c0b4    program     static E:\3.46\pic18-lt\cxx-framework\src\traditional\stdclib\vfprintf.c
             __string_100   0x00ccdd    program     static C:\Users\caven\Desktop\RAIL_DRIVER_FW_V1.3.1\main.c
             __string_101   0x00ccd7    program     static C:\Users\caven\Desktop\RAIL_DRIVER_FW_V1.3.1\main.c
             __string_102   0x00ccd1    program     static C:\Users\caven\Desktop\RAIL_DRIVER_FW_V1.3.1\main.c
             __string_103   0x00cccb    program     static C:\Users\caven\Desktop\RAIL_DRIVER_FW_V1.3.1\main.c
             __string_104   0x00ccc5    program     static C:\Users\caven\Desktop\RAIL_DRIVER_FW_V1.3.1\main.c
             __string_105   0x00ccbd    program     static C:\Users\caven\Desktop\RAIL_DRIVER_FW_V1.3.1\main.c
             __string_106   0x00ccb8    program     static C:\Users\caven\Desktop\RAIL_DRIVER_FW_V1.3.1\main.c
             __string_107   0x00ccb3    program     static C:\Users\caven\Desktop\RAIL_DRIVER_FW_V1.3.1\main.c
             __string_108   0x00cca5    program     static C:\Users\caven\Desktop\RAIL_DRIVER_FW_V1.3.1\main.c
             __string_109   0x00cc96    program     static C:\Users\caven\Desktop\RAIL_DRIVER_FW_V1.3.1\main.c
             __string_110   0x00cc89    program     static C:\Users\caven\Desktop\RAIL_DRIVER_FW_V1.3.1\main.c
             __string_111   0x00cc78    program     static C:\Users\caven\Desktop\RAIL_DRIVER_FW_V1.3.1\main.c
             __string_112   0x00cc67    program     static C:\Users\caven\Desktop\RAIL_DRIVER_FW_V1.3.1\main.c
             __string_113   0x00cc5e    program     static C:\Users\caven\Desktop\RAIL_DRIVER_FW_V1.3.1\main.c
             __string_114   0x00cc54    program     static C:\Users\caven\Desktop\RAIL_DRIVER_FW_V1.3.1\main.c
             __string_115   0x00cc40    program     static C:\Users\caven\Desktop\RAIL_DRIVER_FW_V1.3.1\main.c
             __string_116   0x00cc33    program     static C:\Users\caven\Desktop\RAIL_DRIVER_FW_V1.3.1\main.c
             __string_117   0x00cc2c    program     static C:\Users\caven\Desktop\RAIL_DRIVER_FW_V1.3.1\main.c
             __string_118   0x00cc1a    program     static C:\Users\caven\Desktop\RAIL_DRIVER_FW_V1.3.1\main.c
             __string_119   0x00cc00    program     static C:\Users\caven\Desktop\RAIL_DRIVER_FW_V1.3.1\main.c
             __string_120   0x00cbee    program     static C:\Users\caven\Desktop\RAIL_DRIVER_FW_V1.3.1\main.c
             __string_121   0x00cbd4    program     static C:\Users\caven\Desktop\RAIL_DRIVER_FW_V1.3.1\main.c
             __string_122   0x00cbc2    program     static C:\Users\caven\Desktop\RAIL_DRIVER_FW_V1.3.1\main.c
             __string_123   0x00cba8    program     static C:\Users\caven\Desktop\RAIL_DRIVER_FW_V1.3.1\main.c
             __string_124   0x00cb96    program     static C:\Users\caven\Desktop\RAIL_DRIVER_FW_V1.3.1\main.c
             __string_125   0x00cb7c    program     static C:\Users\caven\Desktop\RAIL_DRIVER_FW_V1.3.1\main.c
             __string_126   0x00cb6e    program     static C:\Users\caven\Desktop\RAIL_DRIVER_FW_V1.3.1\main.c
             __string_127   0x00cb60    program     static C:\Users\caven\Desktop\RAIL_DRIVER_FW_V1.3.1\main.c
             __string_128   0x00cb57    program     static C:\Users\caven\Desktop\RAIL_DRIVER_FW_V1.3.1\main.c
             __string_129   0x00cb4e    program     static C:\Users\caven\Desktop\RAIL_DRIVER_FW_V1.3.1\main.c
             __string_130   0x00cb3e    program     static C:\Users\caven\Desktop\RAIL_DRIVER_FW_V1.3.1\main.c
             __string_131   0x00cb1a    program     static C:\Users\caven\Desktop\RAIL_DRIVER_FW_V1.3.1\main.c
             __string_132   0x00caf6    program     static C:\Users\caven\Desktop\RAIL_DRIVER_FW_V1.3.1\main.c
             __string_133   0x00caf2    program     static C:\Users\caven\Desktop\RAIL_DRIVER_FW_V1.3.1\main.c
             __string_134   0x00caed    program     static C:\Users\caven\Desktop\RAIL_DRIVER_FW_V1.3.1\main.c
             __string_135   0x00cae8    program     static C:\Users\caven\Desktop\RAIL_DRIVER_FW_V1.3.1\main.c
              __string_48   0x00ce1c    program     static C:\Users\caven\Desktop\RAIL_DRIVER_FW_V1.3.1\main.c
              __string_49   0x00ce14    program     static C:\Users\caven\Desktop\RAIL_DRIVER_FW_V1.3.1\main.c
              __string_50   0x00ce11    program     static C:\Users\caven\Desktop\RAIL_DRIVER_FW_V1.3.1\main.c
              __string_51   0x00ce0c    program     static C:\Users\caven\Desktop\RAIL_DRIVER_FW_V1.3.1\main.c
              __string_52   0x00ce06    program     static C:\Users\caven\Desktop\RAIL_DRIVER_FW_V1.3.1\main.c
              __string_53   0x00ce00    program     static C:\Users\caven\Desktop\RAIL_DRIVER_FW_V1.3.1\main.c
              __string_54   0x00cdf9    program     static C:\Users\caven\Desktop\RAIL_DRIVER_FW_V1.3.1\main.c
              __string_55   0x00cdf0    program     static C:\Users\caven\Desktop\RAIL_DRIVER_FW_V1.3.1\main.c
              __string_56   0x00cde4    program     static C:\Users\caven\Desktop\RAIL_DRIVER_FW_V1.3.1\main.c
              __string_57   0x00cde3    program     static C:\Users\caven\Desktop\RAIL_DRIVER_FW_V1.3.1\main.c
              __string_58   0x00cdd7    program     static C:\Users\caven\Desktop\RAIL_DRIVER_FW_V1.3.1\main.c
              __string_59   0x00cdcf    program     static C:\Users\caven\Desktop\RAIL_DRIVER_FW_V1.3.1\main.c
              __string_60   0x00cdc9    program     static C:\Users\caven\Desktop\RAIL_DRIVER_FW_V1.3.1\main.c
              __string_61   0x00cdc6    program     static C:\Users\caven\Desktop\RAIL_DRIVER_FW_V1.3.1\main.c
              __string_62   0x00cdc3    program     static C:\Users\caven\Desktop\RAIL_DRIVER_FW_V1.3.1\main.c
              __string_63   0x00cdb4    program     static C:\Users\caven\Desktop\RAIL_DRIVER_FW_V1.3.1\main.c
              __string_64   0x00cdaf    program     static C:\Users\caven\Desktop\RAIL_DRIVER_FW_V1.3.1\main.c
              __string_65   0x00cda8    program     static C:\Users\caven\Desktop\RAIL_DRIVER_FW_V1.3.1\main.c
              __string_66   0x00cda3    program     static C:\Users\caven\Desktop\RAIL_DRIVER_FW_V1.3.1\main.c
              __string_67   0x00cd9f    program     static C:\Users\caven\Desktop\RAIL_DRIVER_FW_V1.3.1\main.c
              __string_68   0x00cd99    program     static C:\Users\caven\Desktop\RAIL_DRIVER_FW_V1.3.1\main.c
              __string_69   0x00cd93    program     static C:\Users\caven\Desktop\RAIL_DRIVER_FW_V1.3.1\main.c
              __string_70   0x00cd8e    program     static C:\Users\caven\Desktop\RAIL_DRIVER_FW_V1.3.1\main.c
              __string_71   0x00cd8a    program     static C:\Users\caven\Desktop\RAIL_DRIVER_FW_V1.3.1\main.c
              __string_72   0x00cd86    program     static C:\Users\caven\Desktop\RAIL_DRIVER_FW_V1.3.1\main.c
              __string_73   0x00cd81    program     static C:\Users\caven\Desktop\RAIL_DRIVER_FW_V1.3.1\main.c
              __string_74   0x00cd7e    program     static C:\Users\caven\Desktop\RAIL_DRIVER_FW_V1.3.1\main.c
              __string_75   0x00cd7a    program     static C:\Users\caven\Desktop\RAIL_DRIVER_FW_V1.3.1\main.c
              __string_76   0x00cd76    program     static C:\Users\caven\Desktop\RAIL_DRIVER_FW_V1.3.1\main.c
              __string_77   0x00cd70    program     static C:\Users\caven\Desktop\RAIL_DRIVER_FW_V1.3.1\main.c
              __string_78   0x00cd69    program     static C:\Users\caven\Desktop\RAIL_DRIVER_FW_V1.3.1\main.c
              __string_79   0x00cd63    program     static C:\Users\caven\Desktop\RAIL_DRIVER_FW_V1.3.1\main.c
              __string_80   0x00cd5d    program     static C:\Users\caven\Desktop\RAIL_DRIVER_FW_V1.3.1\main.c
              __string_81   0x00cd57    program     static C:\Users\caven\Desktop\RAIL_DRIVER_FW_V1.3.1\main.c
              __string_82   0x00cd53    program     static C:\Users\caven\Desktop\RAIL_DRIVER_FW_V1.3.1\main.c
              __string_83   0x00cd4b    program     static C:\Users\caven\Desktop\RAIL_DRIVER_FW_V1.3.1\main.c
              __string_84   0x00cd42    program     static C:\Users\caven\Desktop\RAIL_DRIVER_FW_V1.3.1\main.c
              __string_85   0x00cd3e    program     static C:\Users\caven\Desktop\RAIL_DRIVER_FW_V1.3.1\main.c
              __string_86   0x00cd3a    program     static C:\Users\caven\Desktop\RAIL_DRIVER_FW_V1.3.1\main.c
              __string_87   0x00cd34    program     static C:\Users\caven\Desktop\RAIL_DRIVER_FW_V1.3.1\main.c
              __string_88   0x00cd2e    program     static C:\Users\caven\Desktop\RAIL_DRIVER_FW_V1.3.1\main.c
              __string_89   0x00cd28    program     static C:\Users\caven\Desktop\RAIL_DRIVER_FW_V1.3.1\main.c
              __string_90   0x00cd23    program     static C:\Users\caven\Desktop\RAIL_DRIVER_FW_V1.3.1\main.c
              __string_91   0x00cd1e    program     static C:\Users\caven\Desktop\RAIL_DRIVER_FW_V1.3.1\main.c
              __string_92   0x00cd16    program     static C:\Users\caven\Desktop\RAIL_DRIVER_FW_V1.3.1\main.c
              __string_93   0x00cd0e    program     static C:\Users\caven\Desktop\RAIL_DRIVER_FW_V1.3.1\main.c
              __string_94   0x00cd06    program     static C:\Users\caven\Desktop\RAIL_DRIVER_FW_V1.3.1\main.c
              __string_95   0x00ccfe    program     static C:\Users\caven\Desktop\RAIL_DRIVER_FW_V1.3.1\main.c
              __string_96   0x00ccf6    program     static C:\Users\caven\Desktop\RAIL_DRIVER_FW_V1.3.1\main.c
              __string_97   0x00ccef    program     static C:\Users\caven\Desktop\RAIL_DRIVER_FW_V1.3.1\main.c
              __string_98   0x00cce5    program     static C:\Users\caven\Desktop\RAIL_DRIVER_FW_V1.3.1\main.c
              __string_99   0x00cce1    program     static C:\Users\caven\Desktop\RAIL_DRIVER_FW_V1.3.1\main.c
             __tmplbl_190   0x0046ae    program     static                          
             __tmplbl_191   0x004400    program     static                          
             __tmplbl_192   0x0046ae    program     static                          
             __tmplbl_193   0x0046ae    program     static                          
             __tmplbl_194   0x004400    program     static                          
             __tmplbl_195   0x0046ae    program     static                          
             __tmplbl_196   0x004400    program     static                          
             __tmplbl_197   0x0036a4    program     static                          
             __tmplbl_198   0x004400    program     static                          
             __tmplbl_199   0x0046ae    program     static                          
             __tmplbl_201   0x004400    program     static                          
             __tmplbl_202   0x004400    program     static                          
             __tmplbl_203   0x0046ae    program     static                          
             __tmplbl_204   0x0035ec    program     static                          
             __tmplbl_205   0x004400    program     static                          
             __tmplbl_206   0x004400    program     static                          
             __tmplbl_207   0x004400    program     static                          
             __tmplbl_208   0x004400    program     static                          
             __tmplbl_209   0x004400    program     static                          
             __tmplbl_211   0x004400    program     static                          
             __tmplbl_213   0x004400    program     static                          
             __tmplbl_214   0x004400    program     static                          
             __tmplbl_215   0x004400    program     static                          
             __tmplbl_216   0x004400    program     static                          
             __tmplbl_217   0x004400    program     static                          
             __tmplbl_218   0x004400    program     static                          
             __tmplbl_219   0x004400    program     static                          
             __tmplbl_220   0x0046ae    program     static                          
             __tmplbl_221   0x004400    program     static                          
             __tmplbl_222   0x004400    program     static                          
             __tmplbl_223   0x0046ae    program     static                          
             __tmplbl_224   0x004400    program     static                          
             __tmplbl_225   0x004400    program     static                          
             __tmplbl_226   0x0046ae    program     static                          
             __tmplbl_227   0x004400    program     static                          
             __tmplbl_228   0x004400    program     static                          
             __tmplbl_229   0x004400    program     static                          
             __tmplbl_230   0x0046ae    program     static                          
             __tmplbl_232   0x004400    program     static                          
             __tmplbl_233   0x004400    program     static                          
             __tmplbl_234   0x004400    program     static                          
             __tmplbl_235   0x004400    program     static                          
             __tmplbl_236   0x004400    program     static                          
             __tmplbl_237   0x0046ae    program     static                          
             __tmplbl_238   0x0046ae    program     static                          
             __tmplbl_239   0x0046ae    program     static                          
             __tmplbl_240   0x004400    program     static                          
             __tmplbl_241   0x0046ae    program     static                          
             __tmplbl_242   0x004400    program     static                          
             __tmplbl_243   0x004400    program     static                          
             __tmplbl_244   0x0046ae    program     static                          
             __tmplbl_245   0x004400    program     static                          
             __tmplbl_246   0x0046ae    program     static                          
             __tmplbl_247   0x004400    program     static                          
             __tmplbl_248   0x0046b6    program     static                          
             __tmplbl_249   0x004400    program     static                          
             __tmplbl_250   0x004400    program     static                          
             __tmplbl_251   0x0046ae    program     static                          
             __tmplbl_252   0x004400    program     static                          
             __tmplbl_253   0x004400    program     static                          
             __tmplbl_254   0x0046ae    program     static                          
             __tmplbl_255   0x004400    program     static                          
             __tmplbl_256   0x004400    program     static                          
             __tmplbl_257   0x0046ae    program     static                          
             __tmplbl_258   0x004400    program     static                          
             __tmplbl_259   0x004400    program     static                          
             __tmplbl_260   0x004400    program     static                          
             __tmplbl_261   0x0046ae    program     static                          
             __tmplbl_297   0x007b82    program     static                          
             __tmplbl_299   0x006fdc    program     static                          
             __tmplbl_302   0x007b82    program     static                          
             __tmplbl_304   0x006fdc    program     static                          
             __tmplbl_307   0x007b82    program     static                          
             __tmplbl_308   0x006fdc    program     static                          
             __tmplbl_312   0x007b82    program     static                          
             __tmplbl_313   0x007b82    program     static                          
             __tmplbl_314   0x007b74    program     static                          
             __tmplbl_315   0x007b82    program     static                          
             __tmplbl_316   0x007b74    program     static                          
             __tmplbl_317   0x007b82    program     static                          
             __tmplbl_318   0x007b74    program     static                          
             __tmplbl_319   0x007b82    program     static                          
             __tmplbl_320   0x007b74    program     static                          
             __tmplbl_321   0x007b82    program     static                          
             __tmplbl_322   0x007b74    program     static                          
             __tmplbl_323   0x007b82    program     static                          
             __tmplbl_324   0x007b74    program     static                          
             __tmplbl_325   0x007b82    program     static                          
             __tmplbl_326   0x007b74    program     static                          
             __tmplbl_328   0x007b86    program     static                          
             __tmplbl_329   0x007b82    program     static                          
             __tmplbl_330   0x007b74    program     static                          
             __tmplbl_331   0x007b82    program     static                          
             __tmplbl_332   0x007b74    program     static                          
             __tmplbl_343   0x007b82    program     static                          
             __tmplbl_344   0x007b74    program     static                          
             __tmplbl_350   0x006fdc    program     static                          
             __tmplbl_351   0x006fdc    program     static                          
             __tmplbl_352   0x007b82    program     static                          
             __tmplbl_353   0x007b74    program     static                          
             __tmplbl_354   0x007b9c    program     static                          
             __tmplbl_356   0x007b82    program     static                          
             __tmplbl_357   0x007b74    program     static                          
             __tmplbl_359   0x006fdc    program     static                          
             __tmplbl_360   0x007b82    program     static                          
             __tmplbl_361   0x007b74    program     static                          
             __tmplbl_362   0x007b82    program     static                          
             __tmplbl_363   0x007b74    program     static                          
             __tmplbl_364   0x006fda    program     static                          
             __tmplbl_366   0x007b9c    program     static                          
             __tmplbl_368   0x007b82    program     static                          
             __tmplbl_369   0x007b74    program     static                          
             __tmplbl_370   0x006fda    program     static                          
             __tmplbl_371   0x006fda    program     static                          
             __tmplbl_373   0x007b82    program     static                          
             __tmplbl_374   0x007b74    program     static                          
             __tmplbl_375   0x006fda    program     static                          
             __tmplbl_376   0x006fda    program     static                          
             __tmplbl_378   0x007b82    program     static                          
             __tmplbl_379   0x007b74    program     static                          
             __tmplbl_380   0x007b82    program     static                          
             __tmplbl_381   0x007b74    program     static                          
             __tmplbl_382   0x006fda    program     static                          
             __tmplbl_383   0x006fda    program     static                          
             __tmplbl_389   0x007b82    program     static                          
             __tmplbl_390   0x007b74    program     static                          
             __tmplbl_404   0x007b82    program     static                          
             __tmplbl_405   0x007b74    program     static                          
             __tmplbl_406   0x007b9c    program     static                          
             __tmplbl_407   0x007b9c    program     static                          
             __tmplbl_412   0x007b82    program     static                          
             __tmplbl_413   0x007b74    program     static                          
             __tmplbl_414   0x007b9c    program     static                          
             __tmplbl_415   0x007b82    program     static                          
             __tmplbl_416   0x007b74    program     static                          
              __tmplbl_42   0x00c1ae    program     static                          
              __tmplbl_43   0x00bff6    program     static                          
              __tmplbl_44   0x00bfdc    program     static                          
             __tmplbl_523   0x00aa42    program     static                          
             __tmplbl_572   0x00b4cc    program     static                          
             __tmplbl_573   0x00b546    program     static                          
              __tmplbl_85   0x00b72e    program     static                          
            __zero_memory   0x00d558    program     extern E:\3.46\pic18-lt\cxx-framework\src\traditional\proc\p18f4680.asm
                _do_cinit   0x00d2a6    program     extern E:\3.46\pic18-lt\cxx-framework\src\traditional\startup\c018i.c
                   _entry   0x000000    program     extern E:\3.46\pic18-lt\cxx-framework\src\traditional\startup\c018i.c
                   _false   0x00d502    program     static                          
                 _startup   0x00d578    program     extern E:\3.46\pic18-lt\cxx-framework\src\traditional\startup\c018i.c
              _usart_putc   0x00d594    program     extern E:\3.46\pic18-lt\cxx-framework\src\pmc_common\USART\_usartpc.asm
               _user_putc   0x00823c    program     extern C:\Users\caven\Desktop\RAIL_DRIVER_FW_V1.3.1\main.c
         assignAutomation   0x0053be    program     extern C:\Users\caven\Desktop\RAIL_DRIVER_FW_V1.3.1\main.c
              boardStatus   0x0009cc    program     extern C:\Users\caven\Desktop\RAIL_DRIVER_FW_V1.3.1\main.c
           charToSegments   0x008f14    program     extern C:\Users\caven\Desktop\RAIL_DRIVER_FW_V1.3.1\main.c
               clearError   0x0012f6    program     extern C:\Users\caven\Desktop\RAIL_DRIVER_FW_V1.3.1\main.c
                compare_l   0x00d56e    program     static E:\3.46\pic18-lt\cxx-framework\src\traditional\proc\p18f4680.asm
             compressData   0x004838    program     extern C:\Users\caven\Desktop\RAIL_DRIVER_FW_V1.3.1\main.c
                copy_loop   0x00d318    program     static                          
            copy_one_byte   0x00d31e    program     static                          
            delayMainLoop   0x00ae16    program     extern C:\Users\caven\Desktop\RAIL_DRIVER_FW_V1.3.1\main.c
                     done   0x00d342    program     static                          
             done_copying   0x00d32c    program     static                          
                  endloop   0x00d52e    program     static                          
                 flushOut   0x007f18    program     extern C:\Users\caven\Desktop\RAIL_DRIVER_FW_V1.3.1\main.c
  getAutomationFromEEPROM   0x000c84    program     extern C:\Users\caven\Desktop\RAIL_DRIVER_FW_V1.3.1\main.c
         getEventFromKNOB   0x00b2a0    program     extern C:\Users\caven\Desktop\RAIL_DRIVER_FW_V1.3.1\main.c
  getEventRequestFromGPIO   0x00b172    program     extern C:\Users\caven\Desktop\RAIL_DRIVER_FW_V1.3.1\main.c
 getEventRequestFromTIMER   0x00b222    program     extern C:\Users\caven\Desktop\RAIL_DRIVER_FW_V1.3.1\main.c
 getEventRequestFromTrack   0x00b0d4    program     extern C:\Users\caven\Desktop\RAIL_DRIVER_FW_V1.3.1\main.c
                 getIdent   0x001982    program     extern C:\Users\caven\Desktop\RAIL_DRIVER_FW_V1.3.1\main.c
   getInputRequestFromCAN   0x00860c    program     extern C:\Users\caven\Desktop\RAIL_DRIVER_FW_V1.3.1\main.c
 getInputRequestFromUSART   0x007c42    program     extern C:\Users\caven\Desktop\RAIL_DRIVER_FW_V1.3.1\main.c
                 getToken   0x00151e    program     extern C:\Users\caven\Desktop\RAIL_DRIVER_FW_V1.3.1\main.c
                 getValue   0x00175e    program     extern C:\Users\caven\Desktop\RAIL_DRIVER_FW_V1.3.1\main.c
                 high_isr   0x00956a    program     extern C:\Users\caven\Desktop\RAIL_DRIVER_FW_V1.3.1\main.c
                     init   0x00aeea    program     extern C:\Users\caven\Desktop\RAIL_DRIVER_FW_V1.3.1\main.c
          initEnvironment   0x00ab20    program     extern C:\Users\caven\Desktop\RAIL_DRIVER_FW_V1.3.1\main.c
              initRequest   0x004a28    program     extern C:\Users\caven\Desktop\RAIL_DRIVER_FW_V1.3.1\main.c
                initUSART   0x007bb4    program     extern C:\Users\caven\Desktop\RAIL_DRIVER_FW_V1.3.1\main.c
 interrupt_at_high_vector   0x000008    program     extern C:\Users\caven\Desktop\RAIL_DRIVER_FW_V1.3.1\main.c
                 isAdigit   0x000faa    program     extern C:\Users\caven\Desktop\RAIL_DRIVER_FW_V1.3.1\main.c
             isAhexaDigit   0x000ff6    program     extern C:\Users\caven\Desktop\RAIL_DRIVER_FW_V1.3.1\main.c
                  isdigit   0x00d534    program     extern E:\3.46\pic18-lt\cxx-framework\src\traditional\stdclib\isdigit.asm
                     jEnd   0x00d246    program     static E:\3.46\pic18-lt\cxx-framework\src\traditional\stdclib\strncmp.asm
                     jEnd   0x00d204    program     static E:\3.46\pic18-lt\cxx-framework\src\traditional\stdclib\strlen.asm
                     jEnd   0x00d292    program     static E:\3.46\pic18-lt\cxx-framework\src\traditional\stdclib\slenpgm.asm
                    jLoop   0x00d27a    program     static E:\3.46\pic18-lt\cxx-framework\src\traditional\stdclib\slenpgm.asm
                    jLoop   0x00d1fa    program     static E:\3.46\pic18-lt\cxx-framework\src\traditional\stdclib\strlen.asm
                    jLoop   0x00d226    program     static E:\3.46\pic18-lt\cxx-framework\src\traditional\stdclib\strncmp.asm
                   jMatch   0x00d554    program     static E:\3.46\pic18-lt\cxx-framework\src\traditional\stdclib\isdigit.asm
                 jNoMatch   0x00d556    program     static E:\3.46\pic18-lt\cxx-framework\src\traditional\stdclib\isdigit.asm
                     loop   0x00d5a4    program     static E:\3.46\pic18-lt\cxx-framework\src\pmc_common\USART\_usartpc.asm
                     loop   0x00d512    program     static                          
                     loop   0x00d4ce    program     static                          
                     loop   0x00d588    program     static                          
                   loop_h   0x00d566    program     static E:\3.46\pic18-lt\cxx-framework\src\traditional\proc\p18f4680.asm
                   loop_l   0x00d570    program     static E:\3.46\pic18-lt\cxx-framework\src\traditional\proc\p18f4680.asm
            low_interrupt   0x000018    program     extern C:\Users\caven\Desktop\RAIL_DRIVER_FW_V1.3.1\main.c
                  low_isr   0x00aa5a    program     extern C:\Users\caven\Desktop\RAIL_DRIVER_FW_V1.3.1\main.c
             low_isr_task   0x0099b0    program     extern C:\Users\caven\Desktop\RAIL_DRIVER_FW_V1.3.1\main.c
                     main   0x00b41c    program     extern C:\Users\caven\Desktop\RAIL_DRIVER_FW_V1.3.1\main.c
            manageRequest   0x005858    program     extern C:\Users\caven\Desktop\RAIL_DRIVER_FW_V1.3.1\main.c
             memAvailable   0x0009c8    program     extern C:\Users\caven\Desktop\RAIL_DRIVER_FW_V1.3.1\main.c
                mySprintf   0x000038    program     extern C:\Users\caven\Desktop\RAIL_DRIVER_FW_V1.3.1\main.c
                   parser   0x001bf6    program     extern C:\Users\caven\Desktop\RAIL_DRIVER_FW_V1.3.1\main.c
                   prompt   0x007d8e    program     extern C:\Users\caven\Desktop\RAIL_DRIVER_FW_V1.3.1\main.c
                     putc   0x00d3cc    program     extern E:\3.46\pic18-lt\cxx-framework\src\traditional\stdclib\putc.c
         removeAutomation   0x004a6e    program     extern C:\Users\caven\Desktop\RAIL_DRIVER_FW_V1.3.1\main.c
                 s_digits   0x00d5b0    program     static E:\3.46\pic18-lt\cxx-framework\src\traditional\stdclib\vfprintf.c
            s_put_n_chars   0x00b6d8    program     static E:\3.46\pic18-lt\cxx-framework\src\traditional\stdclib\vfprintf.c
           saveAutomation   0x004b80    program     extern C:\Users\caven\Desktop\RAIL_DRIVER_FW_V1.3.1\main.c
           sendPrintToCAN   0x007f66    program     extern C:\Users\caven\Desktop\RAIL_DRIVER_FW_V1.3.1\main.c
         sendRequestToCAN   0x0082b4    program     extern C:\Users\caven\Desktop\RAIL_DRIVER_FW_V1.3.1\main.c
                sendUSART   0x007c1e    program     extern C:\Users\caven\Desktop\RAIL_DRIVER_FW_V1.3.1\main.c
          set7segmentPort   0x008c2e    program     extern C:\Users\caven\Desktop\RAIL_DRIVER_FW_V1.3.1\main.c
    setAutomationToEEPROM   0x000e3e    program     extern C:\Users\caven\Desktop\RAIL_DRIVER_FW_V1.3.1\main.c
                   setDcc   0x009222    program     extern C:\Users\caven\Desktop\RAIL_DRIVER_FW_V1.3.1\main.c
                  setPort   0x009440    program     extern C:\Users\caven\Desktop\RAIL_DRIVER_FW_V1.3.1\main.c
                 setSpeed   0x0057c2    program     extern C:\Users\caven\Desktop\RAIL_DRIVER_FW_V1.3.1\main.c
                   strlen   0x00d1ea    program     extern E:\3.46\pic18-lt\cxx-framework\src\traditional\stdclib\strlen.asm
                strlenpgm   0x00d25c    program     extern E:\3.46\pic18-lt\cxx-framework\src\traditional\stdclib\slenpgm.asm
                  strncmp   0x00d206    program     extern E:\3.46\pic18-lt\cxx-framework\src\traditional\stdclib\strncmp.asm
                   strtol   0x00109c    program     extern C:\Users\caven\Desktop\RAIL_DRIVER_FW_V1.3.1\main.c
                     test   0x00d2c0    program     static                          
              toUpperCase   0x001042    program     extern C:\Users\caven\Desktop\RAIL_DRIVER_FW_V1.3.1\main.c
               traceError   0x001318    program     extern C:\Users\caven\Desktop\RAIL_DRIVER_FW_V1.3.1\main.c
         trackCalibration   0x00b010    program     extern C:\Users\caven\Desktop\RAIL_DRIVER_FW_V1.3.1\main.c
              twoWire_ack   0x008cac    program     extern C:\Users\caven\Desktop\RAIL_DRIVER_FW_V1.3.1\main.c
             twoWire_init   0x008c62    program     extern C:\Users\caven\Desktop\RAIL_DRIVER_FW_V1.3.1\main.c
            twoWire_start   0x008c6e    program     extern C:\Users\caven\Desktop\RAIL_DRIVER_FW_V1.3.1\main.c
             twoWire_stop   0x008c88    program     extern C:\Users\caven\Desktop\RAIL_DRIVER_FW_V1.3.1\main.c
            twoWire_write   0x008cc4    program     extern C:\Users\caven\Desktop\RAIL_DRIVER_FW_V1.3.1\main.c
           uncompressData   0x0046d0    program     extern C:\Users\caven\Desktop\RAIL_DRIVER_FW_V1.3.1\main.c
                 vfprintf   0x00b704    program     extern E:\3.46\pic18-lt\cxx-framework\src\traditional\stdclib\vfprintf.c
                 vsprintf   0x00d344    program     extern E:\3.46\pic18-lt\cxx-framework\src\traditional\stdclib\vsprintf.c
               zero_block   0x00d566    program     static E:\3.46\pic18-lt\cxx-framework\src\traditional\proc\p18f4680.asm
                   ADCON0   0x000fc2       data     extern E:\3.46\pic18-lt\cxx-framework\src\traditional\proc\p18f4680.asm
               ADCON0bits   0x000fc2       data     extern E:\3.46\pic18-lt\cxx-framework\src\traditional\proc\p18f4680.asm
                   ADCON1   0x000fc1       data     extern E:\3.46\pic18-lt\cxx-framework\src\traditional\proc\p18f4680.asm
               ADCON1bits   0x000fc1       data     extern E:\3.46\pic18-lt\cxx-framework\src\traditional\proc\p18f4680.asm
                   ADCON2   0x000fc0       data     extern E:\3.46\pic18-lt\cxx-framework\src\traditional\proc\p18f4680.asm
               ADCON2bits   0x000fc0       data     extern E:\3.46\pic18-lt\cxx-framework\src\traditional\proc\p18f4680.asm
                    ADRES   0x000fc3       data     extern E:\3.46\pic18-lt\cxx-framework\src\traditional\proc\p18f4680.asm
                   ADRESH   0x000fc4       data     extern E:\3.46\pic18-lt\cxx-framework\src\traditional\proc\p18f4680.asm
                   ADRESL   0x000fc3       data     extern E:\3.46\pic18-lt\cxx-framework\src\traditional\proc\p18f4680.asm
                    B0CON   0x000e20       data     extern E:\3.46\pic18-lt\cxx-framework\src\traditional\proc\p18f4680.asm
                B0CONbits   0x000e20       data     extern E:\3.46\pic18-lt\cxx-framework\src\traditional\proc\p18f4680.asm
                     B0D0   0x000e26       data     extern E:\3.46\pic18-lt\cxx-framework\src\traditional\proc\p18f4680.asm
                 B0D0bits   0x000e26       data     extern E:\3.46\pic18-lt\cxx-framework\src\traditional\proc\p18f4680.asm
                     B0D1   0x000e27       data     extern E:\3.46\pic18-lt\cxx-framework\src\traditional\proc\p18f4680.asm
                 B0D1bits   0x000e27       data     extern E:\3.46\pic18-lt\cxx-framework\src\traditional\proc\p18f4680.asm
                     B0D2   0x000e28       data     extern E:\3.46\pic18-lt\cxx-framework\src\traditional\proc\p18f4680.asm
                 B0D2bits   0x000e28       data     extern E:\3.46\pic18-lt\cxx-framework\src\traditional\proc\p18f4680.asm
                     B0D3   0x000e29       data     extern E:\3.46\pic18-lt\cxx-framework\src\traditional\proc\p18f4680.asm
                 B0D3bits   0x000e29       data     extern E:\3.46\pic18-lt\cxx-framework\src\traditional\proc\p18f4680.asm
                     B0D4   0x000e2a       data     extern E:\3.46\pic18-lt\cxx-framework\src\traditional\proc\p18f4680.asm
                 B0D4bits   0x000e2a       data     extern E:\3.46\pic18-lt\cxx-framework\src\traditional\proc\p18f4680.asm
                     B0D5   0x000e2b       data     extern E:\3.46\pic18-lt\cxx-framework\src\traditional\proc\p18f4680.asm
                 B0D5bits   0x000e2b       data     extern E:\3.46\pic18-lt\cxx-framework\src\traditional\proc\p18f4680.asm
                     B0D6   0x000e2c       data     extern E:\3.46\pic18-lt\cxx-framework\src\traditional\proc\p18f4680.asm
                 B0D6bits   0x000e2c       data     extern E:\3.46\pic18-lt\cxx-framework\src\traditional\proc\p18f4680.asm
                     B0D7   0x000e2d       data     extern E:\3.46\pic18-lt\cxx-framework\src\traditional\proc\p18f4680.asm
                 B0D7bits   0x000e2d       data     extern E:\3.46\pic18-lt\cxx-framework\src\traditional\proc\p18f4680.asm
                    B0DLC   0x000e25       data     extern E:\3.46\pic18-lt\cxx-framework\src\traditional\proc\p18f4680.asm
                B0DLCbits   0x000e25       data     extern E:\3.46\pic18-lt\cxx-framework\src\traditional\proc\p18f4680.asm
                   B0EIDH   0x000e23       data     extern E:\3.46\pic18-lt\cxx-framework\src\traditional\proc\p18f4680.asm
               B0EIDHbits   0x000e23       data     extern E:\3.46\pic18-lt\cxx-framework\src\traditional\proc\p18f4680.asm
                   B0EIDL   0x000e24       data     extern E:\3.46\pic18-lt\cxx-framework\src\traditional\proc\p18f4680.asm
               B0EIDLbits   0x000e24       data     extern E:\3.46\pic18-lt\cxx-framework\src\traditional\proc\p18f4680.asm
                   B0SIDH   0x000e21       data     extern E:\3.46\pic18-lt\cxx-framework\src\traditional\proc\p18f4680.asm
               B0SIDHbits   0x000e21       data     extern E:\3.46\pic18-lt\cxx-framework\src\traditional\proc\p18f4680.asm
                   B0SIDL   0x000e22       data     extern E:\3.46\pic18-lt\cxx-framework\src\traditional\proc\p18f4680.asm
               B0SIDLbits   0x000e22       data     extern E:\3.46\pic18-lt\cxx-framework\src\traditional\proc\p18f4680.asm
                    B1CON   0x000e30       data     extern E:\3.46\pic18-lt\cxx-framework\src\traditional\proc\p18f4680.asm
                B1CONbits   0x000e30       data     extern E:\3.46\pic18-lt\cxx-framework\src\traditional\proc\p18f4680.asm
                     B1D0   0x000e36       data     extern E:\3.46\pic18-lt\cxx-framework\src\traditional\proc\p18f4680.asm
                 B1D0bits   0x000e36       data     extern E:\3.46\pic18-lt\cxx-framework\src\traditional\proc\p18f4680.asm
                     B1D1   0x000e37       data     extern E:\3.46\pic18-lt\cxx-framework\src\traditional\proc\p18f4680.asm
                 B1D1bits   0x000e37       data     extern E:\3.46\pic18-lt\cxx-framework\src\traditional\proc\p18f4680.asm
                     B1D2   0x000e38       data     extern E:\3.46\pic18-lt\cxx-framework\src\traditional\proc\p18f4680.asm
                 B1D2bits   0x000e38       data     extern E:\3.46\pic18-lt\cxx-framework\src\traditional\proc\p18f4680.asm
                     B1D3   0x000e39       data     extern E:\3.46\pic18-lt\cxx-framework\src\traditional\proc\p18f4680.asm
                 B1D3bits   0x000e39       data     extern E:\3.46\pic18-lt\cxx-framework\src\traditional\proc\p18f4680.asm
                     B1D4   0x000e3a       data     extern E:\3.46\pic18-lt\cxx-framework\src\traditional\proc\p18f4680.asm
                 B1D4bits   0x000e3a       data     extern E:\3.46\pic18-lt\cxx-framework\src\traditional\proc\p18f4680.asm
                     B1D5   0x000e3b       data     extern E:\3.46\pic18-lt\cxx-framework\src\traditional\proc\p18f4680.asm
                 B1D5bits   0x000e3b       data     extern E:\3.46\pic18-lt\cxx-framework\src\traditional\proc\p18f4680.asm
                     B1D6   0x000e3c       data     extern E:\3.46\pic18-lt\cxx-framework\src\traditional\proc\p18f4680.asm
                 B1D6bits   0x000e3c       data     extern E:\3.46\pic18-lt\cxx-framework\src\traditional\proc\p18f4680.asm
                     B1D7   0x000e3d       data     extern E:\3.46\pic18-lt\cxx-framework\src\traditional\proc\p18f4680.asm
                 B1D7bits   0x000e3d       data     extern E:\3.46\pic18-lt\cxx-framework\src\traditional\proc\p18f4680.asm
                    B1DLC   0x000e35       data     extern E:\3.46\pic18-lt\cxx-framework\src\traditional\proc\p18f4680.asm
                B1DLCbits   0x000e35       data     extern E:\3.46\pic18-lt\cxx-framework\src\traditional\proc\p18f4680.asm
                   B1EIDH   0x000e33       data     extern E:\3.46\pic18-lt\cxx-framework\src\traditional\proc\p18f4680.asm
               B1EIDHbits   0x000e33       data     extern E:\3.46\pic18-lt\cxx-framework\src\traditional\proc\p18f4680.asm
                   B1EIDL   0x000e34       data     extern E:\3.46\pic18-lt\cxx-framework\src\traditional\proc\p18f4680.asm
               B1EIDLbits   0x000e34       data     extern E:\3.46\pic18-lt\cxx-framework\src\traditional\proc\p18f4680.asm
                   B1SIDH   0x000e31       data     extern E:\3.46\pic18-lt\cxx-framework\src\traditional\proc\p18f4680.asm
               B1SIDHbits   0x000e31       data     extern E:\3.46\pic18-lt\cxx-framework\src\traditional\proc\p18f4680.asm
                   B1SIDL   0x000e32       data     extern E:\3.46\pic18-lt\cxx-framework\src\traditional\proc\p18f4680.asm
               B1SIDLbits   0x000e32       data     extern E:\3.46\pic18-lt\cxx-framework\src\traditional\proc\p18f4680.asm
                    B2CON   0x000e40       data     extern E:\3.46\pic18-lt\cxx-framework\src\traditional\proc\p18f4680.asm
                B2CONbits   0x000e40       data     extern E:\3.46\pic18-lt\cxx-framework\src\traditional\proc\p18f4680.asm
                     B2D0   0x000e46       data     extern E:\3.46\pic18-lt\cxx-framework\src\traditional\proc\p18f4680.asm
                 B2D0bits   0x000e46       data     extern E:\3.46\pic18-lt\cxx-framework\src\traditional\proc\p18f4680.asm
                     B2D1   0x000e47       data     extern E:\3.46\pic18-lt\cxx-framework\src\traditional\proc\p18f4680.asm
                 B2D1bits   0x000e47       data     extern E:\3.46\pic18-lt\cxx-framework\src\traditional\proc\p18f4680.asm
                     B2D2   0x000e48       data     extern E:\3.46\pic18-lt\cxx-framework\src\traditional\proc\p18f4680.asm
                 B2D2bits   0x000e48       data     extern E:\3.46\pic18-lt\cxx-framework\src\traditional\proc\p18f4680.asm
                     B2D3   0x000e49       data     extern E:\3.46\pic18-lt\cxx-framework\src\traditional\proc\p18f4680.asm
                 B2D3bits   0x000e49       data     extern E:\3.46\pic18-lt\cxx-framework\src\traditional\proc\p18f4680.asm
                     B2D4   0x000e4a       data     extern E:\3.46\pic18-lt\cxx-framework\src\traditional\proc\p18f4680.asm
                 B2D4bits   0x000e4a       data     extern E:\3.46\pic18-lt\cxx-framework\src\traditional\proc\p18f4680.asm
                     B2D5   0x000e4b       data     extern E:\3.46\pic18-lt\cxx-framework\src\traditional\proc\p18f4680.asm
                 B2D5bits   0x000e4b       data     extern E:\3.46\pic18-lt\cxx-framework\src\traditional\proc\p18f4680.asm
                     B2D6   0x000e4c       data     extern E:\3.46\pic18-lt\cxx-framework\src\traditional\proc\p18f4680.asm
                 B2D6bits   0x000e4c       data     extern E:\3.46\pic18-lt\cxx-framework\src\traditional\proc\p18f4680.asm
                     B2D7   0x000e4d       data     extern E:\3.46\pic18-lt\cxx-framework\src\traditional\proc\p18f4680.asm
                 B2D7bits   0x000e4d       data     extern E:\3.46\pic18-lt\cxx-framework\src\traditional\proc\p18f4680.asm
                    B2DLC   0x000e45       data     extern E:\3.46\pic18-lt\cxx-framework\src\traditional\proc\p18f4680.asm
                B2DLCbits   0x000e45       data     extern E:\3.46\pic18-lt\cxx-framework\src\traditional\proc\p18f4680.asm
                   B2EIDH   0x000e43       data     extern E:\3.46\pic18-lt\cxx-framework\src\traditional\proc\p18f4680.asm
               B2EIDHbits   0x000e43       data     extern E:\3.46\pic18-lt\cxx-framework\src\traditional\proc\p18f4680.asm
                   B2EIDL   0x000e44       data     extern E:\3.46\pic18-lt\cxx-framework\src\traditional\proc\p18f4680.asm
               B2EIDLbits   0x000e44       data     extern E:\3.46\pic18-lt\cxx-framework\src\traditional\proc\p18f4680.asm
                   B2SIDH   0x000e41       data     extern E:\3.46\pic18-lt\cxx-framework\src\traditional\proc\p18f4680.asm
               B2SIDHbits   0x000e41       data     extern E:\3.46\pic18-lt\cxx-framework\src\traditional\proc\p18f4680.asm
                   B2SIDL   0x000e42       data     extern E:\3.46\pic18-lt\cxx-framework\src\traditional\proc\p18f4680.asm
               B2SIDLbits   0x000e42       data     extern E:\3.46\pic18-lt\cxx-framework\src\traditional\proc\p18f4680.asm
                    B3CON   0x000e50       data     extern E:\3.46\pic18-lt\cxx-framework\src\traditional\proc\p18f4680.asm
                B3CONbits   0x000e50       data     extern E:\3.46\pic18-lt\cxx-framework\src\traditional\proc\p18f4680.asm
                     B3D0   0x000e56       data     extern E:\3.46\pic18-lt\cxx-framework\src\traditional\proc\p18f4680.asm
                 B3D0bits   0x000e56       data     extern E:\3.46\pic18-lt\cxx-framework\src\traditional\proc\p18f4680.asm
                     B3D1   0x000e57       data     extern E:\3.46\pic18-lt\cxx-framework\src\traditional\proc\p18f4680.asm
                 B3D1bits   0x000e57       data     extern E:\3.46\pic18-lt\cxx-framework\src\traditional\proc\p18f4680.asm
                     B3D2   0x000e58       data     extern E:\3.46\pic18-lt\cxx-framework\src\traditional\proc\p18f4680.asm
                 B3D2bits   0x000e58       data     extern E:\3.46\pic18-lt\cxx-framework\src\traditional\proc\p18f4680.asm
                     B3D3   0x000e59       data     extern E:\3.46\pic18-lt\cxx-framework\src\traditional\proc\p18f4680.asm
                 B3D3bits   0x000e59       data     extern E:\3.46\pic18-lt\cxx-framework\src\traditional\proc\p18f4680.asm
                     B3D4   0x000e5a       data     extern E:\3.46\pic18-lt\cxx-framework\src\traditional\proc\p18f4680.asm
                 B3D4bits   0x000e5a       data     extern E:\3.46\pic18-lt\cxx-framework\src\traditional\proc\p18f4680.asm
                     B3D5   0x000e5b       data     extern E:\3.46\pic18-lt\cxx-framework\src\traditional\proc\p18f4680.asm
                 B3D5bits   0x000e5b       data     extern E:\3.46\pic18-lt\cxx-framework\src\traditional\proc\p18f4680.asm
                     B3D6   0x000e5c       data     extern E:\3.46\pic18-lt\cxx-framework\src\traditional\proc\p18f4680.asm
                 B3D6bits   0x000e5c       data     extern E:\3.46\pic18-lt\cxx-framework\src\traditional\proc\p18f4680.asm
                     B3D7   0x000e5d       data     extern E:\3.46\pic18-lt\cxx-framework\src\traditional\proc\p18f4680.asm
                 B3D7bits   0x000e5d       data     extern E:\3.46\pic18-lt\cxx-framework\src\traditional\proc\p18f4680.asm
                    B3DLC   0x000e55       data     extern E:\3.46\pic18-lt\cxx-framework\src\traditional\proc\p18f4680.asm
                B3DLCbits   0x000e55       data     extern E:\3.46\pic18-lt\cxx-framework\src\traditional\proc\p18f4680.asm
                   B3EIDH   0x000e53       data     extern E:\3.46\pic18-lt\cxx-framework\src\traditional\proc\p18f4680.asm
               B3EIDHbits   0x000e53       data     extern E:\3.46\pic18-lt\cxx-framework\src\traditional\proc\p18f4680.asm
                   B3EIDL   0x000e54       data     extern E:\3.46\pic18-lt\cxx-framework\src\traditional\proc\p18f4680.asm
               B3EIDLbits   0x000e54       data     extern E:\3.46\pic18-lt\cxx-framework\src\traditional\proc\p18f4680.asm
                   B3SIDH   0x000e51       data     extern E:\3.46\pic18-lt\cxx-framework\src\traditional\proc\p18f4680.asm
               B3SIDHbits   0x000e51       data     extern E:\3.46\pic18-lt\cxx-framework\src\traditional\proc\p18f4680.asm
                   B3SIDL   0x000e52       data     extern E:\3.46\pic18-lt\cxx-framework\src\traditional\proc\p18f4680.asm
               B3SIDLbits   0x000e52       data     extern E:\3.46\pic18-lt\cxx-framework\src\traditional\proc\p18f4680.asm
                    B4CON   0x000e60       data     extern E:\3.46\pic18-lt\cxx-framework\src\traditional\proc\p18f4680.asm
                B4CONbits   0x000e60       data     extern E:\3.46\pic18-lt\cxx-framework\src\traditional\proc\p18f4680.asm
                     B4D0   0x000e66       data     extern E:\3.46\pic18-lt\cxx-framework\src\traditional\proc\p18f4680.asm
                 B4D0bits   0x000e66       data     extern E:\3.46\pic18-lt\cxx-framework\src\traditional\proc\p18f4680.asm
                     B4D1   0x000e67       data     extern E:\3.46\pic18-lt\cxx-framework\src\traditional\proc\p18f4680.asm
                 B4D1bits   0x000e67       data     extern E:\3.46\pic18-lt\cxx-framework\src\traditional\proc\p18f4680.asm
                     B4D2   0x000e68       data     extern E:\3.46\pic18-lt\cxx-framework\src\traditional\proc\p18f4680.asm
                 B4D2bits   0x000e68       data     extern E:\3.46\pic18-lt\cxx-framework\src\traditional\proc\p18f4680.asm
                     B4D3   0x000e69       data     extern E:\3.46\pic18-lt\cxx-framework\src\traditional\proc\p18f4680.asm
                 B4D3bits   0x000e69       data     extern E:\3.46\pic18-lt\cxx-framework\src\traditional\proc\p18f4680.asm
                     B4D4   0x000e6a       data     extern E:\3.46\pic18-lt\cxx-framework\src\traditional\proc\p18f4680.asm
                 B4D4bits   0x000e6a       data     extern E:\3.46\pic18-lt\cxx-framework\src\traditional\proc\p18f4680.asm
                     B4D5   0x000e6b       data     extern E:\3.46\pic18-lt\cxx-framework\src\traditional\proc\p18f4680.asm
                 B4D5bits   0x000e6b       data     extern E:\3.46\pic18-lt\cxx-framework\src\traditional\proc\p18f4680.asm
                     B4D6   0x000e6c       data     extern E:\3.46\pic18-lt\cxx-framework\src\traditional\proc\p18f4680.asm
                 B4D6bits   0x000e6c       data     extern E:\3.46\pic18-lt\cxx-framework\src\traditional\proc\p18f4680.asm
                     B4D7   0x000e6d       data     extern E:\3.46\pic18-lt\cxx-framework\src\traditional\proc\p18f4680.asm
                 B4D7bits   0x000e6d       data     extern E:\3.46\pic18-lt\cxx-framework\src\traditional\proc\p18f4680.asm
                    B4DLC   0x000e65       data     extern E:\3.46\pic18-lt\cxx-framework\src\traditional\proc\p18f4680.asm
                B4DLCbits   0x000e65       data     extern E:\3.46\pic18-lt\cxx-framework\src\traditional\proc\p18f4680.asm
                   B4EIDH   0x000e63       data     extern E:\3.46\pic18-lt\cxx-framework\src\traditional\proc\p18f4680.asm
               B4EIDHbits   0x000e63       data     extern E:\3.46\pic18-lt\cxx-framework\src\traditional\proc\p18f4680.asm
                   B4EIDL   0x000e64       data     extern E:\3.46\pic18-lt\cxx-framework\src\traditional\proc\p18f4680.asm
               B4EIDLbits   0x000e64       data     extern E:\3.46\pic18-lt\cxx-framework\src\traditional\proc\p18f4680.asm
                   B4SIDH   0x000e61       data     extern E:\3.46\pic18-lt\cxx-framework\src\traditional\proc\p18f4680.asm
               B4SIDHbits   0x000e61       data     extern E:\3.46\pic18-lt\cxx-framework\src\traditional\proc\p18f4680.asm
                   B4SIDL   0x000e62       data     extern E:\3.46\pic18-lt\cxx-framework\src\traditional\proc\p18f4680.asm
               B4SIDLbits   0x000e62       data     extern E:\3.46\pic18-lt\cxx-framework\src\traditional\proc\p18f4680.asm
                    B5CON   0x000e70       data     extern E:\3.46\pic18-lt\cxx-framework\src\traditional\proc\p18f4680.asm
                B5CONbits   0x000e70       data     extern E:\3.46\pic18-lt\cxx-framework\src\traditional\proc\p18f4680.asm
                     B5D0   0x000e76       data     extern E:\3.46\pic18-lt\cxx-framework\src\traditional\proc\p18f4680.asm
                 B5D0bits   0x000e76       data     extern E:\3.46\pic18-lt\cxx-framework\src\traditional\proc\p18f4680.asm
                     B5D1   0x000e77       data     extern E:\3.46\pic18-lt\cxx-framework\src\traditional\proc\p18f4680.asm
[...]
                TRISDbits   0x000f95       data     extern E:\3.46\pic18-lt\cxx-framework\src\traditional\proc\p18f4680.asm
                    TRISD   0x000f95       data     extern E:\3.46\pic18-lt\cxx-framework\src\traditional\proc\p18f4680.asm
                 DDRDbits   0x000f95       data     extern E:\3.46\pic18-lt\cxx-framework\src\traditional\proc\p18f4680.asm
                     DDRD   0x000f95       data     extern E:\3.46\pic18-lt\cxx-framework\src\traditional\proc\p18f4680.asm
                 DDREbits   0x000f96       data     extern E:\3.46\pic18-lt\cxx-framework\src\traditional\proc\p18f4680.asm
                     DDRE   0x000f96       data     extern E:\3.46\pic18-lt\cxx-framework\src\traditional\proc\p18f4680.asm
                    TRISE   0x000f96       data     extern E:\3.46\pic18-lt\cxx-framework\src\traditional\proc\p18f4680.asm
                TRISEbits   0x000f96       data     extern E:\3.46\pic18-lt\cxx-framework\src\traditional\proc\p18f4680.asm
                  OSCTUNE   0x000f9b       data     extern E:\3.46\pic18-lt\cxx-framework\src\traditional\proc\p18f4680.asm
              OSCTUNEbits   0x000f9b       data     extern E:\3.46\pic18-lt\cxx-framework\src\traditional\proc\p18f4680.asm
                 PIE1bits   0x000f9d       data     extern E:\3.46\pic18-lt\cxx-framework\src\traditional\proc\p18f4680.asm
                     PIE1   0x000f9d       data     extern E:\3.46\pic18-lt\cxx-framework\src\traditional\proc\p18f4680.asm
                     PIR1   0x000f9e       data     extern E:\3.46\pic18-lt\cxx-framework\src\traditional\proc\p18f4680.asm
                 PIR1bits   0x000f9e       data     extern E:\3.46\pic18-lt\cxx-framework\src\traditional\proc\p18f4680.asm
                     IPR1   0x000f9f       data     extern E:\3.46\pic18-lt\cxx-framework\src\traditional\proc\p18f4680.asm
                 IPR1bits   0x000f9f       data     extern E:\3.46\pic18-lt\cxx-framework\src\traditional\proc\p18f4680.asm
                 PIE2bits   0x000fa0       data     extern E:\3.46\pic18-lt\cxx-framework\src\traditional\proc\p18f4680.asm
                     PIE2   0x000fa0       data     extern E:\3.46\pic18-lt\cxx-framework\src\traditional\proc\p18f4680.asm
                     PIR2   0x000fa1       data     extern E:\3.46\pic18-lt\cxx-framework\src\traditional\proc\p18f4680.asm
                 PIR2bits   0x000fa1       data     extern E:\3.46\pic18-lt\cxx-framework\src\traditional\proc\p18f4680.asm
                     IPR2   0x000fa2       data     extern E:\3.46\pic18-lt\cxx-framework\src\traditional\proc\p18f4680.asm
                 IPR2bits   0x000fa2       data     extern E:\3.46\pic18-lt\cxx-framework\src\traditional\proc\p18f4680.asm
                 PIE3bits   0x000fa3       data     extern E:\3.46\pic18-lt\cxx-framework\src\traditional\proc\p18f4680.asm
                     PIE3   0x000fa3       data     extern E:\3.46\pic18-lt\cxx-framework\src\traditional\proc\p18f4680.asm
                 PIR3bits   0x000fa4       data     extern E:\3.46\pic18-lt\cxx-framework\src\traditional\proc\p18f4680.asm
                     PIR3   0x000fa4       data     extern E:\3.46\pic18-lt\cxx-framework\src\traditional\proc\p18f4680.asm
                 IPR3bits   0x000fa5       data     extern E:\3.46\pic18-lt\cxx-framework\src\traditional\proc\p18f4680.asm
                     IPR3   0x000fa5       data     extern E:\3.46\pic18-lt\cxx-framework\src\traditional\proc\p18f4680.asm
               EECON1bits   0x000fa6       data     extern E:\3.46\pic18-lt\cxx-framework\src\traditional\proc\p18f4680.asm
                   EECON1   0x000fa6       data     extern E:\3.46\pic18-lt\cxx-framework\src\traditional\proc\p18f4680.asm
                   EECON2   0x000fa7       data     extern E:\3.46\pic18-lt\cxx-framework\src\traditional\proc\p18f4680.asm
                   EEDATA   0x000fa8       data     extern E:\3.46\pic18-lt\cxx-framework\src\traditional\proc\p18f4680.asm
                    EEADR   0x000fa9       data     extern E:\3.46\pic18-lt\cxx-framework\src\traditional\proc\p18f4680.asm
                   EEADRH   0x000faa       data     extern E:\3.46\pic18-lt\cxx-framework\src\traditional\proc\p18f4680.asm
                RCSTAbits   0x000fab       data     extern E:\3.46\pic18-lt\cxx-framework\src\traditional\proc\p18f4680.asm
                    RCSTA   0x000fab       data     extern E:\3.46\pic18-lt\cxx-framework\src\traditional\proc\p18f4680.asm
                    TXSTA   0x000fac       data     extern E:\3.46\pic18-lt\cxx-framework\src\traditional\proc\p18f4680.asm
                TXSTAbits   0x000fac       data     extern E:\3.46\pic18-lt\cxx-framework\src\traditional\proc\p18f4680.asm
                    TXREG   0x000fad       data     extern E:\3.46\pic18-lt\cxx-framework\src\traditional\proc\p18f4680.asm
                    RCREG   0x000fae       data     extern E:\3.46\pic18-lt\cxx-framework\src\traditional\proc\p18f4680.asm
                    SPBRG   0x000faf       data     extern E:\3.46\pic18-lt\cxx-framework\src\traditional\proc\p18f4680.asm
                   SPBRGH   0x000fb0       data     extern E:\3.46\pic18-lt\cxx-framework\src\traditional\proc\p18f4680.asm
                    T3CON   0x000fb1       data     extern E:\3.46\pic18-lt\cxx-framework\src\traditional\proc\p18f4680.asm
                T3CONbits   0x000fb1       data     extern E:\3.46\pic18-lt\cxx-framework\src\traditional\proc\p18f4680.asm
                    TMR3L   0x000fb2       data     extern E:\3.46\pic18-lt\cxx-framework\src\traditional\proc\p18f4680.asm
                    TMR3H   0x000fb3       data     extern E:\3.46\pic18-lt\cxx-framework\src\traditional\proc\p18f4680.asm
                CMCONbits   0x000fb4       data     extern E:\3.46\pic18-lt\cxx-framework\src\traditional\proc\p18f4680.asm
                    CMCON   0x000fb4       data     extern E:\3.46\pic18-lt\cxx-framework\src\traditional\proc\p18f4680.asm
               CVRCONbits   0x000fb5       data     extern E:\3.46\pic18-lt\cxx-framework\src\traditional\proc\p18f4680.asm
                   CVRCON   0x000fb5       data     extern E:\3.46\pic18-lt\cxx-framework\src\traditional\proc\p18f4680.asm
              ECCP1ASbits   0x000fb6       data     extern E:\3.46\pic18-lt\cxx-framework\src\traditional\proc\p18f4680.asm
                  ECCP1AS   0x000fb6       data     extern E:\3.46\pic18-lt\cxx-framework\src\traditional\proc\p18f4680.asm
             ECCP1DELbits   0x000fb7       data     extern E:\3.46\pic18-lt\cxx-framework\src\traditional\proc\p18f4680.asm
                 ECCP1DEL   0x000fb7       data     extern E:\3.46\pic18-lt\cxx-framework\src\traditional\proc\p18f4680.asm
              BAUDCTLbits   0x000fb8       data     extern E:\3.46\pic18-lt\cxx-framework\src\traditional\proc\p18f4680.asm
                  BAUDCTL   0x000fb8       data     extern E:\3.46\pic18-lt\cxx-framework\src\traditional\proc\p18f4680.asm
              BAUDCONbits   0x000fb8       data     extern E:\3.46\pic18-lt\cxx-framework\src\traditional\proc\p18f4680.asm
                  BAUDCON   0x000fb8       data     extern E:\3.46\pic18-lt\cxx-framework\src\traditional\proc\p18f4680.asm
             ECCP1CONbits   0x000fba       data     extern E:\3.46\pic18-lt\cxx-framework\src\traditional\proc\p18f4680.asm
                 ECCP1CON   0x000fba       data     extern E:\3.46\pic18-lt\cxx-framework\src\traditional\proc\p18f4680.asm
                   ECCPR1   0x000fbb       data     extern E:\3.46\pic18-lt\cxx-framework\src\traditional\proc\p18f4680.asm
                  ECCPR1L   0x000fbb       data     extern E:\3.46\pic18-lt\cxx-framework\src\traditional\proc\p18f4680.asm
                  ECCPR1H   0x000fbc       data     extern E:\3.46\pic18-lt\cxx-framework\src\traditional\proc\p18f4680.asm
              CCP1CONbits   0x000fbd       data     extern E:\3.46\pic18-lt\cxx-framework\src\traditional\proc\p18f4680.asm
                  CCP1CON   0x000fbd       data     extern E:\3.46\pic18-lt\cxx-framework\src\traditional\proc\p18f4680.asm
                   CCPR1L   0x000fbe       data     extern E:\3.46\pic18-lt\cxx-framework\src\traditional\proc\p18f4680.asm
                    CCPR1   0x000fbe       data     extern E:\3.46\pic18-lt\cxx-framework\src\traditional\proc\p18f4680.asm
                   CCPR1H   0x000fbf       data     extern E:\3.46\pic18-lt\cxx-framework\src\traditional\proc\p18f4680.asm
                   ADCON2   0x000fc0       data     extern E:\3.46\pic18-lt\cxx-framework\src\traditional\proc\p18f4680.asm
               ADCON2bits   0x000fc0       data     extern E:\3.46\pic18-lt\cxx-framework\src\traditional\proc\p18f4680.asm
                   ADCON1   0x000fc1       data     extern E:\3.46\pic18-lt\cxx-framework\src\traditional\proc\p18f4680.asm
               ADCON1bits   0x000fc1       data     extern E:\3.46\pic18-lt\cxx-framework\src\traditional\proc\p18f4680.asm
                   ADCON0   0x000fc2       data     extern E:\3.46\pic18-lt\cxx-framework\src\traditional\proc\p18f4680.asm
               ADCON0bits   0x000fc2       data     extern E:\3.46\pic18-lt\cxx-framework\src\traditional\proc\p18f4680.asm
                    ADRES   0x000fc3       data     extern E:\3.46\pic18-lt\cxx-framework\src\traditional\proc\p18f4680.asm
                   ADRESL   0x000fc3       data     extern E:\3.46\pic18-lt\cxx-framework\src\traditional\proc\p18f4680.asm
                   ADRESH   0x000fc4       data     extern E:\3.46\pic18-lt\cxx-framework\src\traditional\proc\p18f4680.asm
              SSPCON2bits   0x000fc5       data     extern E:\3.46\pic18-lt\cxx-framework\src\traditional\proc\p18f4680.asm
                  SSPCON2   0x000fc5       data     extern E:\3.46\pic18-lt\cxx-framework\src\traditional\proc\p18f4680.asm
              SSPCON1bits   0x000fc6       data     extern E:\3.46\pic18-lt\cxx-framework\src\traditional\proc\p18f4680.asm
                  SSPCON1   0x000fc6       data     extern E:\3.46\pic18-lt\cxx-framework\src\traditional\proc\p18f4680.asm
                  SSPSTAT   0x000fc7       data     extern E:\3.46\pic18-lt\cxx-framework\src\traditional\proc\p18f4680.asm
              SSPSTATbits   0x000fc7       data     extern E:\3.46\pic18-lt\cxx-framework\src\traditional\proc\p18f4680.asm
                   SSPADD   0x000fc8       data     extern E:\3.46\pic18-lt\cxx-framework\src\traditional\proc\p18f4680.asm
                   SSPBUF   0x000fc9       data     extern E:\3.46\pic18-lt\cxx-framework\src\traditional\proc\p18f4680.asm
                T2CONbits   0x000fca       data     extern E:\3.46\pic18-lt\cxx-framework\src\traditional\proc\p18f4680.asm
                    T2CON   0x000fca       data     extern E:\3.46\pic18-lt\cxx-framework\src\traditional\proc\p18f4680.asm
                      PR2   0x000fcb       data     extern E:\3.46\pic18-lt\cxx-framework\src\traditional\proc\p18f4680.asm
                     TMR2   0x000fcc       data     extern E:\3.46\pic18-lt\cxx-framework\src\traditional\proc\p18f4680.asm
                    T1CON   0x000fcd       data     extern E:\3.46\pic18-lt\cxx-framework\src\traditional\proc\p18f4680.asm
                T1CONbits   0x000fcd       data     extern E:\3.46\pic18-lt\cxx-framework\src\traditional\proc\p18f4680.asm
                    TMR1L   0x000fce       data     extern E:\3.46\pic18-lt\cxx-framework\src\traditional\proc\p18f4680.asm
                    TMR1H   0x000fcf       data     extern E:\3.46\pic18-lt\cxx-framework\src\traditional\proc\p18f4680.asm
                     RCON   0x000fd0       data     extern E:\3.46\pic18-lt\cxx-framework\src\traditional\proc\p18f4680.asm
                 RCONbits   0x000fd0       data     extern E:\3.46\pic18-lt\cxx-framework\src\traditional\proc\p18f4680.asm
                   WDTCON   0x000fd1       data     extern E:\3.46\pic18-lt\cxx-framework\src\traditional\proc\p18f4680.asm
               WDTCONbits   0x000fd1       data     extern E:\3.46\pic18-lt\cxx-framework\src\traditional\proc\p18f4680.asm
                   LVDCON   0x000fd2       data     extern E:\3.46\pic18-lt\cxx-framework\src\traditional\proc\p18f4680.asm
               LVDCONbits   0x000fd2       data     extern E:\3.46\pic18-lt\cxx-framework\src\traditional\proc\p18f4680.asm
                  HLVDCON   0x000fd2       data     extern E:\3.46\pic18-lt\cxx-framework\src\traditional\proc\p18f4680.asm
              HLVDCONbits   0x000fd2       data     extern E:\3.46\pic18-lt\cxx-framework\src\traditional\proc\p18f4680.asm
               OSCCONbits   0x000fd3       data     extern E:\3.46\pic18-lt\cxx-framework\src\traditional\proc\p18f4680.asm
                   OSCCON   0x000fd3       data     extern E:\3.46\pic18-lt\cxx-framework\src\traditional\proc\p18f4680.asm
                T0CONbits   0x000fd5       data     extern E:\3.46\pic18-lt\cxx-framework\src\traditional\proc\p18f4680.asm
                    T0CON   0x000fd5       data     extern E:\3.46\pic18-lt\cxx-framework\src\traditional\proc\p18f4680.asm
                    TMR0L   0x000fd6       data     extern E:\3.46\pic18-lt\cxx-framework\src\traditional\proc\p18f4680.asm
                    TMR0H   0x000fd7       data     extern E:\3.46\pic18-lt\cxx-framework\src\traditional\proc\p18f4680.asm
                   STATUS   0x000fd8       data     extern E:\3.46\pic18-lt\cxx-framework\src\traditional\proc\p18f4680.asm
               STATUSbits   0x000fd8       data     extern E:\3.46\pic18-lt\cxx-framework\src\traditional\proc\p18f4680.asm
                    FSR2L   0x000fd9       data     extern E:\3.46\pic18-lt\cxx-framework\src\traditional\proc\p18f4680.asm
                     FSR2   0x000fd9       data     extern E:\3.46\pic18-lt\cxx-framework\src\traditional\proc\p18f4680.asm
                    FSR2H   0x000fda       data     extern E:\3.46\pic18-lt\cxx-framework\src\traditional\proc\p18f4680.asm
                   PLUSW2   0x000fdb       data     extern E:\3.46\pic18-lt\cxx-framework\src\traditional\proc\p18f4680.asm
                  PREINC2   0x000fdc       data     extern E:\3.46\pic18-lt\cxx-framework\src\traditional\proc\p18f4680.asm
                 POSTDEC2   0x000fdd       data     extern E:\3.46\pic18-lt\cxx-framework\src\traditional\proc\p18f4680.asm
                 POSTINC2   0x000fde       data     extern E:\3.46\pic18-lt\cxx-framework\src\traditional\proc\p18f4680.asm
                    INDF2   0x000fdf       data     extern E:\3.46\pic18-lt\cxx-framework\src\traditional\proc\p18f4680.asm
                      BSR   0x000fe0       data     extern E:\3.46\pic18-lt\cxx-framework\src\traditional\proc\p18f4680.asm
                     FSR1   0x000fe1       data     extern E:\3.46\pic18-lt\cxx-framework\src\traditional\proc\p18f4680.asm
                    FSR1L   0x000fe1       data     extern E:\3.46\pic18-lt\cxx-framework\src\traditional\proc\p18f4680.asm
                    FSR1H   0x000fe2       data     extern E:\3.46\pic18-lt\cxx-framework\src\traditional\proc\p18f4680.asm
                   PLUSW1   0x000fe3       data     extern E:\3.46\pic18-lt\cxx-framework\src\traditional\proc\p18f4680.asm
                  PREINC1   0x000fe4       data     extern E:\3.46\pic18-lt\cxx-framework\src\traditional\proc\p18f4680.asm
                 POSTDEC1   0x000fe5       data     extern E:\3.46\pic18-lt\cxx-framework\src\traditional\proc\p18f4680.asm
                 POSTINC1   0x000fe6       data     extern E:\3.46\pic18-lt\cxx-framework\src\traditional\proc\p18f4680.asm
                    INDF1   0x000fe7       data     extern E:\3.46\pic18-lt\cxx-framework\src\traditional\proc\p18f4680.asm
                     WREG   0x000fe8       data     extern E:\3.46\pic18-lt\cxx-framework\src\traditional\proc\p18f4680.asm
                    FSR0L   0x000fe9       data     extern E:\3.46\pic18-lt\cxx-framework\src\traditional\proc\p18f4680.asm
                     FSR0   0x000fe9       data     extern E:\3.46\pic18-lt\cxx-framework\src\traditional\proc\p18f4680.asm
                    FSR0H   0x000fea       data     extern E:\3.46\pic18-lt\cxx-framework\src\traditional\proc\p18f4680.asm
                   PLUSW0   0x000feb       data     extern E:\3.46\pic18-lt\cxx-framework\src\traditional\proc\p18f4680.asm
                  PREINC0   0x000fec       data     extern E:\3.46\pic18-lt\cxx-framework\src\traditional\proc\p18f4680.asm
                 POSTDEC0   0x000fed       data     extern E:\3.46\pic18-lt\cxx-framework\src\traditional\proc\p18f4680.asm
                 POSTINC0   0x000fee       data     extern E:\3.46\pic18-lt\cxx-framework\src\traditional\proc\p18f4680.asm
                    INDF0   0x000fef       data     extern E:\3.46\pic18-lt\cxx-framework\src\traditional\proc\p18f4680.asm
                  INTCON3   0x000ff0       data     extern E:\3.46\pic18-lt\cxx-framework\src\traditional\proc\p18f4680.asm
              INTCON3bits   0x000ff0       data     extern E:\3.46\pic18-lt\cxx-framework\src\traditional\proc\p18f4680.asm
                  INTCON2   0x000ff1       data     extern E:\3.46\pic18-lt\cxx-framework\src\traditional\proc\p18f4680.asm
              INTCON2bits   0x000ff1       data     extern E:\3.46\pic18-lt\cxx-framework\src\traditional\proc\p18f4680.asm
                   INTCON   0x000ff2       data     extern E:\3.46\pic18-lt\cxx-framework\src\traditional\proc\p18f4680.asm
               INTCONbits   0x000ff2       data     extern E:\3.46\pic18-lt\cxx-framework\src\traditional\proc\p18f4680.asm
                     PROD   0x000ff3       data     extern E:\3.46\pic18-lt\cxx-framework\src\traditional\proc\p18f4680.asm
                    PRODL   0x000ff3       data     extern E:\3.46\pic18-lt\cxx-framework\src\traditional\proc\p18f4680.asm
                    PRODH   0x000ff4       data     extern E:\3.46\pic18-lt\cxx-framework\src\traditional\proc\p18f4680.asm
                   TABLAT   0x000ff5       data     extern E:\3.46\pic18-lt\cxx-framework\src\traditional\proc\p18f4680.asm
                   TBLPTR   0x000ff6       data     extern E:\3.46\pic18-lt\cxx-framework\src\traditional\proc\p18f4680.asm
                  TBLPTRL   0x000ff6       data     extern E:\3.46\pic18-lt\cxx-framework\src\traditional\proc\p18f4680.asm
                  TBLPTRH   0x000ff7       data     extern E:\3.46\pic18-lt\cxx-framework\src\traditional\proc\p18f4680.asm
                  TBLPTRU   0x000ff8       data     extern E:\3.46\pic18-lt\cxx-framework\src\traditional\proc\p18f4680.asm
                       PC   0x000ff9       data     extern E:\3.46\pic18-lt\cxx-framework\src\traditional\proc\p18f4680.asm
                      PCL   0x000ff9       data     extern E:\3.46\pic18-lt\cxx-framework\src\traditional\proc\p18f4680.asm
                   PCLATH   0x000ffa       data     extern E:\3.46\pic18-lt\cxx-framework\src\traditional\proc\p18f4680.asm
                   PCLATU   0x000ffb       data     extern E:\3.46\pic18-lt\cxx-framework\src\traditional\proc\p18f4680.asm
                   STKPTR   0x000ffc       data     extern E:\3.46\pic18-lt\cxx-framework\src\traditional\proc\p18f4680.asm
               STKPTRbits   0x000ffc       data     extern E:\3.46\pic18-lt\cxx-framework\src\traditional\proc\p18f4680.asm
                     TOSL   0x000ffd       data     extern E:\3.46\pic18-lt\cxx-framework\src\traditional\proc\p18f4680.asm
                      TOS   0x000ffd       data     extern E:\3.46\pic18-lt\cxx-framework\src\traditional\proc\p18f4680.asm
                     TOSH   0x000ffe       data     extern E:\3.46\pic18-lt\cxx-framework\src\traditional\proc\p18f4680.asm
                     TOSU   0x000fff       data     extern E:\3.46\pic18-lt\cxx-framework\src\traditional\proc\p18f4680.asm


