MPLINK 5.00, LINKER
Linker Map File - Created Sun Jul 20 21:21:57 2025

                                 Section Info
                  Section       Type    Address   Location Size(Bytes)
                ---------  ---------  ---------  ---------  ---------
               _entry_scn       code   0x000000    program   0x000006
           .code___init.o       code   0x000006    program   0x000002
              high_vector       code   0x000008    program   0x000006
        .idata_stdout.o_i    romdata   0x00000e    program   0x000002
               low_vector       code   0x000018    program   0x000006
                   .cinit    romdata   0x00001e    program   0x00001a
             .code_main.o       code   0x000038    program   0x00b79c
         .code_vfprintf.o       code   0x00b7d4    program   0x000c22
         .code_ECANPoll.o       code   0x00c3f6    program   0x00081e
             .stringtable    romdata   0x00cc14    program   0x0004cf
      .romdata_fxd3232u.o    romdata   0x00d0e3    program   0x000000
       .idata_fxm3232.o_i    romdata   0x00d0e3    program   0x000000
       .romdata_fxm3232.o    romdata   0x00d0e3    program   0x000000
        .idata___init.o_i    romdata   0x00d0e3    program   0x000000
        .romdata___init.o    romdata   0x00d0e3    program   0x000000
         .idata_errno.o_i    romdata   0x00d0e3    program   0x000000
         .romdata_errno.o    romdata   0x00d0e3    program   0x000000
        .idata_printf.o_i    romdata   0x00d0e3    program   0x000000
        .romdata_printf.o    romdata   0x00d0e3    program   0x000000
          .romdata_putc.o    romdata   0x00d0e3    program   0x000000
          .idata_putc.o_i    romdata   0x00d0e3    program   0x000000
       .idata_sprintf.o_i    romdata   0x00d0e3    program   0x000000
       .romdata_sprintf.o    romdata   0x00d0e3    program   0x000000
        .romdata_stdout.o    romdata   0x00d0e3    program   0x000000
      .idata_vfprintf.o_i    romdata   0x00d0e3    program   0x000000
         .idata_c018i.o_i    romdata   0x00d0e3    program   0x000000
         .romdata_c018i.o    romdata   0x00d0e3    program   0x000000
      .idata_ECANPoll.o_i    romdata   0x00d0e3    program   0x000000
      .romdata_ECANPoll.o    romdata   0x00d0e3    program   0x000000
          .romdata_main.o    romdata   0x00d0e3    program   0x000000
      .idata_fxd3232u.o_i    romdata   0x00d0e3    program   0x000000
      .romdata_fxd1616u.o    romdata   0x00d0e3    program   0x000000
      .idata_fxd1616u.o_i    romdata   0x00d0e3    program   0x000000
            .code_c018i.o       code   0x00d0e4    program   0x000000
            .code_errno.o       code   0x00d0e4    program   0x000000
           .code_stdout.o       code   0x00d0e4    program   0x000000
                     PROG       code   0x00d0e4    program   0x00014a
                   STRING       code   0x00d22e    program   0x0000bc
          .code_sprintf.o       code   0x00d2ea    program   0x0000ac
               _cinit_scn       code   0x00d396    program   0x00009e
           .code_printf.o       code   0x00d434    program   0x000098
             .code_putc.o       code   0x00d4cc    program   0x000084
          .code_fxm3232.o       code   0x00d550    program   0x000070
         .code_fxd3232u.o       code   0x00d5c0    program   0x000048
         .code_fxd1616u.o       code   0x00d608    program   0x00002c
                    CTYPE       code   0x00d634    program   0x000024
                    .code       code   0x00d658    program   0x000020
             _startup_scn       code   0x00d678    program   0x00001c
                    STDIO       code   0x00d694    program   0x00001c
      .romdata_vfprintf.o    romdata   0x00d6b0    program   0x000011
          .idata_main.o_i    romdata   0x00d6c1    program   0x000014
    .config_300001_main.o    romdata   0x300001    program   0x000001
    .config_300002_main.o    romdata   0x300002    program   0x000001
    .config_300003_main.o    romdata   0x300003    program   0x000001
    .config_300005_main.o    romdata   0x300005    program   0x000001
    .config_300006_main.o    romdata   0x300006    program   0x000001
                MATH_DATA      udata   0x000000       data   0x000014
              low_isr_tmp      udata   0x000014       data   0x00000c
                 .tmpdata      udata   0x000020       data   0x000008
             high_isr_tmp      udata   0x000028       data   0x000003
            .idata_main.o      idata   0x000060       data   0x000014
        .udata_ECANPoll.o      udata   0x000074       data   0x000001
        .udata_fxd1616u.o      udata   0x000075       data   0x000000
        .idata_fxd1616u.o      idata   0x000075       data   0x000000
        .udata_fxd3232u.o      udata   0x000075       data   0x000000
        .idata_fxd3232u.o      idata   0x000075       data   0x000000
         .udata_fxm3232.o      udata   0x000075       data   0x000000
         .idata_fxm3232.o      idata   0x000075       data   0x000000
          .udata___init.o      udata   0x000075       data   0x000000
          .idata___init.o      idata   0x000075       data   0x000000
           .idata_errno.o      idata   0x000075       data   0x000000
          .udata_printf.o      udata   0x000075       data   0x000000
          .idata_printf.o      idata   0x000075       data   0x000000
         .udata_sprintf.o      udata   0x000075       data   0x000000
         .idata_sprintf.o      idata   0x000075       data   0x000000
          .udata_stdout.o      udata   0x000075       data   0x000000
        .udata_vfprintf.o      udata   0x000075       data   0x000000
        .idata_vfprintf.o      idata   0x000075       data   0x000000
            .udata_putc.o      udata   0x000075       data   0x000000
            .idata_putc.o      idata   0x000075       data   0x000000
        .idata_ECANPoll.o      idata   0x000075       data   0x000000
           .idata_c018i.o      idata   0x000075       data   0x000000
                   .stack      udata   0x000100       data   0x000100
            .udata_main.o      udata   0x000200       data   0x0000f2
           .udata_c018i.o      udata   0x0002f2       data   0x00000a
           .udata_errno.o      udata   0x0002fc       data   0x000002
          .idata_stdout.o      idata   0x0002fe       data   0x000002
                    USART      udata   0x000300       data   0x00007f
                 PROTOCOL      udata   0x000400       data   0x0008d0
              SFR_BANKED0      udata   0x000d60       data   0x00000c
              SFR_BANKED1      udata   0x000d70       data   0x00000c
              SFR_BANKED2      udata   0x000d80       data   0x00000c
              SFR_BANKED3      udata   0x000d90       data   0x000004
              SFR_BANKED4      udata   0x000dd4       data   0x000002
              SFR_BANKED5      udata   0x000dd8       data   0x000001
              SFR_BANKED6      udata   0x000de0       data   0x000008
              SFR_BANKED7      udata   0x000df0       data   0x000004
              SFR_BANKED8      udata   0x000df8       data   0x000001
              SFR_BANKED9      udata   0x000dfa       data   0x000001
             SFR_BANKED10      udata   0x000dfc       data   0x000001
             SFR_BANKED11      udata   0x000e20       data   0x000060
             SFR_BANKED12      udata   0x000f00       data   0x000060
            SFR_UNBANKED0      udata   0x000f60       data   0x000018
            SFR_UNBANKED1      udata   0x000f80       data   0x000080



                              Program Memory Usage 
                               Start         End      
                           ---------   ---------      
                            0x000000    0x00000f      
                            0x000018    0x00d0e2      
                            0x00d0e4    0x00d6d4      
                            0x300001    0x300003      
                            0x300005    0x300006      
            54993 out of 66584 program addresses used, program memory utilization is 82%



                              Symbols - Sorted by Name
                     Name    Address   Location    Storage File                     
                ---------  ---------  ---------  --------- ---------                
             CANsendDelay   0x008fdc    program     extern C:\Users\caven\Documents\TRAIN ELECTRIQUE\RESEAU_BARRAUX\DEVELOPPEMENT_BOARD_CAN\GITHUB\RAIL_DRIVER_FW_V1.3\main.c
          CalibMinMaxKnob   0x0000b2    program     extern C:\Users\caven\Documents\TRAIN ELECTRIQUE\RESEAU_BARRAUX\DEVELOPPEMENT_BOARD_CAN\GITHUB\RAIL_DRIVER_FW_V1.3\main.c
                   D1616S   0x00d106    program     static E:\3.46\pic18-lt\cxx-framework\src\traditional\math\fxd1616s.asm
                D1616SNEG   0x00d114    program     static E:\3.46\pic18-lt\cxx-framework\src\traditional\math\fxd1616s.asm
                 D1616SOK   0x00d110    program     static E:\3.46\pic18-lt\cxx-framework\src\traditional\math\fxd1616s.asm
                  D1616SX   0x00d126    program     static E:\3.46\pic18-lt\cxx-framework\src\traditional\math\fxd1616s.asm
                   D3232S   0x00d160    program     static E:\3.46\pic18-lt\cxx-framework\src\traditional\math\fxd3232s.asm
                D3232SNEG   0x00d16e    program     static E:\3.46\pic18-lt\cxx-framework\src\traditional\math\fxd3232s.asm
                 D3232SOK   0x00d16a    program     static E:\3.46\pic18-lt\cxx-framework\src\traditional\math\fxd3232s.asm
                  D3232SX   0x00d18e    program     static E:\3.46\pic18-lt\cxx-framework\src\traditional\math\fxd3232s.asm
                  DA1616S   0x00d0f6    program     static E:\3.46\pic18-lt\cxx-framework\src\traditional\math\fxd1616s.asm
                  DA3232S   0x00d14a    program     static E:\3.46\pic18-lt\cxx-framework\src\traditional\math\fxd3232s.asm
           ECANInitialize   0x00c3f6    program     extern C:\Users\caven\Documents\TRAIN ELECTRIQUE\RESEAU_BARRAUX\DEVELOPPEMENT_BOARD_CAN\GITHUB\RAIL_DRIVER_FW_V1.3\ECANPoll.c
       ECANReceiveMessage   0x00c64e    program     extern C:\Users\caven\Documents\TRAIN ELECTRIQUE\RESEAU_BARRAUX\DEVELOPPEMENT_BOARD_CAN\GITHUB\RAIL_DRIVER_FW_V1.3\ECANPoll.c
          ECANSendMessage   0x00c444    program     extern C:\Users\caven\Documents\TRAIN ELECTRIQUE\RESEAU_BARRAUX\DEVELOPPEMENT_BOARD_CAN\GITHUB\RAIL_DRIVER_FW_V1.3\ECANPoll.c
     ECANSetOperationMode   0x00c858    program     extern C:\Users\caven\Documents\TRAIN ELECTRIQUE\RESEAU_BARRAUX\DEVELOPPEMENT_BOARD_CAN\GITHUB\RAIL_DRIVER_FW_V1.3\ECANPoll.c
                 FXD1616S   0x00d0e4    program     extern E:\3.46\pic18-lt\cxx-framework\src\traditional\math\fxd1616s.asm
                 FXD1616U   0x00d608    program     extern E:\3.46\pic18-lt\cxx-framework\src\traditional\math\fxd1616u.c
                 FXD3232S   0x00d130    program     extern E:\3.46\pic18-lt\cxx-framework\src\traditional\math\fxd3232s.asm
                 FXD3232U   0x00d5c0    program     extern E:\3.46\pic18-lt\cxx-framework\src\traditional\math\fxd3232u.c
                 FXM1616S   0x00d198    program     extern E:\3.46\pic18-lt\cxx-framework\src\traditional\math\fxm1616s.asm
                 FXM1616U   0x00d1f2    program     extern E:\3.46\pic18-lt\cxx-framework\src\traditional\math\fxm1616u.asm
                  FXM3232   0x00d550    program     extern E:\3.46\pic18-lt\cxx-framework\src\traditional\math\fxm3232.c
       PIC18FMainSettings   0x00b15c    program     extern C:\Users\caven\Documents\TRAIN ELECTRIQUE\RESEAU_BARRAUX\DEVELOPPEMENT_BOARD_CAN\GITHUB\RAIL_DRIVER_FW_V1.3\main.c
               ReadEEPROM   0x000038    program     extern C:\Users\caven\Documents\TRAIN ELECTRIQUE\RESEAU_BARRAUX\DEVELOPPEMENT_BOARD_CAN\GITHUB\RAIL_DRIVER_FW_V1.3\main.c
         ReadEEPROMConfig   0x0003fc    program     extern C:\Users\caven\Documents\TRAIN ELECTRIQUE\RESEAU_BARRAUX\DEVELOPPEMENT_BOARD_CAN\GITHUB\RAIL_DRIVER_FW_V1.3\main.c
              ResetEEPROM   0x0002e4    program     extern C:\Users\caven\Documents\TRAIN ELECTRIQUE\RESEAU_BARRAUX\DEVELOPPEMENT_BOARD_CAN\GITHUB\RAIL_DRIVER_FW_V1.3\main.c
           TM1637_display   0x009c68    program     extern C:\Users\caven\Documents\TRAIN ELECTRIQUE\RESEAU_BARRAUX\DEVELOPPEMENT_BOARD_CAN\GITHUB\RAIL_DRIVER_FW_V1.3\main.c
              TM1637_init   0x009ad2    program     extern C:\Users\caven\Documents\TRAIN ELECTRIQUE\RESEAU_BARRAUX\DEVELOPPEMENT_BOARD_CAN\GITHUB\RAIL_DRIVER_FW_V1.3\main.c
     TM1637_setBrightness   0x009cb6    program     extern C:\Users\caven\Documents\TRAIN ELECTRIQUE\RESEAU_BARRAUX\DEVELOPPEMENT_BOARD_CAN\GITHUB\RAIL_DRIVER_FW_V1.3\main.c
             TM1637_write   0x009ad6    program     extern C:\Users\caven\Documents\TRAIN ELECTRIQUE\RESEAU_BARRAUX\DEVELOPPEMENT_BOARD_CAN\GITHUB\RAIL_DRIVER_FW_V1.3\main.c
               TSIGN1616A   0x00d1e4    program     static E:\3.46\pic18-lt\cxx-framework\src\traditional\math\fxm1616s.asm
     WriteCompletedEEPROM   0x000770    program     extern C:\Users\caven\Documents\TRAIN ELECTRIQUE\RESEAU_BARRAUX\DEVELOPPEMENT_BOARD_CAN\GITHUB\RAIL_DRIVER_FW_V1.3\main.c
              WriteEEPROM   0x000794    program     extern C:\Users\caven\Documents\TRAIN ELECTRIQUE\RESEAU_BARRAUX\DEVELOPPEMENT_BOARD_CAN\GITHUB\RAIL_DRIVER_FW_V1.3\main.c
           WriteRdyEEPROM   0x000784    program     extern C:\Users\caven\Documents\TRAIN ELECTRIQUE\RESEAU_BARRAUX\DEVELOPPEMENT_BOARD_CAN\GITHUB\RAIL_DRIVER_FW_V1.3\main.c
                   _2jEnd   0x00d2d4    program     static E:\3.46\pic18-lt\cxx-framework\src\traditional\stdclib\slenpgm.asm
              _4jContinue   0x00d276    program     static E:\3.46\pic18-lt\cxx-framework\src\traditional\stdclib\strncmp.asm
                   _5jEnd   0x00d280    program     static E:\3.46\pic18-lt\cxx-framework\src\traditional\stdclib\strncmp.asm
             _CANIDToRegs   0x00c882    program     extern C:\Users\caven\Documents\TRAIN ELECTRIQUE\RESEAU_BARRAUX\DEVELOPPEMENT_BOARD_CAN\GITHUB\RAIL_DRIVER_FW_V1.3\ECANPoll.c
             _RegsToCANID   0x00ca42    program     extern C:\Users\caven\Documents\TRAIN ELECTRIQUE\RESEAU_BARRAUX\DEVELOPPEMENT_BOARD_CAN\GITHUB\RAIL_DRIVER_FW_V1.3\ECANPoll.c
       ___return_lbl00000   0x00d5be    program     static                          
       ___return_lbl00000   0x00d606    program     static                          
       ___return_lbl00000   0x00d632    program     static                          
       ___return_lbl00000   0x000004    program     static                          
       ___return_lbl00001   0x00d692    program     static                          
       ___return_lbl00002   0x00d432    program     static                          
       ___return_lbl00825   0x00000c    program     static                          
       ___return_lbl00835   0x00001c    program     static                          
               __config_0   0x300001    program     static C:\Users\caven\Documents\TRAIN ELECTRIQUE\RESEAU_BARRAUX\DEVELOPPEMENT_BOARD_CAN\GITHUB\RAIL_DRIVER_FW_V1.3\main.c
               __config_1   0x300002    program     static C:\Users\caven\Documents\TRAIN ELECTRIQUE\RESEAU_BARRAUX\DEVELOPPEMENT_BOARD_CAN\GITHUB\RAIL_DRIVER_FW_V1.3\main.c
               __config_2   0x300003    program     static C:\Users\caven\Documents\TRAIN ELECTRIQUE\RESEAU_BARRAUX\DEVELOPPEMENT_BOARD_CAN\GITHUB\RAIL_DRIVER_FW_V1.3\main.c
               __config_3   0x300005    program     static C:\Users\caven\Documents\TRAIN ELECTRIQUE\RESEAU_BARRAUX\DEVELOPPEMENT_BOARD_CAN\GITHUB\RAIL_DRIVER_FW_V1.3\main.c
               __config_4   0x300006    program     static C:\Users\caven\Documents\TRAIN ELECTRIQUE\RESEAU_BARRAUX\DEVELOPPEMENT_BOARD_CAN\GITHUB\RAIL_DRIVER_FW_V1.3\main.c
                   __init   0x000006    program     extern E:\3.46\pic18-lt\cxx-framework\src\traditional\stdclib\__init.c
                   __pa_0   0x00c114    program     static E:\3.46\pic18-lt\cxx-framework\src\traditional\stdclib\vfprintf.c
                   __pa_1   0x00c11c    program     static E:\3.46\pic18-lt\cxx-framework\src\traditional\stdclib\vfprintf.c
                  __pa_10   0x00c1d0    program     static E:\3.46\pic18-lt\cxx-framework\src\traditional\stdclib\vfprintf.c
                  __pa_11   0x00c1de    program     static E:\3.46\pic18-lt\cxx-framework\src\traditional\stdclib\vfprintf.c
                  __pa_12   0x00c1f4    program     static E:\3.46\pic18-lt\cxx-framework\src\traditional\stdclib\vfprintf.c
                  __pa_13   0x00c20e    program     static E:\3.46\pic18-lt\cxx-framework\src\traditional\stdclib\vfprintf.c
                  __pa_14   0x00c226    program     static E:\3.46\pic18-lt\cxx-framework\src\traditional\stdclib\vfprintf.c
                  __pa_15   0x00c236    program     static E:\3.46\pic18-lt\cxx-framework\src\traditional\stdclib\vfprintf.c
                  __pa_16   0x00c24c    program     static E:\3.46\pic18-lt\cxx-framework\src\traditional\stdclib\vfprintf.c
                  __pa_17   0x00c25e    program     static E:\3.46\pic18-lt\cxx-framework\src\traditional\stdclib\vfprintf.c
                  __pa_18   0x00c270    program     static E:\3.46\pic18-lt\cxx-framework\src\traditional\stdclib\vfprintf.c
                  __pa_19   0x00c27a    program     static E:\3.46\pic18-lt\cxx-framework\src\traditional\stdclib\vfprintf.c
                   __pa_2   0x00c126    program     static E:\3.46\pic18-lt\cxx-framework\src\traditional\stdclib\vfprintf.c
                  __pa_20   0x00c28a    program     static E:\3.46\pic18-lt\cxx-framework\src\traditional\stdclib\vfprintf.c
                  __pa_21   0x00c29a    program     static E:\3.46\pic18-lt\cxx-framework\src\traditional\stdclib\vfprintf.c
                  __pa_22   0x00c2aa    program     static E:\3.46\pic18-lt\cxx-framework\src\traditional\stdclib\vfprintf.c
                  __pa_23   0x00c2b6    program     static E:\3.46\pic18-lt\cxx-framework\src\traditional\stdclib\vfprintf.c
                  __pa_24   0x00c2c4    program     static E:\3.46\pic18-lt\cxx-framework\src\traditional\stdclib\vfprintf.c
                  __pa_25   0x00c2cc    program     static E:\3.46\pic18-lt\cxx-framework\src\traditional\stdclib\vfprintf.c
                  __pa_26   0x00c2d6    program     static E:\3.46\pic18-lt\cxx-framework\src\traditional\stdclib\vfprintf.c
                  __pa_27   0x00c2e0    program     static E:\3.46\pic18-lt\cxx-framework\src\traditional\stdclib\vfprintf.c
                  __pa_28   0x00c2e8    program     static E:\3.46\pic18-lt\cxx-framework\src\traditional\stdclib\vfprintf.c
                  __pa_29   0x00c2f6    program     static E:\3.46\pic18-lt\cxx-framework\src\traditional\stdclib\vfprintf.c
                   __pa_3   0x00c130    program     static E:\3.46\pic18-lt\cxx-framework\src\traditional\stdclib\vfprintf.c
                  __pa_30   0x00c312    program     static E:\3.46\pic18-lt\cxx-framework\src\traditional\stdclib\vfprintf.c
                  __pa_31   0x00c32c    program     static E:\3.46\pic18-lt\cxx-framework\src\traditional\stdclib\vfprintf.c
                  __pa_32   0x00c346    program     static E:\3.46\pic18-lt\cxx-framework\src\traditional\stdclib\vfprintf.c
                  __pa_33   0x00c35e    program     static E:\3.46\pic18-lt\cxx-framework\src\traditional\stdclib\vfprintf.c
                  __pa_34   0x00c368    program     static E:\3.46\pic18-lt\cxx-framework\src\traditional\stdclib\vfprintf.c
                  __pa_35   0x00c376    program     static E:\3.46\pic18-lt\cxx-framework\src\traditional\stdclib\vfprintf.c
                  __pa_36   0x00c37e    program     static E:\3.46\pic18-lt\cxx-framework\src\traditional\stdclib\vfprintf.c
                  __pa_37   0x00c388    program     static E:\3.46\pic18-lt\cxx-framework\src\traditional\stdclib\vfprintf.c
                  __pa_38   0x00c398    program     static E:\3.46\pic18-lt\cxx-framework\src\traditional\stdclib\vfprintf.c
                  __pa_39   0x00c3a6    program     static E:\3.46\pic18-lt\cxx-framework\src\traditional\stdclib\vfprintf.c
                   __pa_4   0x00c148    program     static E:\3.46\pic18-lt\cxx-framework\src\traditional\stdclib\vfprintf.c
                  __pa_40   0x00c3b2    program     static E:\3.46\pic18-lt\cxx-framework\src\traditional\stdclib\vfprintf.c
                  __pa_41   0x00c3be    program     static E:\3.46\pic18-lt\cxx-framework\src\traditional\stdclib\vfprintf.c
                  __pa_42   0x00c3c6    program     static E:\3.46\pic18-lt\cxx-framework\src\traditional\stdclib\vfprintf.c
                  __pa_43   0x00c3d0    program     static E:\3.46\pic18-lt\cxx-framework\src\traditional\stdclib\vfprintf.c
                  __pa_44   0x00c3d6    program     static E:\3.46\pic18-lt\cxx-framework\src\traditional\stdclib\vfprintf.c
                  __pa_45   0x00c3e0    program     static E:\3.46\pic18-lt\cxx-framework\src\traditional\stdclib\vfprintf.c
                  __pa_46   0x00c3ec    program     static E:\3.46\pic18-lt\cxx-framework\src\traditional\stdclib\vfprintf.c
                   __pa_5   0x00c15c    program     static E:\3.46\pic18-lt\cxx-framework\src\traditional\stdclib\vfprintf.c
                   __pa_6   0x00c178    program     static E:\3.46\pic18-lt\cxx-framework\src\traditional\stdclib\vfprintf.c
                   __pa_7   0x00c182    program     static E:\3.46\pic18-lt\cxx-framework\src\traditional\stdclib\vfprintf.c
                   __pa_8   0x00c18e    program     static E:\3.46\pic18-lt\cxx-framework\src\traditional\stdclib\vfprintf.c
                   __pa_9   0x00c1b0    program     static E:\3.46\pic18-lt\cxx-framework\src\traditional\stdclib\vfprintf.c
               __string_0   0x00d0cf    program     static C:\Users\caven\Documents\TRAIN ELECTRIQUE\RESEAU_BARRAUX\DEVELOPPEMENT_BOARD_CAN\GITHUB\RAIL_DRIVER_FW_V1.3\main.c
               __string_1   0x00d0b7    program     static C:\Users\caven\Documents\TRAIN ELECTRIQUE\RESEAU_BARRAUX\DEVELOPPEMENT_BOARD_CAN\GITHUB\RAIL_DRIVER_FW_V1.3\main.c
              __string_10   0x00d05f    program     static C:\Users\caven\Documents\TRAIN ELECTRIQUE\RESEAU_BARRAUX\DEVELOPPEMENT_BOARD_CAN\GITHUB\RAIL_DRIVER_FW_V1.3\main.c
             __string_100   0x00cc19    program     static C:\Users\caven\Documents\TRAIN ELECTRIQUE\RESEAU_BARRAUX\DEVELOPPEMENT_BOARD_CAN\GITHUB\RAIL_DRIVER_FW_V1.3\main.c
             __string_101   0x00cc14    program     static C:\Users\caven\Documents\TRAIN ELECTRIQUE\RESEAU_BARRAUX\DEVELOPPEMENT_BOARD_CAN\GITHUB\RAIL_DRIVER_FW_V1.3\main.c
              __string_11   0x00d051    program     static C:\Users\caven\Documents\TRAIN ELECTRIQUE\RESEAU_BARRAUX\DEVELOPPEMENT_BOARD_CAN\GITHUB\RAIL_DRIVER_FW_V1.3\main.c
              __string_12   0x00d042    program     static C:\Users\caven\Documents\TRAIN ELECTRIQUE\RESEAU_BARRAUX\DEVELOPPEMENT_BOARD_CAN\GITHUB\RAIL_DRIVER_FW_V1.3\main.c
              __string_13   0x00d02f    program     static C:\Users\caven\Documents\TRAIN ELECTRIQUE\RESEAU_BARRAUX\DEVELOPPEMENT_BOARD_CAN\GITHUB\RAIL_DRIVER_FW_V1.3\main.c
              __string_14   0x00d024    program     static C:\Users\caven\Documents\TRAIN ELECTRIQUE\RESEAU_BARRAUX\DEVELOPPEMENT_BOARD_CAN\GITHUB\RAIL_DRIVER_FW_V1.3\main.c
              __string_15   0x00d017    program     static C:\Users\caven\Documents\TRAIN ELECTRIQUE\RESEAU_BARRAUX\DEVELOPPEMENT_BOARD_CAN\GITHUB\RAIL_DRIVER_FW_V1.3\main.c
              __string_16   0x00d007    program     static C:\Users\caven\Documents\TRAIN ELECTRIQUE\RESEAU_BARRAUX\DEVELOPPEMENT_BOARD_CAN\GITHUB\RAIL_DRIVER_FW_V1.3\main.c
              __string_17   0x00cff6    program     static C:\Users\caven\Documents\TRAIN ELECTRIQUE\RESEAU_BARRAUX\DEVELOPPEMENT_BOARD_CAN\GITHUB\RAIL_DRIVER_FW_V1.3\main.c
              __string_18   0x00cfe6    program     static C:\Users\caven\Documents\TRAIN ELECTRIQUE\RESEAU_BARRAUX\DEVELOPPEMENT_BOARD_CAN\GITHUB\RAIL_DRIVER_FW_V1.3\main.c
              __string_19   0x00cfd7    program     static C:\Users\caven\Documents\TRAIN ELECTRIQUE\RESEAU_BARRAUX\DEVELOPPEMENT_BOARD_CAN\GITHUB\RAIL_DRIVER_FW_V1.3\main.c
               __string_2   0x00d0a9    program     static C:\Users\caven\Documents\TRAIN ELECTRIQUE\RESEAU_BARRAUX\DEVELOPPEMENT_BOARD_CAN\GITHUB\RAIL_DRIVER_FW_V1.3\main.c
              __string_20   0x00cfc1    program     static C:\Users\caven\Documents\TRAIN ELECTRIQUE\RESEAU_BARRAUX\DEVELOPPEMENT_BOARD_CAN\GITHUB\RAIL_DRIVER_FW_V1.3\main.c
              __string_21   0x00cfad    program     static C:\Users\caven\Documents\TRAIN ELECTRIQUE\RESEAU_BARRAUX\DEVELOPPEMENT_BOARD_CAN\GITHUB\RAIL_DRIVER_FW_V1.3\main.c
              __string_22   0x00cf95    program     static C:\Users\caven\Documents\TRAIN ELECTRIQUE\RESEAU_BARRAUX\DEVELOPPEMENT_BOARD_CAN\GITHUB\RAIL_DRIVER_FW_V1.3\main.c
              __string_23   0x00cf82    program     static C:\Users\caven\Documents\TRAIN ELECTRIQUE\RESEAU_BARRAUX\DEVELOPPEMENT_BOARD_CAN\GITHUB\RAIL_DRIVER_FW_V1.3\main.c
              __string_24   0x00cf73    program     static C:\Users\caven\Documents\TRAIN ELECTRIQUE\RESEAU_BARRAUX\DEVELOPPEMENT_BOARD_CAN\GITHUB\RAIL_DRIVER_FW_V1.3\main.c
              __string_25   0x00cf65    program     static C:\Users\caven\Documents\TRAIN ELECTRIQUE\RESEAU_BARRAUX\DEVELOPPEMENT_BOARD_CAN\GITHUB\RAIL_DRIVER_FW_V1.3\main.c
              __string_26   0x00cf55    program     static C:\Users\caven\Documents\TRAIN ELECTRIQUE\RESEAU_BARRAUX\DEVELOPPEMENT_BOARD_CAN\GITHUB\RAIL_DRIVER_FW_V1.3\main.c
              __string_27   0x00cf41    program     static C:\Users\caven\Documents\TRAIN ELECTRIQUE\RESEAU_BARRAUX\DEVELOPPEMENT_BOARD_CAN\GITHUB\RAIL_DRIVER_FW_V1.3\main.c
              __string_28   0x00cf30    program     static C:\Users\caven\Documents\TRAIN ELECTRIQUE\RESEAU_BARRAUX\DEVELOPPEMENT_BOARD_CAN\GITHUB\RAIL_DRIVER_FW_V1.3\main.c
              __string_29   0x00cf21    program     static C:\Users\caven\Documents\TRAIN ELECTRIQUE\RESEAU_BARRAUX\DEVELOPPEMENT_BOARD_CAN\GITHUB\RAIL_DRIVER_FW_V1.3\main.c
               __string_3   0x00d0a4    program     static C:\Users\caven\Documents\TRAIN ELECTRIQUE\RESEAU_BARRAUX\DEVELOPPEMENT_BOARD_CAN\GITHUB\RAIL_DRIVER_FW_V1.3\main.c
              __string_30   0x00cf0e    program     static C:\Users\caven\Documents\TRAIN ELECTRIQUE\RESEAU_BARRAUX\DEVELOPPEMENT_BOARD_CAN\GITHUB\RAIL_DRIVER_FW_V1.3\main.c
              __string_31   0x00cef5    program     static C:\Users\caven\Documents\TRAIN ELECTRIQUE\RESEAU_BARRAUX\DEVELOPPEMENT_BOARD_CAN\GITHUB\RAIL_DRIVER_FW_V1.3\main.c
              __string_32   0x00cee7    program     static C:\Users\caven\Documents\TRAIN ELECTRIQUE\RESEAU_BARRAUX\DEVELOPPEMENT_BOARD_CAN\GITHUB\RAIL_DRIVER_FW_V1.3\main.c
              __string_33   0x00ced3    program     static C:\Users\caven\Documents\TRAIN ELECTRIQUE\RESEAU_BARRAUX\DEVELOPPEMENT_BOARD_CAN\GITHUB\RAIL_DRIVER_FW_V1.3\main.c
              __string_34   0x00ceb8    program     static C:\Users\caven\Documents\TRAIN ELECTRIQUE\RESEAU_BARRAUX\DEVELOPPEMENT_BOARD_CAN\GITHUB\RAIL_DRIVER_FW_V1.3\main.c
              __string_35   0x00cea0    program     static C:\Users\caven\Documents\TRAIN ELECTRIQUE\RESEAU_BARRAUX\DEVELOPPEMENT_BOARD_CAN\GITHUB\RAIL_DRIVER_FW_V1.3\main.c
              __string_36   0x00ce8e    program     static C:\Users\caven\Documents\TRAIN ELECTRIQUE\RESEAU_BARRAUX\DEVELOPPEMENT_BOARD_CAN\GITHUB\RAIL_DRIVER_FW_V1.3\main.c
              __string_37   0x00ce80    program     static C:\Users\caven\Documents\TRAIN ELECTRIQUE\RESEAU_BARRAUX\DEVELOPPEMENT_BOARD_CAN\GITHUB\RAIL_DRIVER_FW_V1.3\main.c
              __string_38   0x00ce6d    program     static C:\Users\caven\Documents\TRAIN ELECTRIQUE\RESEAU_BARRAUX\DEVELOPPEMENT_BOARD_CAN\GITHUB\RAIL_DRIVER_FW_V1.3\main.c
              __string_39   0x00ce68    program     static C:\Users\caven\Documents\TRAIN ELECTRIQUE\RESEAU_BARRAUX\DEVELOPPEMENT_BOARD_CAN\GITHUB\RAIL_DRIVER_FW_V1.3\main.c
               __string_4   0x00d096    program     static C:\Users\caven\Documents\TRAIN ELECTRIQUE\RESEAU_BARRAUX\DEVELOPPEMENT_BOARD_CAN\GITHUB\RAIL_DRIVER_FW_V1.3\main.c
              __string_40   0x00ce61    program     static C:\Users\caven\Documents\TRAIN ELECTRIQUE\RESEAU_BARRAUX\DEVELOPPEMENT_BOARD_CAN\GITHUB\RAIL_DRIVER_FW_V1.3\main.c
              __string_41   0x00ce5d    program     static C:\Users\caven\Documents\TRAIN ELECTRIQUE\RESEAU_BARRAUX\DEVELOPPEMENT_BOARD_CAN\GITHUB\RAIL_DRIVER_FW_V1.3\main.c
              __string_42   0x00ce57    program     static C:\Users\caven\Documents\TRAIN ELECTRIQUE\RESEAU_BARRAUX\DEVELOPPEMENT_BOARD_CAN\GITHUB\RAIL_DRIVER_FW_V1.3\main.c
              __string_43   0x00ce51    program     static C:\Users\caven\Documents\TRAIN ELECTRIQUE\RESEAU_BARRAUX\DEVELOPPEMENT_BOARD_CAN\GITHUB\RAIL_DRIVER_FW_V1.3\main.c
              __string_44   0x00ce4c    program     static C:\Users\caven\Documents\TRAIN ELECTRIQUE\RESEAU_BARRAUX\DEVELOPPEMENT_BOARD_CAN\GITHUB\RAIL_DRIVER_FW_V1.3\main.c
              __string_45   0x00ce48    program     static C:\Users\caven\Documents\TRAIN ELECTRIQUE\RESEAU_BARRAUX\DEVELOPPEMENT_BOARD_CAN\GITHUB\RAIL_DRIVER_FW_V1.3\main.c
              __string_46   0x00ce44    program     static C:\Users\caven\Documents\TRAIN ELECTRIQUE\RESEAU_BARRAUX\DEVELOPPEMENT_BOARD_CAN\GITHUB\RAIL_DRIVER_FW_V1.3\main.c
              __string_47   0x00ce3f    program     static C:\Users\caven\Documents\TRAIN ELECTRIQUE\RESEAU_BARRAUX\DEVELOPPEMENT_BOARD_CAN\GITHUB\RAIL_DRIVER_FW_V1.3\main.c
              __string_48   0x00ce3c    program     static C:\Users\caven\Documents\TRAIN ELECTRIQUE\RESEAU_BARRAUX\DEVELOPPEMENT_BOARD_CAN\GITHUB\RAIL_DRIVER_FW_V1.3\main.c
              __string_49   0x00ce38    program     static C:\Users\caven\Documents\TRAIN ELECTRIQUE\RESEAU_BARRAUX\DEVELOPPEMENT_BOARD_CAN\GITHUB\RAIL_DRIVER_FW_V1.3\main.c
               __string_5   0x00d08f    program     static C:\Users\caven\Documents\TRAIN ELECTRIQUE\RESEAU_BARRAUX\DEVELOPPEMENT_BOARD_CAN\GITHUB\RAIL_DRIVER_FW_V1.3\main.c
              __string_50   0x00ce34    program     static C:\Users\caven\Documents\TRAIN ELECTRIQUE\RESEAU_BARRAUX\DEVELOPPEMENT_BOARD_CAN\GITHUB\RAIL_DRIVER_FW_V1.3\main.c
              __string_51   0x00ce2e    program     static C:\Users\caven\Documents\TRAIN ELECTRIQUE\RESEAU_BARRAUX\DEVELOPPEMENT_BOARD_CAN\GITHUB\RAIL_DRIVER_FW_V1.3\main.c
              __string_52   0x00ce27    program     static C:\Users\caven\Documents\TRAIN ELECTRIQUE\RESEAU_BARRAUX\DEVELOPPEMENT_BOARD_CAN\GITHUB\RAIL_DRIVER_FW_V1.3\main.c
              __string_53   0x00ce21    program     static C:\Users\caven\Documents\TRAIN ELECTRIQUE\RESEAU_BARRAUX\DEVELOPPEMENT_BOARD_CAN\GITHUB\RAIL_DRIVER_FW_V1.3\main.c
              __string_54   0x00ce1b    program     static C:\Users\caven\Documents\TRAIN ELECTRIQUE\RESEAU_BARRAUX\DEVELOPPEMENT_BOARD_CAN\GITHUB\RAIL_DRIVER_FW_V1.3\main.c
              __string_55   0x00ce15    program     static C:\Users\caven\Documents\TRAIN ELECTRIQUE\RESEAU_BARRAUX\DEVELOPPEMENT_BOARD_CAN\GITHUB\RAIL_DRIVER_FW_V1.3\main.c
              __string_56   0x00ce11    program     static C:\Users\caven\Documents\TRAIN ELECTRIQUE\RESEAU_BARRAUX\DEVELOPPEMENT_BOARD_CAN\GITHUB\RAIL_DRIVER_FW_V1.3\main.c
              __string_57   0x00ce09    program     static C:\Users\caven\Documents\TRAIN ELECTRIQUE\RESEAU_BARRAUX\DEVELOPPEMENT_BOARD_CAN\GITHUB\RAIL_DRIVER_FW_V1.3\main.c
              __string_58   0x00ce00    program     static C:\Users\caven\Documents\TRAIN ELECTRIQUE\RESEAU_BARRAUX\DEVELOPPEMENT_BOARD_CAN\GITHUB\RAIL_DRIVER_FW_V1.3\main.c
              __string_59   0x00cdfc    program     static C:\Users\caven\Documents\TRAIN ELECTRIQUE\RESEAU_BARRAUX\DEVELOPPEMENT_BOARD_CAN\GITHUB\RAIL_DRIVER_FW_V1.3\main.c
               __string_6   0x00d081    program     static C:\Users\caven\Documents\TRAIN ELECTRIQUE\RESEAU_BARRAUX\DEVELOPPEMENT_BOARD_CAN\GITHUB\RAIL_DRIVER_FW_V1.3\main.c
              __string_60   0x00cdf8    program     static C:\Users\caven\Documents\TRAIN ELECTRIQUE\RESEAU_BARRAUX\DEVELOPPEMENT_BOARD_CAN\GITHUB\RAIL_DRIVER_FW_V1.3\main.c
              __string_61   0x00cdf2    program     static C:\Users\caven\Documents\TRAIN ELECTRIQUE\RESEAU_BARRAUX\DEVELOPPEMENT_BOARD_CAN\GITHUB\RAIL_DRIVER_FW_V1.3\main.c
              __string_62   0x00cdec    program     static C:\Users\caven\Documents\TRAIN ELECTRIQUE\RESEAU_BARRAUX\DEVELOPPEMENT_BOARD_CAN\GITHUB\RAIL_DRIVER_FW_V1.3\main.c
              __string_63   0x00cde6    program     static C:\Users\caven\Documents\TRAIN ELECTRIQUE\RESEAU_BARRAUX\DEVELOPPEMENT_BOARD_CAN\GITHUB\RAIL_DRIVER_FW_V1.3\main.c
              __string_64   0x00cde1    program     static C:\Users\caven\Documents\TRAIN ELECTRIQUE\RESEAU_BARRAUX\DEVELOPPEMENT_BOARD_CAN\GITHUB\RAIL_DRIVER_FW_V1.3\main.c
              __string_65   0x00cddc    program     static C:\Users\caven\Documents\TRAIN ELECTRIQUE\RESEAU_BARRAUX\DEVELOPPEMENT_BOARD_CAN\GITHUB\RAIL_DRIVER_FW_V1.3\main.c
              __string_66   0x00cdd4    program     static C:\Users\caven\Documents\TRAIN ELECTRIQUE\RESEAU_BARRAUX\DEVELOPPEMENT_BOARD_CAN\GITHUB\RAIL_DRIVER_FW_V1.3\main.c
              __string_67   0x00cdcc    program     static C:\Users\caven\Documents\TRAIN ELECTRIQUE\RESEAU_BARRAUX\DEVELOPPEMENT_BOARD_CAN\GITHUB\RAIL_DRIVER_FW_V1.3\main.c
              __string_68   0x00cdc5    program     static C:\Users\caven\Documents\TRAIN ELECTRIQUE\RESEAU_BARRAUX\DEVELOPPEMENT_BOARD_CAN\GITHUB\RAIL_DRIVER_FW_V1.3\main.c
              __string_69   0x00cdbb    program     static C:\Users\caven\Documents\TRAIN ELECTRIQUE\RESEAU_BARRAUX\DEVELOPPEMENT_BOARD_CAN\GITHUB\RAIL_DRIVER_FW_V1.3\main.c
               __string_7   0x00d073    program     static C:\Users\caven\Documents\TRAIN ELECTRIQUE\RESEAU_BARRAUX\DEVELOPPEMENT_BOARD_CAN\GITHUB\RAIL_DRIVER_FW_V1.3\main.c
              __string_70   0x00cdb7    program     static C:\Users\caven\Documents\TRAIN ELECTRIQUE\RESEAU_BARRAUX\DEVELOPPEMENT_BOARD_CAN\GITHUB\RAIL_DRIVER_FW_V1.3\main.c
              __string_71   0x00cdb3    program     static C:\Users\caven\Documents\TRAIN ELECTRIQUE\RESEAU_BARRAUX\DEVELOPPEMENT_BOARD_CAN\GITHUB\RAIL_DRIVER_FW_V1.3\main.c
              __string_72   0x00cdad    program     static C:\Users\caven\Documents\TRAIN ELECTRIQUE\RESEAU_BARRAUX\DEVELOPPEMENT_BOARD_CAN\GITHUB\RAIL_DRIVER_FW_V1.3\main.c
              __string_73   0x00cda7    program     static C:\Users\caven\Documents\TRAIN ELECTRIQUE\RESEAU_BARRAUX\DEVELOPPEMENT_BOARD_CAN\GITHUB\RAIL_DRIVER_FW_V1.3\main.c
              __string_74   0x00cda1    program     static C:\Users\caven\Documents\TRAIN ELECTRIQUE\RESEAU_BARRAUX\DEVELOPPEMENT_BOARD_CAN\GITHUB\RAIL_DRIVER_FW_V1.3\main.c
              __string_75   0x00cd9b    program     static C:\Users\caven\Documents\TRAIN ELECTRIQUE\RESEAU_BARRAUX\DEVELOPPEMENT_BOARD_CAN\GITHUB\RAIL_DRIVER_FW_V1.3\main.c
              __string_76   0x00cd93    program     static C:\Users\caven\Documents\TRAIN ELECTRIQUE\RESEAU_BARRAUX\DEVELOPPEMENT_BOARD_CAN\GITHUB\RAIL_DRIVER_FW_V1.3\main.c
              __string_77   0x00cd8e    program     static C:\Users\caven\Documents\TRAIN ELECTRIQUE\RESEAU_BARRAUX\DEVELOPPEMENT_BOARD_CAN\GITHUB\RAIL_DRIVER_FW_V1.3\main.c
              __string_78   0x00cd85    program     static C:\Users\caven\Documents\TRAIN ELECTRIQUE\RESEAU_BARRAUX\DEVELOPPEMENT_BOARD_CAN\GITHUB\RAIL_DRIVER_FW_V1.3\main.c
              __string_79   0x00cd7b    program     static C:\Users\caven\Documents\TRAIN ELECTRIQUE\RESEAU_BARRAUX\DEVELOPPEMENT_BOARD_CAN\GITHUB\RAIL_DRIVER_FW_V1.3\main.c
               __string_8   0x00d066    program     static C:\Users\caven\Documents\TRAIN ELECTRIQUE\RESEAU_BARRAUX\DEVELOPPEMENT_BOARD_CAN\GITHUB\RAIL_DRIVER_FW_V1.3\main.c
              __string_80   0x00cd67    program     static C:\Users\caven\Documents\TRAIN ELECTRIQUE\RESEAU_BARRAUX\DEVELOPPEMENT_BOARD_CAN\GITHUB\RAIL_DRIVER_FW_V1.3\main.c
              __string_81   0x00cd5a    program     static C:\Users\caven\Documents\TRAIN ELECTRIQUE\RESEAU_BARRAUX\DEVELOPPEMENT_BOARD_CAN\GITHUB\RAIL_DRIVER_FW_V1.3\main.c
              __string_82   0x00cd53    program     static C:\Users\caven\Documents\TRAIN ELECTRIQUE\RESEAU_BARRAUX\DEVELOPPEMENT_BOARD_CAN\GITHUB\RAIL_DRIVER_FW_V1.3\main.c
              __string_83   0x00cd41    program     static C:\Users\caven\Documents\TRAIN ELECTRIQUE\RESEAU_BARRAUX\DEVELOPPEMENT_BOARD_CAN\GITHUB\RAIL_DRIVER_FW_V1.3\main.c
              __string_84   0x00cd27    program     static C:\Users\caven\Documents\TRAIN ELECTRIQUE\RESEAU_BARRAUX\DEVELOPPEMENT_BOARD_CAN\GITHUB\RAIL_DRIVER_FW_V1.3\main.c
              __string_85   0x00cd15    program     static C:\Users\caven\Documents\TRAIN ELECTRIQUE\RESEAU_BARRAUX\DEVELOPPEMENT_BOARD_CAN\GITHUB\RAIL_DRIVER_FW_V1.3\main.c
              __string_86   0x00ccfb    program     static C:\Users\caven\Documents\TRAIN ELECTRIQUE\RESEAU_BARRAUX\DEVELOPPEMENT_BOARD_CAN\GITHUB\RAIL_DRIVER_FW_V1.3\main.c
              __string_87   0x00cce9    program     static C:\Users\caven\Documents\TRAIN ELECTRIQUE\RESEAU_BARRAUX\DEVELOPPEMENT_BOARD_CAN\GITHUB\RAIL_DRIVER_FW_V1.3\main.c
              __string_88   0x00cccf    program     static C:\Users\caven\Documents\TRAIN ELECTRIQUE\RESEAU_BARRAUX\DEVELOPPEMENT_BOARD_CAN\GITHUB\RAIL_DRIVER_FW_V1.3\main.c
              __string_89   0x00ccbd    program     static C:\Users\caven\Documents\TRAIN ELECTRIQUE\RESEAU_BARRAUX\DEVELOPPEMENT_BOARD_CAN\GITHUB\RAIL_DRIVER_FW_V1.3\main.c
               __string_9   0x00d060    program     static C:\Users\caven\Documents\TRAIN ELECTRIQUE\RESEAU_BARRAUX\DEVELOPPEMENT_BOARD_CAN\GITHUB\RAIL_DRIVER_FW_V1.3\main.c
              __string_90   0x00cca3    program     static C:\Users\caven\Documents\TRAIN ELECTRIQUE\RESEAU_BARRAUX\DEVELOPPEMENT_BOARD_CAN\GITHUB\RAIL_DRIVER_FW_V1.3\main.c
              __string_91   0x00cc95    program     static C:\Users\caven\Documents\TRAIN ELECTRIQUE\RESEAU_BARRAUX\DEVELOPPEMENT_BOARD_CAN\GITHUB\RAIL_DRIVER_FW_V1.3\main.c
              __string_92   0x00cc87    program     static C:\Users\caven\Documents\TRAIN ELECTRIQUE\RESEAU_BARRAUX\DEVELOPPEMENT_BOARD_CAN\GITHUB\RAIL_DRIVER_FW_V1.3\main.c
              __string_93   0x00cc7e    program     static C:\Users\caven\Documents\TRAIN ELECTRIQUE\RESEAU_BARRAUX\DEVELOPPEMENT_BOARD_CAN\GITHUB\RAIL_DRIVER_FW_V1.3\main.c
              __string_94   0x00cc75    program     static C:\Users\caven\Documents\TRAIN ELECTRIQUE\RESEAU_BARRAUX\DEVELOPPEMENT_BOARD_CAN\GITHUB\RAIL_DRIVER_FW_V1.3\main.c
              __string_95   0x00cc5b    program     static C:\Users\caven\Documents\TRAIN ELECTRIQUE\RESEAU_BARRAUX\DEVELOPPEMENT_BOARD_CAN\GITHUB\RAIL_DRIVER_FW_V1.3\main.c
              __string_96   0x00cc41    program     static C:\Users\caven\Documents\TRAIN ELECTRIQUE\RESEAU_BARRAUX\DEVELOPPEMENT_BOARD_CAN\GITHUB\RAIL_DRIVER_FW_V1.3\main.c
              __string_97   0x00cc2e    program     static C:\Users\caven\Documents\TRAIN ELECTRIQUE\RESEAU_BARRAUX\DEVELOPPEMENT_BOARD_CAN\GITHUB\RAIL_DRIVER_FW_V1.3\main.c
              __string_98   0x00cc20    program     static C:\Users\caven\Documents\TRAIN ELECTRIQUE\RESEAU_BARRAUX\DEVELOPPEMENT_BOARD_CAN\GITHUB\RAIL_DRIVER_FW_V1.3\main.c
              __string_99   0x00cc1d    program     static C:\Users\caven\Documents\TRAIN ELECTRIQUE\RESEAU_BARRAUX\DEVELOPPEMENT_BOARD_CAN\GITHUB\RAIL_DRIVER_FW_V1.3\main.c
             __tmplbl_160   0x0052ec    program     static                          
             __tmplbl_161   0x0052ec    program     static                          
             __tmplbl_162   0x0052ec    program     static                          
             __tmplbl_163   0x0052ec    program     static                          
             __tmplbl_164   0x0052ec    program     static                          
             __tmplbl_165   0x0052ec    program     static                          
             __tmplbl_166   0x0052ec    program     static                          
             __tmplbl_167   0x0052ec    program     static                          
             __tmplbl_168   0x003e9c    program     static                          
             __tmplbl_169   0x0052ec    program     static                          
             __tmplbl_170   0x0052ec    program     static                          
             __tmplbl_171   0x0052ec    program     static                          
             __tmplbl_173   0x0052ec    program     static                          
             __tmplbl_174   0x0052ec    program     static                          
             __tmplbl_175   0x0052ec    program     static                          
             __tmplbl_176   0x0052ec    program     static                          
             __tmplbl_177   0x003da0    program     static                          
             __tmplbl_178   0x0052ec    program     static                          
             __tmplbl_179   0x0052ec    program     static                          
             __tmplbl_180   0x003d9a    program     static                          
             __tmplbl_181   0x0052ec    program     static                          
             __tmplbl_183   0x0052ec    program     static                          
             __tmplbl_184   0x0052ec    program     static                          
             __tmplbl_185   0x0052ec    program     static                          
             __tmplbl_187   0x0052ec    program     static                          
             __tmplbl_188   0x0052ec    program     static                          
             __tmplbl_189   0x0052ec    program     static                          
             __tmplbl_190   0x0052ec    program     static                          
             __tmplbl_191   0x0052ec    program     static                          
             __tmplbl_192   0x0052ec    program     static                          
             __tmplbl_193   0x0052ec    program     static                          
             __tmplbl_194   0x0052ec    program     static                          
             __tmplbl_195   0x0052ec    program     static                          
             __tmplbl_196   0x0052ec    program     static                          
             __tmplbl_197   0x0052ec    program     static                          
             __tmplbl_198   0x0052ec    program     static                          
             __tmplbl_199   0x0052ec    program     static                          
             __tmplbl_200   0x0052ec    program     static                          
             __tmplbl_201   0x0052ec    program     static                          
             __tmplbl_202   0x0052ec    program     static                          
             __tmplbl_203   0x0052ec    program     static                          
             __tmplbl_204   0x0052ec    program     static                          
             __tmplbl_206   0x0052ec    program     static                          
             __tmplbl_207   0x0052ec    program     static                          
             __tmplbl_208   0x0052ec    program     static                          
             __tmplbl_209   0x0052ec    program     static                          
             __tmplbl_210   0x0052ec    program     static                          
             __tmplbl_211   0x0052ec    program     static                          
             __tmplbl_212   0x0052ec    program     static                          
             __tmplbl_213   0x0052ec    program     static                          
             __tmplbl_214   0x0052ec    program     static                          
             __tmplbl_215   0x0052ec    program     static                          
             __tmplbl_216   0x0052ec    program     static                          
             __tmplbl_217   0x0052ec    program     static                          
             __tmplbl_218   0x0052ec    program     static                          
             __tmplbl_219   0x0052ec    program     static                          
             __tmplbl_220   0x0052ec    program     static                          
             __tmplbl_221   0x0052ec    program     static                          
             __tmplbl_222   0x0052ec    program     static                          
             __tmplbl_223   0x0052e8    program     static                          
             __tmplbl_224   0x0052ec    program     static                          
             __tmplbl_225   0x0052ec    program     static                          
             __tmplbl_226   0x0052ec    program     static                          
             __tmplbl_227   0x0052ec    program     static                          
             __tmplbl_228   0x0052ec    program     static                          
             __tmplbl_229   0x0052ec    program     static                          
             __tmplbl_230   0x0052ec    program     static                          
             __tmplbl_231   0x0052ec    program     static                          
             __tmplbl_232   0x0052ec    program     static                          
             __tmplbl_233   0x0052ec    program     static                          
             __tmplbl_234   0x0052ec    program     static                          
             __tmplbl_235   0x0052ec    program     static                          
             __tmplbl_236   0x0052ec    program     static                          
             __tmplbl_237   0x0052ec    program     static                          
             __tmplbl_239   0x0052ec    program     static                          
             __tmplbl_240   0x0052ec    program     static                          
             __tmplbl_241   0x0052ec    program     static                          
             __tmplbl_242   0x0052ec    program     static                          
             __tmplbl_243   0x0052ec    program     static                          
             __tmplbl_244   0x006072    program     static                          
             __tmplbl_253   0x008d48    program     static                          
             __tmplbl_254   0x008d48    program     static                          
             __tmplbl_257   0x008d48    program     static                          
             __tmplbl_258   0x008d48    program     static                          
             __tmplbl_260   0x008d48    program     static                          
             __tmplbl_261   0x008d48    program     static                          
             __tmplbl_268   0x008d48    program     static                          
             __tmplbl_269   0x008d48    program     static                          
             __tmplbl_270   0x008d48    program     static                          
             __tmplbl_271   0x008d48    program     static                          
             __tmplbl_272   0x008d48    program     static                          
             __tmplbl_273   0x008d48    program     static                          
             __tmplbl_275   0x008d30    program     static                          
             __tmplbl_277   0x008d48    program     static                          
             __tmplbl_278   0x008d48    program     static                          
             __tmplbl_279   0x008d48    program     static                          
             __tmplbl_289   0x008d48    program     static                          
             __tmplbl_290   0x008d48    program     static                          
             __tmplbl_291   0x008d48    program     static                          
             __tmplbl_293   0x008d48    program     static                          
             __tmplbl_294   0x008d48    program     static                          
             __tmplbl_295   0x008d48    program     static                          
             __tmplbl_297   0x008d48    program     static                          
             __tmplbl_298   0x008d48    program     static                          
             __tmplbl_299   0x008d48    program     static                          
             __tmplbl_300   0x008d48    program     static                          
             __tmplbl_301   0x008d48    program     static                          
             __tmplbl_302   0x008d48    program     static                          
             __tmplbl_304   0x008d48    program     static                          
             __tmplbl_305   0x008d48    program     static                          
             __tmplbl_306   0x008d48    program     static                          
             __tmplbl_307   0x008d2e    program     static                          
             __tmplbl_309   0x008d48    program     static                          
             __tmplbl_310   0x008d48    program     static                          
             __tmplbl_311   0x008d48    program     static                          
             __tmplbl_312   0x008d2e    program     static                          
             __tmplbl_314   0x008d48    program     static                          
             __tmplbl_315   0x008d48    program     static                          
             __tmplbl_316   0x008d48    program     static                          
             __tmplbl_317   0x008d2e    program     static                          
             __tmplbl_321   0x008d48    program     static                          
             __tmplbl_322   0x008d48    program     static                          
             __tmplbl_323   0x008d48    program     static                          
             __tmplbl_324   0x008d2e    program     static                          
             __tmplbl_326   0x008d48    program     static                          
             __tmplbl_334   0x008d48    program     static                          
             __tmplbl_335   0x008d48    program     static                          
             __tmplbl_336   0x008d48    program     static                          
             __tmplbl_337   0x008d48    program     static                          
             __tmplbl_338   0x008d48    program     static                          
             __tmplbl_339   0x008d48    program     static                          
             __tmplbl_340   0x008d2e    program     static                          
             __tmplbl_343   0x008d48    program     static                          
             __tmplbl_344   0x008d48    program     static                          
             __tmplbl_345   0x008d2e    program     static                          
             __tmplbl_346   0x008d48    program     static                          
             __tmplbl_347   0x008d48    program     static                          
             __tmplbl_348   0x008d2e    program     static                          
             __tmplbl_351   0x008d48    program     static                          
             __tmplbl_352   0x008d2e    program     static                          
             __tmplbl_371   0x00ae46    program     static                          
             __tmplbl_377   0x00ae42    program     static                          
              __tmplbl_42   0x00c2aa    program     static                          
              __tmplbl_43   0x00c0f2    program     static                          
              __tmplbl_44   0x00c0d8    program     static                          
              __tmplbl_85   0x00b82a    program     static                          
            __zero_memory   0x00d658    program     extern E:\3.46\pic18-lt\cxx-framework\src\traditional\proc\p18f4680.asm
                _do_cinit   0x00d396    program     extern E:\3.46\pic18-lt\cxx-framework\src\traditional\startup\c018i.c
                   _entry   0x000000    program     extern E:\3.46\pic18-lt\cxx-framework\src\traditional\startup\c018i.c
                   _false   0x00d602    program     static                          
                 _startup   0x00d678    program     extern E:\3.46\pic18-lt\cxx-framework\src\traditional\startup\c018i.c
              _usart_putc   0x00d694    program     extern E:\3.46\pic18-lt\cxx-framework\src\pmc_common\USART\_usartpc.asm
               _user_putc   0x00901c    program     extern C:\Users\caven\Documents\TRAIN ELECTRIQUE\RESEAU_BARRAUX\DEVELOPPEMENT_BOARD_CAN\GITHUB\RAIL_DRIVER_FW_V1.3\main.c
         assignAutomation   0x00608a    program     extern C:\Users\caven\Documents\TRAIN ELECTRIQUE\RESEAU_BARRAUX\DEVELOPPEMENT_BOARD_CAN\GITHUB\RAIL_DRIVER_FW_V1.3\main.c
              boardStatus   0x00085e    program     extern C:\Users\caven\Documents\TRAIN ELECTRIQUE\RESEAU_BARRAUX\DEVELOPPEMENT_BOARD_CAN\GITHUB\RAIL_DRIVER_FW_V1.3\main.c
              calibration   0x00b1b6    program     extern C:\Users\caven\Documents\TRAIN ELECTRIQUE\RESEAU_BARRAUX\DEVELOPPEMENT_BOARD_CAN\GITHUB\RAIL_DRIVER_FW_V1.3\main.c
                compare_l   0x00d66e    program     static E:\3.46\pic18-lt\cxx-framework\src\traditional\proc\p18f4680.asm
             compressData   0x00543e    program     extern C:\Users\caven\Documents\TRAIN ELECTRIQUE\RESEAU_BARRAUX\DEVELOPPEMENT_BOARD_CAN\GITHUB\RAIL_DRIVER_FW_V1.3\main.c
                copy_loop   0x00d408    program     static                          
            copy_one_byte   0x00d40e    program     static                          
                     done   0x00d432    program     static                          
             done_copying   0x00d41c    program     static                          
                  endloop   0x00d62e    program     static                          
                 flushOut   0x008fd4    program     extern C:\Users\caven\Documents\TRAIN ELECTRIQUE\RESEAU_BARRAUX\DEVELOPPEMENT_BOARD_CAN\GITHUB\RAIL_DRIVER_FW_V1.3\main.c
  getAutomationFromEEPROM   0x000b16    program     extern C:\Users\caven\Documents\TRAIN ELECTRIQUE\RESEAU_BARRAUX\DEVELOPPEMENT_BOARD_CAN\GITHUB\RAIL_DRIVER_FW_V1.3\main.c
         getEventFromKNOB   0x00b566    program     extern C:\Users\caven\Documents\TRAIN ELECTRIQUE\RESEAU_BARRAUX\DEVELOPPEMENT_BOARD_CAN\GITHUB\RAIL_DRIVER_FW_V1.3\main.c
  getEventRequestFromGPIO   0x00b364    program     extern C:\Users\caven\Documents\TRAIN ELECTRIQUE\RESEAU_BARRAUX\DEVELOPPEMENT_BOARD_CAN\GITHUB\RAIL_DRIVER_FW_V1.3\main.c
 getEventRequestFromTIMER   0x00b494    program     extern C:\Users\caven\Documents\TRAIN ELECTRIQUE\RESEAU_BARRAUX\DEVELOPPEMENT_BOARD_CAN\GITHUB\RAIL_DRIVER_FW_V1.3\main.c
 getEventRequestFromTrack   0x00b25c    program     extern C:\Users\caven\Documents\TRAIN ELECTRIQUE\RESEAU_BARRAUX\DEVELOPPEMENT_BOARD_CAN\GITHUB\RAIL_DRIVER_FW_V1.3\main.c
                 getIdent   0x001a66    program     extern C:\Users\caven\Documents\TRAIN ELECTRIQUE\RESEAU_BARRAUX\DEVELOPPEMENT_BOARD_CAN\GITHUB\RAIL_DRIVER_FW_V1.3\main.c
   getInputRequestFromCAN   0x00953c    program     extern C:\Users\caven\Documents\TRAIN ELECTRIQUE\RESEAU_BARRAUX\DEVELOPPEMENT_BOARD_CAN\GITHUB\RAIL_DRIVER_FW_V1.3\main.c
 getInputRequestFromUSART   0x008dd6    program     extern C:\Users\caven\Documents\TRAIN ELECTRIQUE\RESEAU_BARRAUX\DEVELOPPEMENT_BOARD_CAN\GITHUB\RAIL_DRIVER_FW_V1.3\main.c
                 getToken   0x00169e    program     extern C:\Users\caven\Documents\TRAIN ELECTRIQUE\RESEAU_BARRAUX\DEVELOPPEMENT_BOARD_CAN\GITHUB\RAIL_DRIVER_FW_V1.3\main.c
                 getValue   0x00188c    program     extern C:\Users\caven\Documents\TRAIN ELECTRIQUE\RESEAU_BARRAUX\DEVELOPPEMENT_BOARD_CAN\GITHUB\RAIL_DRIVER_FW_V1.3\main.c
                 high_isr   0x009e20    program     extern C:\Users\caven\Documents\TRAIN ELECTRIQUE\RESEAU_BARRAUX\DEVELOPPEMENT_BOARD_CAN\GITHUB\RAIL_DRIVER_FW_V1.3\main.c
                     init   0x00b180    program     extern C:\Users\caven\Documents\TRAIN ELECTRIQUE\RESEAU_BARRAUX\DEVELOPPEMENT_BOARD_CAN\GITHUB\RAIL_DRIVER_FW_V1.3\main.c
              initRequest   0x0055ec    program     extern C:\Users\caven\Documents\TRAIN ELECTRIQUE\RESEAU_BARRAUX\DEVELOPPEMENT_BOARD_CAN\GITHUB\RAIL_DRIVER_FW_V1.3\main.c
               initSignal   0x00aeb8    program     extern C:\Users\caven\Documents\TRAIN ELECTRIQUE\RESEAU_BARRAUX\DEVELOPPEMENT_BOARD_CAN\GITHUB\RAIL_DRIVER_FW_V1.3\main.c
                initUSART   0x008d60    program     extern C:\Users\caven\Documents\TRAIN ELECTRIQUE\RESEAU_BARRAUX\DEVELOPPEMENT_BOARD_CAN\GITHUB\RAIL_DRIVER_FW_V1.3\main.c
 interrupt_at_high_vector   0x000008    program     extern C:\Users\caven\Documents\TRAIN ELECTRIQUE\RESEAU_BARRAUX\DEVELOPPEMENT_BOARD_CAN\GITHUB\RAIL_DRIVER_FW_V1.3\main.c
                 isAdigit   0x000d8e    program     extern C:\Users\caven\Documents\TRAIN ELECTRIQUE\RESEAU_BARRAUX\DEVELOPPEMENT_BOARD_CAN\GITHUB\RAIL_DRIVER_FW_V1.3\main.c
             isAhexaDigit   0x000dc0    program     extern C:\Users\caven\Documents\TRAIN ELECTRIQUE\RESEAU_BARRAUX\DEVELOPPEMENT_BOARD_CAN\GITHUB\RAIL_DRIVER_FW_V1.3\main.c
                  isdigit   0x00d634    program     extern E:\3.46\pic18-lt\cxx-framework\src\traditional\stdclib\isdigit.asm
                     jEnd   0x00d2d6    program     static E:\3.46\pic18-lt\cxx-framework\src\traditional\stdclib\slenpgm.asm
                     jEnd   0x00d28a    program     static E:\3.46\pic18-lt\cxx-framework\src\traditional\stdclib\strncmp.asm
                     jEnd   0x00d248    program     static E:\3.46\pic18-lt\cxx-framework\src\traditional\stdclib\strlen.asm
                    jLoop   0x00d26a    program     static E:\3.46\pic18-lt\cxx-framework\src\traditional\stdclib\strncmp.asm
                    jLoop   0x00d2be    program     static E:\3.46\pic18-lt\cxx-framework\src\traditional\stdclib\slenpgm.asm
                    jLoop   0x00d23e    program     static E:\3.46\pic18-lt\cxx-framework\src\traditional\stdclib\strlen.asm
                   jMatch   0x00d654    program     static E:\3.46\pic18-lt\cxx-framework\src\traditional\stdclib\isdigit.asm
                 jNoMatch   0x00d656    program     static E:\3.46\pic18-lt\cxx-framework\src\traditional\stdclib\isdigit.asm
                     loop   0x00d612    program     static                          
                     loop   0x00d6a4    program     static E:\3.46\pic18-lt\cxx-framework\src\pmc_common\USART\_usartpc.asm
                     loop   0x00d5ce    program     static                          
                     loop   0x00d688    program     static                          
                   loop_h   0x00d666    program     static E:\3.46\pic18-lt\cxx-framework\src\traditional\proc\p18f4680.asm
                   loop_l   0x00d670    program     static E:\3.46\pic18-lt\cxx-framework\src\traditional\proc\p18f4680.asm
            low_interrupt   0x000018    program     extern C:\Users\caven\Documents\TRAIN ELECTRIQUE\RESEAU_BARRAUX\DEVELOPPEMENT_BOARD_CAN\GITHUB\RAIL_DRIVER_FW_V1.3\main.c
                  low_isr   0x009f5a    program     extern C:\Users\caven\Documents\TRAIN ELECTRIQUE\RESEAU_BARRAUX\DEVELOPPEMENT_BOARD_CAN\GITHUB\RAIL_DRIVER_FW_V1.3\main.c
                     main   0x00b606    program     extern C:\Users\caven\Documents\TRAIN ELECTRIQUE\RESEAU_BARRAUX\DEVELOPPEMENT_BOARD_CAN\GITHUB\RAIL_DRIVER_FW_V1.3\main.c
            manageRequest   0x00669c    program     extern C:\Users\caven\Documents\TRAIN ELECTRIQUE\RESEAU_BARRAUX\DEVELOPPEMENT_BOARD_CAN\GITHUB\RAIL_DRIVER_FW_V1.3\main.c
             memAvailable   0x000858    program     extern C:\Users\caven\Documents\TRAIN ELECTRIQUE\RESEAU_BARRAUX\DEVELOPPEMENT_BOARD_CAN\GITHUB\RAIL_DRIVER_FW_V1.3\main.c
                   parser   0x001c04    program     extern C:\Users\caven\Documents\TRAIN ELECTRIQUE\RESEAU_BARRAUX\DEVELOPPEMENT_BOARD_CAN\GITHUB\RAIL_DRIVER_FW_V1.3\main.c
                   printf   0x00d434    program     extern E:\3.46\pic18-lt\cxx-framework\src\traditional\stdclib\printf.c
                   prompt   0x008f12    program     extern C:\Users\caven\Documents\TRAIN ELECTRIQUE\RESEAU_BARRAUX\DEVELOPPEMENT_BOARD_CAN\GITHUB\RAIL_DRIVER_FW_V1.3\main.c
                     putc   0x00d4cc    program     extern E:\3.46\pic18-lt\cxx-framework\src\traditional\stdclib\putc.c
         removeAutomation   0x005626    program     extern C:\Users\caven\Documents\TRAIN ELECTRIQUE\RESEAU_BARRAUX\DEVELOPPEMENT_BOARD_CAN\GITHUB\RAIL_DRIVER_FW_V1.3\main.c
                 s_digits   0x00d6b0    program     static E:\3.46\pic18-lt\cxx-framework\src\traditional\stdclib\vfprintf.c
            s_put_n_chars   0x00b7d4    program     static E:\3.46\pic18-lt\cxx-framework\src\traditional\stdclib\vfprintf.c
           saveAutomation   0x0056b6    program     extern C:\Users\caven\Documents\TRAIN ELECTRIQUE\RESEAU_BARRAUX\DEVELOPPEMENT_BOARD_CAN\GITHUB\RAIL_DRIVER_FW_V1.3\main.c
         sendRequestToCAN   0x0092da    program     extern C:\Users\caven\Documents\TRAIN ELECTRIQUE\RESEAU_BARRAUX\DEVELOPPEMENT_BOARD_CAN\GITHUB\RAIL_DRIVER_FW_V1.3\main.c
                sendUSART   0x008db0    program     extern C:\Users\caven\Documents\TRAIN ELECTRIQUE\RESEAU_BARRAUX\DEVELOPPEMENT_BOARD_CAN\GITHUB\RAIL_DRIVER_FW_V1.3\main.c
          set7segmentPort   0x0099ba    program     extern C:\Users\caven\Documents\TRAIN ELECTRIQUE\RESEAU_BARRAUX\DEVELOPPEMENT_BOARD_CAN\GITHUB\RAIL_DRIVER_FW_V1.3\main.c
    setAutomationToEEPROM   0x000c8c    program     extern C:\Users\caven\Documents\TRAIN ELECTRIQUE\RESEAU_BARRAUX\DEVELOPPEMENT_BOARD_CAN\GITHUB\RAIL_DRIVER_FW_V1.3\main.c
                   setDcc   0x00981a    program     extern C:\Users\caven\Documents\TRAIN ELECTRIQUE\RESEAU_BARRAUX\DEVELOPPEMENT_BOARD_CAN\GITHUB\RAIL_DRIVER_FW_V1.3\main.c
                  setPort   0x009ce2    program     extern C:\Users\caven\Documents\TRAIN ELECTRIQUE\RESEAU_BARRAUX\DEVELOPPEMENT_BOARD_CAN\GITHUB\RAIL_DRIVER_FW_V1.3\main.c
                 setSpeed   0x006620    program     extern C:\Users\caven\Documents\TRAIN ELECTRIQUE\RESEAU_BARRAUX\DEVELOPPEMENT_BOARD_CAN\GITHUB\RAIL_DRIVER_FW_V1.3\main.c
                  sprintf   0x00d2ea    program     extern E:\3.46\pic18-lt\cxx-framework\src\traditional\stdclib\sprintf.c
                   strlen   0x00d22e    program     extern E:\3.46\pic18-lt\cxx-framework\src\traditional\stdclib\strlen.asm
                strlenpgm   0x00d2a0    program     extern E:\3.46\pic18-lt\cxx-framework\src\traditional\stdclib\slenpgm.asm
                  strncmp   0x00d24a    program     extern E:\3.46\pic18-lt\cxx-framework\src\traditional\stdclib\strncmp.asm
                   strtol   0x000e32    program     extern C:\Users\caven\Documents\TRAIN ELECTRIQUE\RESEAU_BARRAUX\DEVELOPPEMENT_BOARD_CAN\GITHUB\RAIL_DRIVER_FW_V1.3\main.c
                     test   0x00d3b0    program     static                          
              toUpperCase   0x000df2    program     extern C:\Users\caven\Documents\TRAIN ELECTRIQUE\RESEAU_BARRAUX\DEVELOPPEMENT_BOARD_CAN\GITHUB\RAIL_DRIVER_FW_V1.3\main.c
               traceError   0x0010dc    program     extern C:\Users\caven\Documents\TRAIN ELECTRIQUE\RESEAU_BARRAUX\DEVELOPPEMENT_BOARD_CAN\GITHUB\RAIL_DRIVER_FW_V1.3\main.c
              twoWire_ack   0x009a3c    program     extern C:\Users\caven\Documents\TRAIN ELECTRIQUE\RESEAU_BARRAUX\DEVELOPPEMENT_BOARD_CAN\GITHUB\RAIL_DRIVER_FW_V1.3\main.c
             twoWire_init   0x0099f2    program     extern C:\Users\caven\Documents\TRAIN ELECTRIQUE\RESEAU_BARRAUX\DEVELOPPEMENT_BOARD_CAN\GITHUB\RAIL_DRIVER_FW_V1.3\main.c
            twoWire_start   0x0099fe    program     extern C:\Users\caven\Documents\TRAIN ELECTRIQUE\RESEAU_BARRAUX\DEVELOPPEMENT_BOARD_CAN\GITHUB\RAIL_DRIVER_FW_V1.3\main.c
             twoWire_stop   0x009a18    program     extern C:\Users\caven\Documents\TRAIN ELECTRIQUE\RESEAU_BARRAUX\DEVELOPPEMENT_BOARD_CAN\GITHUB\RAIL_DRIVER_FW_V1.3\main.c
            twoWire_write   0x009a54    program     extern C:\Users\caven\Documents\TRAIN ELECTRIQUE\RESEAU_BARRAUX\DEVELOPPEMENT_BOARD_CAN\GITHUB\RAIL_DRIVER_FW_V1.3\main.c
           uncompressData   0x005304    program     extern C:\Users\caven\Documents\TRAIN ELECTRIQUE\RESEAU_BARRAUX\DEVELOPPEMENT_BOARD_CAN\GITHUB\RAIL_DRIVER_FW_V1.3\main.c
                 vfprintf   0x00b800    program     extern E:\3.46\pic18-lt\cxx-framework\src\traditional\stdclib\vfprintf.c
               zero_block   0x00d666    program     static E:\3.46\pic18-lt\cxx-framework\src\traditional\proc\p18f4680.asm
                   ADCON0   0x000fc2       data     extern E:\3.46\pic18-lt\cxx-framework\src\traditional\proc\p18f4680.asm
               ADCON0bits   0x000fc2       data     extern E:\3.46\pic18-lt\cxx-framework\src\traditional\proc\p18f4680.asm
                   ADCON1   0x000fc1       data     extern E:\3.46\pic18-lt\cxx-framework\src\traditional\proc\p18f4680.asm
               ADCON1bits   0x000fc1       data     extern E:\3.46\pic18-lt\cxx-framework\src\traditional\proc\p18f4680.asm
                   ADCON2   0x000fc0       data     extern E:\3.46\pic18-lt\cxx-framework\src\traditional\proc\p18f4680.asm
               ADCON2bits   0x000fc0       data     extern E:\3.46\pic18-lt\cxx-framework\src\traditional\proc\p18f4680.asm
                    ADRES   0x000fc3       data     extern E:\3.46\pic18-lt\cxx-framework\src\traditional\proc\p18f4680.asm
                   ADRESH   0x000fc4       data     extern E:\3.46\pic18-lt\cxx-framework\src\traditional\proc\p18f4680.asm
                   ADRESL   0x000fc3       data     extern E:\3.46\pic18-lt\cxx-framework\src\traditional\proc\p18f4680.asm
                    B0CON   0x000e20       data     extern E:\3.46\pic18-lt\cxx-framework\src\traditional\proc\p18f4680.asm
                B0CONbits   0x000e20       data     extern E:\3.46\pic18-lt\cxx-framework\src\traditional\proc\p18f4680.asm
                     B0D0   0x000e26       data     extern E:\3.46\pic18-lt\cxx-framework\src\traditional\proc\p18f4680.asm
                 B0D0bits   0x000e26       data     extern E:\3.46\pic18-lt\cxx-framework\src\traditional\proc\p18f4680.asm
                     B0D1   0x000e27       data     extern E:\3.46\pic18-lt\cxx-framework\src\traditional\proc\p18f4680.asm
                 B0D1bits   0x000e27       data     extern E:\3.46\pic18-lt\cxx-framework\src\traditional\proc\p18f4680.asm
                     B0D2   0x000e28       data     extern E:\3.46\pic18-lt\cxx-framework\src\traditional\proc\p18f4680.asm
                 B0D2bits   0x000e28       data     extern E:\3.46\pic18-lt\cxx-framework\src\traditional\proc\p18f4680.asm
                     B0D3   0x000e29       data     extern E:\3.46\pic18-lt\cxx-framework\src\traditional\proc\p18f4680.asm
                 B0D3bits   0x000e29       data     extern E:\3.46\pic18-lt\cxx-framework\src\traditional\proc\p18f4680.asm
                     B0D4   0x000e2a       data     extern E:\3.46\pic18-lt\cxx-framework\src\traditional\proc\p18f4680.asm
                 B0D4bits   0x000e2a       data     extern E:\3.46\pic18-lt\cxx-framework\src\traditional\proc\p18f4680.asm
                     B0D5   0x000e2b       data     extern E:\3.46\pic18-lt\cxx-framework\src\traditional\proc\p18f4680.asm
                 B0D5bits   0x000e2b       data     extern E:\3.46\pic18-lt\cxx-framework\src\traditional\proc\p18f4680.asm
                     B0D6   0x000e2c       data     extern E:\3.46\pic18-lt\cxx-framework\src\traditional\proc\p18f4680.asm
                 B0D6bits   0x000e2c       data     extern E:\3.46\pic18-lt\cxx-framework\src\traditional\proc\p18f4680.asm
                     B0D7   0x000e2d       data     extern E:\3.46\pic18-lt\cxx-framework\src\traditional\proc\p18f4680.asm
                 B0D7bits   0x000e2d       data     extern E:\3.46\pic18-lt\cxx-framework\src\traditional\proc\p18f4680.asm
                    B0DLC   0x000e25       data     extern E:\3.46\pic18-lt\cxx-framework\src\traditional\proc\p18f4680.asm
                B0DLCbits   0x000e25       data     extern E:\3.46\pic18-lt\cxx-framework\src\traditional\proc\p18f4680.asm
                   B0EIDH   0x000e23       data     extern E:\3.46\pic18-lt\cxx-framework\src\traditional\proc\p18f4680.asm
               B0EIDHbits   0x000e23       data     extern E:\3.46\pic18-lt\cxx-framework\src\traditional\proc\p18f4680.asm
                   B0EIDL   0x000e24       data     extern E:\3.46\pic18-lt\cxx-framework\src\traditional\proc\p18f4680.asm
               B0EIDLbits   0x000e24       data     extern E:\3.46\pic18-lt\cxx-framework\src\traditional\proc\p18f4680.asm
                   B0SIDH   0x000e21       data     extern E:\3.46\pic18-lt\cxx-framework\src\traditional\proc\p18f4680.asm
               B0SIDHbits   0x000e21       data     extern E:\3.46\pic18-lt\cxx-framework\src\traditional\proc\p18f4680.asm
                   B0SIDL   0x000e22       data     extern E:\3.46\pic18-lt\cxx-framework\src\traditional\proc\p18f4680.asm
               B0SIDLbits   0x000e22       data     extern E:\3.46\pic18-lt\cxx-framework\src\traditional\proc\p18f4680.asm
                    B1CON   0x000e30       data     extern E:\3.46\pic18-lt\cxx-framework\src\traditional\proc\p18f4680.asm
                B1CONbits   0x000e30       data     extern E:\3.46\pic18-lt\cxx-framework\src\traditional\proc\p18f4680.asm
                     B1D0   0x000e36       data     extern E:\3.46\pic18-lt\cxx-framework\src\traditional\proc\p18f4680.asm
                 B1D0bits   0x000e36       data     extern E:\3.46\pic18-lt\cxx-framework\src\traditional\proc\p18f4680.asm
                     B1D1   0x000e37       data     extern E:\3.46\pic18-lt\cxx-framework\src\traditional\proc\p18f4680.asm
                 B1D1bits   0x000e37       data     extern E:\3.46\pic18-lt\cxx-framework\src\traditional\proc\p18f4680.asm
                     B1D2   0x000e38       data     extern E:\3.46\pic18-lt\cxx-framework\src\traditional\proc\p18f4680.asm
                 B1D2bits   0x000e38       data     extern E:\3.46\pic18-lt\cxx-framework\src\traditional\proc\p18f4680.asm
                     B1D3   0x000e39       data     extern E:\3.46\pic18-lt\cxx-framework\src\traditional\proc\p18f4680.asm
                 B1D3bits   0x000e39       data     extern E:\3.46\pic18-lt\cxx-framework\src\traditional\proc\p18f4680.asm
                     B1D4   0x000e3a       data     extern E:\3.46\pic18-lt\cxx-framework\src\traditional\proc\p18f4680.asm
                 B1D4bits   0x000e3a       data     extern E:\3.46\pic18-lt\cxx-framework\src\traditional\proc\p18f4680.asm
                     B1D5   0x000e3b       data     extern E:\3.46\pic18-lt\cxx-framework\src\traditional\proc\p18f4680.asm
                 B1D5bits   0x000e3b       data     extern E:\3.46\pic18-lt\cxx-framework\src\traditional\proc\p18f4680.asm
                     B1D6   0x000e3c       data     extern E:\3.46\pic18-lt\cxx-framework\src\traditional\proc\p18f4680.asm
                 B1D6bits   0x000e3c       data     extern E:\3.46\pic18-lt\cxx-framework\src\traditional\proc\p18f4680.asm
                     B1D7   0x000e3d       data     extern E:\3.46\pic18-lt\cxx-framework\src\traditional\proc\p18f4680.asm
                 B1D7bits   0x000e3d       data     extern E:\3.46\pic18-lt\cxx-framework\src\traditional\proc\p18f4680.asm
                    B1DLC   0x000e35       data     extern E:\3.46\pic18-lt\cxx-framework\src\traditional\proc\p18f4680.asm
                B1DLCbits   0x000e35       data     extern E:\3.46\pic18-lt\cxx-framework\src\traditional\proc\p18f4680.asm
                   B1EIDH   0x000e33       data     extern E:\3.46\pic18-lt\cxx-framework\src\traditional\proc\p18f4680.asm
               B1EIDHbits   0x000e33       data     extern E:\3.46\pic18-lt\cxx-framework\src\traditional\proc\p18f4680.asm
                   B1EIDL   0x000e34       data     extern E:\3.46\pic18-lt\cxx-framework\src\traditional\proc\p18f4680.asm
               B1EIDLbits   0x000e34       data     extern E:\3.46\pic18-lt\cxx-framework\src\traditional\proc\p18f4680.asm
                   B1SIDH   0x000e31       data     extern E:\3.46\pic18-lt\cxx-framework\src\traditional\proc\p18f4680.asm
               B1SIDHbits   0x000e31       data     extern E:\3.46\pic18-lt\cxx-framework\src\traditional\proc\p18f4680.asm
                   B1SIDL   0x000e32       data     extern E:\3.46\pic18-lt\cxx-framework\src\traditional\proc\p18f4680.asm
               B1SIDLbits   0x000e32       data     extern E:\3.46\pic18-lt\cxx-framework\src\traditional\proc\p18f4680.asm
                    B2CON   0x000e40       data     extern E:\3.46\pic18-lt\cxx-framework\src\traditional\proc\p18f4680.asm
                B2CONbits   0x000e40       data     extern E:\3.46\pic18-lt\cxx-framework\src\traditional\proc\p18f4680.asm
                     B2D0   0x000e46       data     extern E:\3.46\pic18-lt\cxx-framework\src\traditional\proc\p18f4680.asm
                 B2D0bits   0x000e46       data     extern E:\3.46\pic18-lt\cxx-framework\src\traditional\proc\p18f4680.asm
                     B2D1   0x000e47       data     extern E:\3.46\pic18-lt\cxx-framework\src\traditional\proc\p18f4680.asm
                 B2D1bits   0x000e47       data     extern E:\3.46\pic18-lt\cxx-framework\src\traditional\proc\p18f4680.asm
                     B2D2   0x000e48       data     extern E:\3.46\pic18-lt\cxx-framework\src\traditional\proc\p18f4680.asm
                 B2D2bits   0x000e48       data     extern E:\3.46\pic18-lt\cxx-framework\src\traditional\proc\p18f4680.asm
                     B2D3   0x000e49       data     extern E:\3.46\pic18-lt\cxx-framework\src\traditional\proc\p18f4680.asm
                 B2D3bits   0x000e49       data     extern E:\3.46\pic18-lt\cxx-framework\src\traditional\proc\p18f4680.asm
                     B2D4   0x000e4a       data     extern E:\3.46\pic18-lt\cxx-framework\src\traditional\proc\p18f4680.asm
                 B2D4bits   0x000e4a       data     extern E:\3.46\pic18-lt\cxx-framework\src\traditional\proc\p18f4680.asm
                     B2D5   0x000e4b       data     extern E:\3.46\pic18-lt\cxx-framework\src\traditional\proc\p18f4680.asm
                 B2D5bits   0x000e4b       data     extern E:\3.46\pic18-lt\cxx-framework\src\traditional\proc\p18f4680.asm
                     B2D6   0x000e4c       data     extern E:\3.46\pic18-lt\cxx-framework\src\traditional\proc\p18f4680.asm
                 B2D6bits   0x000e4c       data     extern E:\3.46\pic18-lt\cxx-framework\src\traditional\proc\p18f4680.asm
                     B2D7   0x000e4d       data     extern E:\3.46\pic18-lt\cxx-framework\src\traditional\proc\p18f4680.asm
                 B2D7bits   0x000e4d       data     extern E:\3.46\pic18-lt\cxx-framework\src\traditional\proc\p18f4680.asm
                    B2DLC   0x000e45       data     extern E:\3.46\pic18-lt\cxx-framework\src\traditional\proc\p18f4680.asm
                B2DLCbits   0x000e45       data     extern E:\3.46\pic18-lt\cxx-framework\src\traditional\proc\p18f4680.asm
                   B2EIDH   0x000e43       data     extern E:\3.46\pic18-lt\cxx-framework\src\traditional\proc\p18f4680.asm
               B2EIDHbits   0x000e43       data     extern E:\3.46\pic18-lt\cxx-framework\src\traditional\proc\p18f4680.asm
                   B2EIDL   0x000e44       data     extern E:\3.46\pic18-lt\cxx-framework\src\traditional\proc\p18f4680.asm
               B2EIDLbits   0x000e44       data     extern E:\3.46\pic18-lt\cxx-framework\src\traditional\proc\p18f4680.asm
                   B2SIDH   0x000e41       data     extern E:\3.46\pic18-lt\cxx-framework\src\traditional\proc\p18f4680.asm
               B2SIDHbits   0x000e41       data     extern E:\3.46\pic18-lt\cxx-framework\src\traditional\proc\p18f4680.asm
                   B2SIDL   0x000e42       data     extern E:\3.46\pic18-lt\cxx-framework\src\traditional\proc\p18f4680.asm
               B2SIDLbits   0x000e42       data     extern E:\3.46\pic18-lt\cxx-framework\src\traditional\proc\p18f4680.asm
                    B3CON   0x000e50       data     extern E:\3.46\pic18-lt\cxx-framework\src\traditional\proc\p18f4680.asm
                B3CONbits   0x000e50       data     extern E:\3.46\pic18-lt\cxx-framework\src\traditional\proc\p18f4680.asm
                     B3D0   0x000e56       data     extern E:\3.46\pic18-lt\cxx-framework\src\traditional\proc\p18f4680.asm
                 B3D0bits   0x000e56       data     extern E:\3.46\pic18-lt\cxx-framework\src\traditional\proc\p18f4680.asm
                     B3D1   0x000e57       data     extern E:\3.46\pic18-lt\cxx-framework\src\traditional\proc\p18f4680.asm
                 B3D1bits   0x000e57       data     extern E:\3.46\pic18-lt\cxx-framework\src\traditional\proc\p18f4680.asm
                     B3D2   0x000e58       data     extern E:\3.46\pic18-lt\cxx-framework\src\traditional\proc\p18f4680.asm
                 B3D2bits   0x000e58       data     extern E:\3.46\pic18-lt\cxx-framework\src\traditional\proc\p18f4680.asm
                     B3D3   0x000e59       data     extern E:\3.46\pic18-lt\cxx-framework\src\traditional\proc\p18f4680.asm
                 B3D3bits   0x000e59       data     extern E:\3.46\pic18-lt\cxx-framework\src\traditional\proc\p18f4680.asm
                     B3D4   0x000e5a       data     extern E:\3.46\pic18-lt\cxx-framework\src\traditional\proc\p18f4680.asm
                 B3D4bits   0x000e5a       data     extern E:\3.46\pic18-lt\cxx-framework\src\traditional\proc\p18f4680.asm
                     B3D5   0x000e5b       data     extern E:\3.46\pic18-lt\cxx-framework\src\traditional\proc\p18f4680.asm
                 B3D5bits   0x000e5b       data     extern E:\3.46\pic18-lt\cxx-framework\src\traditional\proc\p18f4680.asm
                     B3D6   0x000e5c       data     extern E:\3.46\pic18-lt\cxx-framework\src\traditional\proc\p18f4680.asm
                 B3D6bits   0x000e5c       data     extern E:\3.46\pic18-lt\cxx-framework\src\traditional\proc\p18f4680.asm
                     B3D7   0x000e5d       data     extern E:\3.46\pic18-lt\cxx-framework\src\traditional\proc\p18f4680.asm
                 B3D7bits   0x000e5d       data     extern E:\3.46\pic18-lt\cxx-framework\src\traditional\proc\p18f4680.asm
                    B3DLC   0x000e55       data     extern E:\3.46\pic18-lt\cxx-framework\src\traditional\proc\p18f4680.asm
                B3DLCbits   0x000e55       data     extern E:\3.46\pic18-lt\cxx-framework\src\traditional\proc\p18f4680.asm
                   B3EIDH   0x000e53       data     extern E:\3.46\pic18-lt\cxx-framework\src\traditional\proc\p18f4680.asm
               B3EIDHbits   0x000e53       data     extern E:\3.46\pic18-lt\cxx-framework\src\traditional\proc\p18f4680.asm
                   B3EIDL   0x000e54       data     extern E:\3.46\pic18-lt\cxx-framework\src\traditional\proc\p18f4680.asm
               B3EIDLbits   0x000e54       data     extern E:\3.46\pic18-lt\cxx-framework\src\traditional\proc\p18f4680.asm
[...]
                    TRISD   0x000f95       data     extern E:\3.46\pic18-lt\cxx-framework\src\traditional\proc\p18f4680.asm
                TRISDbits   0x000f95       data     extern E:\3.46\pic18-lt\cxx-framework\src\traditional\proc\p18f4680.asm
                     DDRD   0x000f95       data     extern E:\3.46\pic18-lt\cxx-framework\src\traditional\proc\p18f4680.asm
                 DDRDbits   0x000f95       data     extern E:\3.46\pic18-lt\cxx-framework\src\traditional\proc\p18f4680.asm
                TRISEbits   0x000f96       data     extern E:\3.46\pic18-lt\cxx-framework\src\traditional\proc\p18f4680.asm
                    TRISE   0x000f96       data     extern E:\3.46\pic18-lt\cxx-framework\src\traditional\proc\p18f4680.asm
                 DDREbits   0x000f96       data     extern E:\3.46\pic18-lt\cxx-framework\src\traditional\proc\p18f4680.asm
                     DDRE   0x000f96       data     extern E:\3.46\pic18-lt\cxx-framework\src\traditional\proc\p18f4680.asm
                  OSCTUNE   0x000f9b       data     extern E:\3.46\pic18-lt\cxx-framework\src\traditional\proc\p18f4680.asm
              OSCTUNEbits   0x000f9b       data     extern E:\3.46\pic18-lt\cxx-framework\src\traditional\proc\p18f4680.asm
                     PIE1   0x000f9d       data     extern E:\3.46\pic18-lt\cxx-framework\src\traditional\proc\p18f4680.asm
                 PIE1bits   0x000f9d       data     extern E:\3.46\pic18-lt\cxx-framework\src\traditional\proc\p18f4680.asm
                     PIR1   0x000f9e       data     extern E:\3.46\pic18-lt\cxx-framework\src\traditional\proc\p18f4680.asm
                 PIR1bits   0x000f9e       data     extern E:\3.46\pic18-lt\cxx-framework\src\traditional\proc\p18f4680.asm
                     IPR1   0x000f9f       data     extern E:\3.46\pic18-lt\cxx-framework\src\traditional\proc\p18f4680.asm
                 IPR1bits   0x000f9f       data     extern E:\3.46\pic18-lt\cxx-framework\src\traditional\proc\p18f4680.asm
                 PIE2bits   0x000fa0       data     extern E:\3.46\pic18-lt\cxx-framework\src\traditional\proc\p18f4680.asm
                     PIE2   0x000fa0       data     extern E:\3.46\pic18-lt\cxx-framework\src\traditional\proc\p18f4680.asm
                     PIR2   0x000fa1       data     extern E:\3.46\pic18-lt\cxx-framework\src\traditional\proc\p18f4680.asm
                 PIR2bits   0x000fa1       data     extern E:\3.46\pic18-lt\cxx-framework\src\traditional\proc\p18f4680.asm
                     IPR2   0x000fa2       data     extern E:\3.46\pic18-lt\cxx-framework\src\traditional\proc\p18f4680.asm
                 IPR2bits   0x000fa2       data     extern E:\3.46\pic18-lt\cxx-framework\src\traditional\proc\p18f4680.asm
                 PIE3bits   0x000fa3       data     extern E:\3.46\pic18-lt\cxx-framework\src\traditional\proc\p18f4680.asm
                     PIE3   0x000fa3       data     extern E:\3.46\pic18-lt\cxx-framework\src\traditional\proc\p18f4680.asm
                     PIR3   0x000fa4       data     extern E:\3.46\pic18-lt\cxx-framework\src\traditional\proc\p18f4680.asm
                 PIR3bits   0x000fa4       data     extern E:\3.46\pic18-lt\cxx-framework\src\traditional\proc\p18f4680.asm
                     IPR3   0x000fa5       data     extern E:\3.46\pic18-lt\cxx-framework\src\traditional\proc\p18f4680.asm
                 IPR3bits   0x000fa5       data     extern E:\3.46\pic18-lt\cxx-framework\src\traditional\proc\p18f4680.asm
                   EECON1   0x000fa6       data     extern E:\3.46\pic18-lt\cxx-framework\src\traditional\proc\p18f4680.asm
               EECON1bits   0x000fa6       data     extern E:\3.46\pic18-lt\cxx-framework\src\traditional\proc\p18f4680.asm
                   EECON2   0x000fa7       data     extern E:\3.46\pic18-lt\cxx-framework\src\traditional\proc\p18f4680.asm
                   EEDATA   0x000fa8       data     extern E:\3.46\pic18-lt\cxx-framework\src\traditional\proc\p18f4680.asm
                    EEADR   0x000fa9       data     extern E:\3.46\pic18-lt\cxx-framework\src\traditional\proc\p18f4680.asm
                   EEADRH   0x000faa       data     extern E:\3.46\pic18-lt\cxx-framework\src\traditional\proc\p18f4680.asm
                    RCSTA   0x000fab       data     extern E:\3.46\pic18-lt\cxx-framework\src\traditional\proc\p18f4680.asm
                RCSTAbits   0x000fab       data     extern E:\3.46\pic18-lt\cxx-framework\src\traditional\proc\p18f4680.asm
                TXSTAbits   0x000fac       data     extern E:\3.46\pic18-lt\cxx-framework\src\traditional\proc\p18f4680.asm
                    TXSTA   0x000fac       data     extern E:\3.46\pic18-lt\cxx-framework\src\traditional\proc\p18f4680.asm
                    TXREG   0x000fad       data     extern E:\3.46\pic18-lt\cxx-framework\src\traditional\proc\p18f4680.asm
                    RCREG   0x000fae       data     extern E:\3.46\pic18-lt\cxx-framework\src\traditional\proc\p18f4680.asm
                    SPBRG   0x000faf       data     extern E:\3.46\pic18-lt\cxx-framework\src\traditional\proc\p18f4680.asm
                   SPBRGH   0x000fb0       data     extern E:\3.46\pic18-lt\cxx-framework\src\traditional\proc\p18f4680.asm
                T3CONbits   0x000fb1       data     extern E:\3.46\pic18-lt\cxx-framework\src\traditional\proc\p18f4680.asm
                    T3CON   0x000fb1       data     extern E:\3.46\pic18-lt\cxx-framework\src\traditional\proc\p18f4680.asm
                    TMR3L   0x000fb2       data     extern E:\3.46\pic18-lt\cxx-framework\src\traditional\proc\p18f4680.asm
                    TMR3H   0x000fb3       data     extern E:\3.46\pic18-lt\cxx-framework\src\traditional\proc\p18f4680.asm
                CMCONbits   0x000fb4       data     extern E:\3.46\pic18-lt\cxx-framework\src\traditional\proc\p18f4680.asm
                    CMCON   0x000fb4       data     extern E:\3.46\pic18-lt\cxx-framework\src\traditional\proc\p18f4680.asm
                   CVRCON   0x000fb5       data     extern E:\3.46\pic18-lt\cxx-framework\src\traditional\proc\p18f4680.asm
               CVRCONbits   0x000fb5       data     extern E:\3.46\pic18-lt\cxx-framework\src\traditional\proc\p18f4680.asm
              ECCP1ASbits   0x000fb6       data     extern E:\3.46\pic18-lt\cxx-framework\src\traditional\proc\p18f4680.asm
                  ECCP1AS   0x000fb6       data     extern E:\3.46\pic18-lt\cxx-framework\src\traditional\proc\p18f4680.asm
                 ECCP1DEL   0x000fb7       data     extern E:\3.46\pic18-lt\cxx-framework\src\traditional\proc\p18f4680.asm
             ECCP1DELbits   0x000fb7       data     extern E:\3.46\pic18-lt\cxx-framework\src\traditional\proc\p18f4680.asm
                  BAUDCON   0x000fb8       data     extern E:\3.46\pic18-lt\cxx-framework\src\traditional\proc\p18f4680.asm
              BAUDCONbits   0x000fb8       data     extern E:\3.46\pic18-lt\cxx-framework\src\traditional\proc\p18f4680.asm
                  BAUDCTL   0x000fb8       data     extern E:\3.46\pic18-lt\cxx-framework\src\traditional\proc\p18f4680.asm
              BAUDCTLbits   0x000fb8       data     extern E:\3.46\pic18-lt\cxx-framework\src\traditional\proc\p18f4680.asm
                 ECCP1CON   0x000fba       data     extern E:\3.46\pic18-lt\cxx-framework\src\traditional\proc\p18f4680.asm
             ECCP1CONbits   0x000fba       data     extern E:\3.46\pic18-lt\cxx-framework\src\traditional\proc\p18f4680.asm
                   ECCPR1   0x000fbb       data     extern E:\3.46\pic18-lt\cxx-framework\src\traditional\proc\p18f4680.asm
                  ECCPR1L   0x000fbb       data     extern E:\3.46\pic18-lt\cxx-framework\src\traditional\proc\p18f4680.asm
                  ECCPR1H   0x000fbc       data     extern E:\3.46\pic18-lt\cxx-framework\src\traditional\proc\p18f4680.asm
                  CCP1CON   0x000fbd       data     extern E:\3.46\pic18-lt\cxx-framework\src\traditional\proc\p18f4680.asm
              CCP1CONbits   0x000fbd       data     extern E:\3.46\pic18-lt\cxx-framework\src\traditional\proc\p18f4680.asm
                   CCPR1L   0x000fbe       data     extern E:\3.46\pic18-lt\cxx-framework\src\traditional\proc\p18f4680.asm
                    CCPR1   0x000fbe       data     extern E:\3.46\pic18-lt\cxx-framework\src\traditional\proc\p18f4680.asm
                   CCPR1H   0x000fbf       data     extern E:\3.46\pic18-lt\cxx-framework\src\traditional\proc\p18f4680.asm
               ADCON2bits   0x000fc0       data     extern E:\3.46\pic18-lt\cxx-framework\src\traditional\proc\p18f4680.asm
                   ADCON2   0x000fc0       data     extern E:\3.46\pic18-lt\cxx-framework\src\traditional\proc\p18f4680.asm
               ADCON1bits   0x000fc1       data     extern E:\3.46\pic18-lt\cxx-framework\src\traditional\proc\p18f4680.asm
                   ADCON1   0x000fc1       data     extern E:\3.46\pic18-lt\cxx-framework\src\traditional\proc\p18f4680.asm
               ADCON0bits   0x000fc2       data     extern E:\3.46\pic18-lt\cxx-framework\src\traditional\proc\p18f4680.asm
                   ADCON0   0x000fc2       data     extern E:\3.46\pic18-lt\cxx-framework\src\traditional\proc\p18f4680.asm
                    ADRES   0x000fc3       data     extern E:\3.46\pic18-lt\cxx-framework\src\traditional\proc\p18f4680.asm
                   ADRESL   0x000fc3       data     extern E:\3.46\pic18-lt\cxx-framework\src\traditional\proc\p18f4680.asm
                   ADRESH   0x000fc4       data     extern E:\3.46\pic18-lt\cxx-framework\src\traditional\proc\p18f4680.asm
              SSPCON2bits   0x000fc5       data     extern E:\3.46\pic18-lt\cxx-framework\src\traditional\proc\p18f4680.asm
                  SSPCON2   0x000fc5       data     extern E:\3.46\pic18-lt\cxx-framework\src\traditional\proc\p18f4680.asm
              SSPCON1bits   0x000fc6       data     extern E:\3.46\pic18-lt\cxx-framework\src\traditional\proc\p18f4680.asm
                  SSPCON1   0x000fc6       data     extern E:\3.46\pic18-lt\cxx-framework\src\traditional\proc\p18f4680.asm
                  SSPSTAT   0x000fc7       data     extern E:\3.46\pic18-lt\cxx-framework\src\traditional\proc\p18f4680.asm
              SSPSTATbits   0x000fc7       data     extern E:\3.46\pic18-lt\cxx-framework\src\traditional\proc\p18f4680.asm
                   SSPADD   0x000fc8       data     extern E:\3.46\pic18-lt\cxx-framework\src\traditional\proc\p18f4680.asm
                   SSPBUF   0x000fc9       data     extern E:\3.46\pic18-lt\cxx-framework\src\traditional\proc\p18f4680.asm
                T2CONbits   0x000fca       data     extern E:\3.46\pic18-lt\cxx-framework\src\traditional\proc\p18f4680.asm
                    T2CON   0x000fca       data     extern E:\3.46\pic18-lt\cxx-framework\src\traditional\proc\p18f4680.asm
                      PR2   0x000fcb       data     extern E:\3.46\pic18-lt\cxx-framework\src\traditional\proc\p18f4680.asm
                     TMR2   0x000fcc       data     extern E:\3.46\pic18-lt\cxx-framework\src\traditional\proc\p18f4680.asm
                    T1CON   0x000fcd       data     extern E:\3.46\pic18-lt\cxx-framework\src\traditional\proc\p18f4680.asm
                T1CONbits   0x000fcd       data     extern E:\3.46\pic18-lt\cxx-framework\src\traditional\proc\p18f4680.asm
                    TMR1L   0x000fce       data     extern E:\3.46\pic18-lt\cxx-framework\src\traditional\proc\p18f4680.asm
                    TMR1H   0x000fcf       data     extern E:\3.46\pic18-lt\cxx-framework\src\traditional\proc\p18f4680.asm
                 RCONbits   0x000fd0       data     extern E:\3.46\pic18-lt\cxx-framework\src\traditional\proc\p18f4680.asm
                     RCON   0x000fd0       data     extern E:\3.46\pic18-lt\cxx-framework\src\traditional\proc\p18f4680.asm
                   WDTCON   0x000fd1       data     extern E:\3.46\pic18-lt\cxx-framework\src\traditional\proc\p18f4680.asm
               WDTCONbits   0x000fd1       data     extern E:\3.46\pic18-lt\cxx-framework\src\traditional\proc\p18f4680.asm
                   LVDCON   0x000fd2       data     extern E:\3.46\pic18-lt\cxx-framework\src\traditional\proc\p18f4680.asm
               LVDCONbits   0x000fd2       data     extern E:\3.46\pic18-lt\cxx-framework\src\traditional\proc\p18f4680.asm
                  HLVDCON   0x000fd2       data     extern E:\3.46\pic18-lt\cxx-framework\src\traditional\proc\p18f4680.asm
              HLVDCONbits   0x000fd2       data     extern E:\3.46\pic18-lt\cxx-framework\src\traditional\proc\p18f4680.asm
               OSCCONbits   0x000fd3       data     extern E:\3.46\pic18-lt\cxx-framework\src\traditional\proc\p18f4680.asm
                   OSCCON   0x000fd3       data     extern E:\3.46\pic18-lt\cxx-framework\src\traditional\proc\p18f4680.asm
                    T0CON   0x000fd5       data     extern E:\3.46\pic18-lt\cxx-framework\src\traditional\proc\p18f4680.asm
                T0CONbits   0x000fd5       data     extern E:\3.46\pic18-lt\cxx-framework\src\traditional\proc\p18f4680.asm
                    TMR0L   0x000fd6       data     extern E:\3.46\pic18-lt\cxx-framework\src\traditional\proc\p18f4680.asm
                    TMR0H   0x000fd7       data     extern E:\3.46\pic18-lt\cxx-framework\src\traditional\proc\p18f4680.asm
               STATUSbits   0x000fd8       data     extern E:\3.46\pic18-lt\cxx-framework\src\traditional\proc\p18f4680.asm
                   STATUS   0x000fd8       data     extern E:\3.46\pic18-lt\cxx-framework\src\traditional\proc\p18f4680.asm
                     FSR2   0x000fd9       data     extern E:\3.46\pic18-lt\cxx-framework\src\traditional\proc\p18f4680.asm
                    FSR2L   0x000fd9       data     extern E:\3.46\pic18-lt\cxx-framework\src\traditional\proc\p18f4680.asm
                    FSR2H   0x000fda       data     extern E:\3.46\pic18-lt\cxx-framework\src\traditional\proc\p18f4680.asm
                   PLUSW2   0x000fdb       data     extern E:\3.46\pic18-lt\cxx-framework\src\traditional\proc\p18f4680.asm
                  PREINC2   0x000fdc       data     extern E:\3.46\pic18-lt\cxx-framework\src\traditional\proc\p18f4680.asm
                 POSTDEC2   0x000fdd       data     extern E:\3.46\pic18-lt\cxx-framework\src\traditional\proc\p18f4680.asm
                 POSTINC2   0x000fde       data     extern E:\3.46\pic18-lt\cxx-framework\src\traditional\proc\p18f4680.asm
                    INDF2   0x000fdf       data     extern E:\3.46\pic18-lt\cxx-framework\src\traditional\proc\p18f4680.asm
                      BSR   0x000fe0       data     extern E:\3.46\pic18-lt\cxx-framework\src\traditional\proc\p18f4680.asm
                    FSR1L   0x000fe1       data     extern E:\3.46\pic18-lt\cxx-framework\src\traditional\proc\p18f4680.asm
                     FSR1   0x000fe1       data     extern E:\3.46\pic18-lt\cxx-framework\src\traditional\proc\p18f4680.asm
                    FSR1H   0x000fe2       data     extern E:\3.46\pic18-lt\cxx-framework\src\traditional\proc\p18f4680.asm
                   PLUSW1   0x000fe3       data     extern E:\3.46\pic18-lt\cxx-framework\src\traditional\proc\p18f4680.asm
                  PREINC1   0x000fe4       data     extern E:\3.46\pic18-lt\cxx-framework\src\traditional\proc\p18f4680.asm
                 POSTDEC1   0x000fe5       data     extern E:\3.46\pic18-lt\cxx-framework\src\traditional\proc\p18f4680.asm
                 POSTINC1   0x000fe6       data     extern E:\3.46\pic18-lt\cxx-framework\src\traditional\proc\p18f4680.asm
                    INDF1   0x000fe7       data     extern E:\3.46\pic18-lt\cxx-framework\src\traditional\proc\p18f4680.asm
                     WREG   0x000fe8       data     extern E:\3.46\pic18-lt\cxx-framework\src\traditional\proc\p18f4680.asm
                     FSR0   0x000fe9       data     extern E:\3.46\pic18-lt\cxx-framework\src\traditional\proc\p18f4680.asm
                    FSR0L   0x000fe9       data     extern E:\3.46\pic18-lt\cxx-framework\src\traditional\proc\p18f4680.asm
                    FSR0H   0x000fea       data     extern E:\3.46\pic18-lt\cxx-framework\src\traditional\proc\p18f4680.asm
                   PLUSW0   0x000feb       data     extern E:\3.46\pic18-lt\cxx-framework\src\traditional\proc\p18f4680.asm
                  PREINC0   0x000fec       data     extern E:\3.46\pic18-lt\cxx-framework\src\traditional\proc\p18f4680.asm
                 POSTDEC0   0x000fed       data     extern E:\3.46\pic18-lt\cxx-framework\src\traditional\proc\p18f4680.asm
                 POSTINC0   0x000fee       data     extern E:\3.46\pic18-lt\cxx-framework\src\traditional\proc\p18f4680.asm
                    INDF0   0x000fef       data     extern E:\3.46\pic18-lt\cxx-framework\src\traditional\proc\p18f4680.asm
                  INTCON3   0x000ff0       data     extern E:\3.46\pic18-lt\cxx-framework\src\traditional\proc\p18f4680.asm
              INTCON3bits   0x000ff0       data     extern E:\3.46\pic18-lt\cxx-framework\src\traditional\proc\p18f4680.asm
                  INTCON2   0x000ff1       data     extern E:\3.46\pic18-lt\cxx-framework\src\traditional\proc\p18f4680.asm
              INTCON2bits   0x000ff1       data     extern E:\3.46\pic18-lt\cxx-framework\src\traditional\proc\p18f4680.asm
               INTCONbits   0x000ff2       data     extern E:\3.46\pic18-lt\cxx-framework\src\traditional\proc\p18f4680.asm
                   INTCON   0x000ff2       data     extern E:\3.46\pic18-lt\cxx-framework\src\traditional\proc\p18f4680.asm
                    PRODL   0x000ff3       data     extern E:\3.46\pic18-lt\cxx-framework\src\traditional\proc\p18f4680.asm
                     PROD   0x000ff3       data     extern E:\3.46\pic18-lt\cxx-framework\src\traditional\proc\p18f4680.asm
                    PRODH   0x000ff4       data     extern E:\3.46\pic18-lt\cxx-framework\src\traditional\proc\p18f4680.asm
                   TABLAT   0x000ff5       data     extern E:\3.46\pic18-lt\cxx-framework\src\traditional\proc\p18f4680.asm
                  TBLPTRL   0x000ff6       data     extern E:\3.46\pic18-lt\cxx-framework\src\traditional\proc\p18f4680.asm
                   TBLPTR   0x000ff6       data     extern E:\3.46\pic18-lt\cxx-framework\src\traditional\proc\p18f4680.asm
                  TBLPTRH   0x000ff7       data     extern E:\3.46\pic18-lt\cxx-framework\src\traditional\proc\p18f4680.asm
                  TBLPTRU   0x000ff8       data     extern E:\3.46\pic18-lt\cxx-framework\src\traditional\proc\p18f4680.asm
                      PCL   0x000ff9       data     extern E:\3.46\pic18-lt\cxx-framework\src\traditional\proc\p18f4680.asm
                       PC   0x000ff9       data     extern E:\3.46\pic18-lt\cxx-framework\src\traditional\proc\p18f4680.asm
                   PCLATH   0x000ffa       data     extern E:\3.46\pic18-lt\cxx-framework\src\traditional\proc\p18f4680.asm
                   PCLATU   0x000ffb       data     extern E:\3.46\pic18-lt\cxx-framework\src\traditional\proc\p18f4680.asm
               STKPTRbits   0x000ffc       data     extern E:\3.46\pic18-lt\cxx-framework\src\traditional\proc\p18f4680.asm
                   STKPTR   0x000ffc       data     extern E:\3.46\pic18-lt\cxx-framework\src\traditional\proc\p18f4680.asm
                      TOS   0x000ffd       data     extern E:\3.46\pic18-lt\cxx-framework\src\traditional\proc\p18f4680.asm
                     TOSL   0x000ffd       data     extern E:\3.46\pic18-lt\cxx-framework\src\traditional\proc\p18f4680.asm
                     TOSH   0x000ffe       data     extern E:\3.46\pic18-lt\cxx-framework\src\traditional\proc\p18f4680.asm
                     TOSU   0x000fff       data     extern E:\3.46\pic18-lt\cxx-framework\src\traditional\proc\p18f4680.asm


